Archive member included to satisfy reference by file (symbol)

c:/program files (x86)/atollic/truestudio for stm32 9.3.0/armtools/bin/../lib/gcc/arm-atollic-eabi/6.3.1/../../../../arm-atollic-eabi/lib/armv7e-m/fpu/fpv5-d16\libc_nano.a(lib_a-impure.o)
                              Application\User\DMC\dmc_print.o (_impure_ptr)
c:/program files (x86)/atollic/truestudio for stm32 9.3.0/armtools/bin/../lib/gcc/arm-atollic-eabi/6.3.1/../../../../arm-atollic-eabi/lib/armv7e-m/fpu/fpv5-d16\libc_nano.a(lib_a-init.o)
                              Application\TrueSTUDIO\startup_stm32h753xx.o (__libc_init_array)
c:/program files (x86)/atollic/truestudio for stm32 9.3.0/armtools/bin/../lib/gcc/arm-atollic-eabi/6.3.1/../../../../arm-atollic-eabi/lib/armv7e-m/fpu/fpv5-d16\libc_nano.a(lib_a-malloc.o)
                              Middlewares\USB_Host_Library\usbh_audio.o (malloc)
c:/program files (x86)/atollic/truestudio for stm32 9.3.0/armtools/bin/../lib/gcc/arm-atollic-eabi/6.3.1/../../../../arm-atollic-eabi/lib/armv7e-m/fpu/fpv5-d16\libc_nano.a(lib_a-memcmp.o)
                              Application\User\DMC\dmc_rtc_mcp79412.o (memcmp)
c:/program files (x86)/atollic/truestudio for stm32 9.3.0/armtools/bin/../lib/gcc/arm-atollic-eabi/6.3.1/../../../../arm-atollic-eabi/lib/armv7e-m/fpu/fpv5-d16\libc_nano.a(lib_a-memcpy-stub.o)
                              Application\User\DMC\dmc_rtc_mcp79412.o (memcpy)
c:/program files (x86)/atollic/truestudio for stm32 9.3.0/armtools/bin/../lib/gcc/arm-atollic-eabi/6.3.1/../../../../arm-atollic-eabi/lib/armv7e-m/fpu/fpv5-d16\libc_nano.a(lib_a-memset.o)
                              Application\User\DMC\dmc_tcpbase.o (memset)
c:/program files (x86)/atollic/truestudio for stm32 9.3.0/armtools/bin/../lib/gcc/arm-atollic-eabi/6.3.1/../../../../arm-atollic-eabi/lib/armv7e-m/fpu/fpv5-d16\libc_nano.a(lib_a-mktime.o)
                              Application\User\DMC\dmc_rtc.o (mktime)
c:/program files (x86)/atollic/truestudio for stm32 9.3.0/armtools/bin/../lib/gcc/arm-atollic-eabi/6.3.1/../../../../arm-atollic-eabi/lib/armv7e-m/fpu/fpv5-d16\libc_nano.a(lib_a-nano-freer.o)
                              c:/program files (x86)/atollic/truestudio for stm32 9.3.0/armtools/bin/../lib/gcc/arm-atollic-eabi/6.3.1/../../../../arm-atollic-eabi/lib/armv7e-m/fpu/fpv5-d16\libc_nano.a(lib_a-malloc.o) (_free_r)
c:/program files (x86)/atollic/truestudio for stm32 9.3.0/armtools/bin/../lib/gcc/arm-atollic-eabi/6.3.1/../../../../arm-atollic-eabi/lib/armv7e-m/fpu/fpv5-d16\libc_nano.a(lib_a-nano-mallocr.o)
                              c:/program files (x86)/atollic/truestudio for stm32 9.3.0/armtools/bin/../lib/gcc/arm-atollic-eabi/6.3.1/../../../../arm-atollic-eabi/lib/armv7e-m/fpu/fpv5-d16\libc_nano.a(lib_a-malloc.o) (_malloc_r)
c:/program files (x86)/atollic/truestudio for stm32 9.3.0/armtools/bin/../lib/gcc/arm-atollic-eabi/6.3.1/../../../../arm-atollic-eabi/lib/armv7e-m/fpu/fpv5-d16\libc_nano.a(lib_a-printf.o)
                              Application\User\DMC\dmc_fat.o (printf)
c:/program files (x86)/atollic/truestudio for stm32 9.3.0/armtools/bin/../lib/gcc/arm-atollic-eabi/6.3.1/../../../../arm-atollic-eabi/lib/armv7e-m/fpu/fpv5-d16\libc_nano.a(lib_a-puts.o)
                              Application\User\DMC\dmc_fat.o (puts)
c:/program files (x86)/atollic/truestudio for stm32 9.3.0/armtools/bin/../lib/gcc/arm-atollic-eabi/6.3.1/../../../../arm-atollic-eabi/lib/armv7e-m/fpu/fpv5-d16\libc_nano.a(lib_a-reent.o)
                              Application\TrueSTUDIO\syscalls.o (errno)
c:/program files (x86)/atollic/truestudio for stm32 9.3.0/armtools/bin/../lib/gcc/arm-atollic-eabi/6.3.1/../../../../arm-atollic-eabi/lib/armv7e-m/fpu/fpv5-d16\libc_nano.a(lib_a-sbrkr.o)
                              c:/program files (x86)/atollic/truestudio for stm32 9.3.0/armtools/bin/../lib/gcc/arm-atollic-eabi/6.3.1/../../../../arm-atollic-eabi/lib/armv7e-m/fpu/fpv5-d16\libc_nano.a(lib_a-nano-mallocr.o) (_sbrk_r)
c:/program files (x86)/atollic/truestudio for stm32 9.3.0/armtools/bin/../lib/gcc/arm-atollic-eabi/6.3.1/../../../../arm-atollic-eabi/lib/armv7e-m/fpu/fpv5-d16\libc_nano.a(lib_a-setvbuf.o)
                              Application\User\DMC\dmc_print.o (setvbuf)
c:/program files (x86)/atollic/truestudio for stm32 9.3.0/armtools/bin/../lib/gcc/arm-atollic-eabi/6.3.1/../../../../arm-atollic-eabi/lib/armv7e-m/fpu/fpv5-d16\libc_nano.a(lib_a-strcat.o)
                              Application\User\DMC\dmc_rtc.o (strcat)
c:/program files (x86)/atollic/truestudio for stm32 9.3.0/armtools/bin/../lib/gcc/arm-atollic-eabi/6.3.1/../../../../arm-atollic-eabi/lib/armv7e-m/fpu/fpv5-d16\libc_nano.a(lib_a-strcpy.o)
                              Application\User\DMC\dmc_convert.o (strcpy)
c:/program files (x86)/atollic/truestudio for stm32 9.3.0/armtools/bin/../lib/gcc/arm-atollic-eabi/6.3.1/../../../../arm-atollic-eabi/lib/armv7e-m/fpu/fpv5-d16\libc_nano.a(lib_a-strlen.o)
[...]
Memory Configuration

Name             Origin             Length             Attributes
DTCMRAM          0x20000000         0x00020000         xrw
RAM_D1           0x24000000         0x00080000         xrw
RAM_D2           0x30000000         0x00048000         xrw
RAM_D3           0x38000000         0x00010000         xrw
ITCMRAM          0x00000000         0x00010000         xrw
FLASH            0x08000000         0x00200000         xr
*default*        0x00000000         0xffffffff

Linker script and memory map

LOAD c:/program files (x86)/atollic/truestudio for stm32 9.3.0/armtools/bin/../lib/gcc/arm-atollic-eabi/6.3.1/armv7e-m/fpu/fpv5-d16/crti.o
LOAD c:/program files (x86)/atollic/truestudio for stm32 9.3.0/armtools/bin/../lib/gcc/arm-atollic-eabi/6.3.1/armv7e-m/fpu/fpv5-d16/crtbegin.o
LOAD Application\TrueSTUDIO\startup_stm32h753xx.o
LOAD Application\TrueSTUDIO\syscalls.o
LOAD Application\User\DMC\dmc_convert.o
LOAD Application\User\DMC\dmc_dipswitch.o
LOAD Application\User\DMC\dmc_errorhandler.o
LOAD Application\User\DMC\dmc_fat.o
LOAD Application\User\DMC\dmc_fifo.o
LOAD Application\User\DMC\dmc_leds.o
LOAD Application\User\DMC\dmc_mcu.o
LOAD Application\User\DMC\dmc_net.o
LOAD Application\User\DMC\dmc_print.o
LOAD Application\User\DMC\dmc_prng.o
LOAD Application\User\DMC\dmc_rtc.o
LOAD Application\User\DMC\dmc_rtc_mcp79412.o
LOAD Application\User\DMC\dmc_sram_qspi.o
LOAD Application\User\DMC\dmc_tcp.o
LOAD Application\User\DMC\dmc_tcpbase.o
LOAD Application\User\app_ethernet.o
LOAD Application\User\bsp_driver_sd.o
LOAD Application\User\crc.o
LOAD Application\User\cryp.o
LOAD Application\User\dma.o
LOAD Application\User\ethernetif.o
LOAD Application\User\fatfs.o
LOAD Application\User\fdcan.o
LOAD Application\User\gpio.o
LOAD Application\User\hash.o
LOAD Application\User\i2c.o
LOAD Application\User\iwdg.o
LOAD Application\User\lwip.o
LOAD Application\User\main.o
LOAD Application\User\quadspi.o
LOAD Application\User\rng.o
LOAD Application\User\rtc.o
LOAD Application\User\sd_diskio.o
LOAD Application\User\sdmmc.o
LOAD Application\User\spi.o
LOAD Application\User\stm32h7xx_hal_msp.o
LOAD Application\User\stm32h7xx_it.o
LOAD Application\User\tcp_echoserver.o
LOAD Application\User\usart.o
LOAD Application\User\usb_host.o
LOAD Application\User\usbh_conf.o
LOAD Drivers\BSP\Components\lan8742.o
LOAD Drivers\CMSIS\system_stm32h7xx.o
LOAD Drivers\KSZ8851SNL\KSZ8851SNL_0.o
LOAD Drivers\STM32H7xx_HAL_Driver\stm32h7xx_hal.o
LOAD Drivers\STM32H7xx_HAL_Driver\stm32h7xx_hal_cortex.o
LOAD Drivers\STM32H7xx_HAL_Driver\stm32h7xx_hal_crc.o
LOAD Drivers\STM32H7xx_HAL_Driver\stm32h7xx_hal_crc_ex.o
LOAD Drivers\STM32H7xx_HAL_Driver\stm32h7xx_hal_cryp.o
LOAD Drivers\STM32H7xx_HAL_Driver\stm32h7xx_hal_cryp_ex.o
LOAD Drivers\STM32H7xx_HAL_Driver\stm32h7xx_hal_dma.o
LOAD Drivers\STM32H7xx_HAL_Driver\stm32h7xx_hal_dma_ex.o
LOAD Drivers\STM32H7xx_HAL_Driver\stm32h7xx_hal_eth.o
LOAD Drivers\STM32H7xx_HAL_Driver\stm32h7xx_hal_eth_ex.o
LOAD Drivers\STM32H7xx_HAL_Driver\stm32h7xx_hal_fdcan.o
LOAD Drivers\STM32H7xx_HAL_Driver\stm32h7xx_hal_flash.o
LOAD Drivers\STM32H7xx_HAL_Driver\stm32h7xx_hal_flash_ex.o
LOAD Drivers\STM32H7xx_HAL_Driver\stm32h7xx_hal_gpio.o
LOAD Drivers\STM32H7xx_HAL_Driver\stm32h7xx_hal_hash.o
LOAD Drivers\STM32H7xx_HAL_Driver\stm32h7xx_hal_hash_ex.o
LOAD Drivers\STM32H7xx_HAL_Driver\stm32h7xx_hal_hcd.o
LOAD Drivers\STM32H7xx_HAL_Driver\stm32h7xx_hal_hsem.o
LOAD Drivers\STM32H7xx_HAL_Driver\stm32h7xx_hal_i2c.o
LOAD Drivers\STM32H7xx_HAL_Driver\stm32h7xx_hal_i2c_ex.o
LOAD Drivers\STM32H7xx_HAL_Driver\stm32h7xx_hal_iwdg.o
LOAD Drivers\STM32H7xx_HAL_Driver\stm32h7xx_hal_mdma.o
LOAD Drivers\STM32H7xx_HAL_Driver\stm32h7xx_hal_pwr.o
LOAD Drivers\STM32H7xx_HAL_Driver\stm32h7xx_hal_pwr_ex.o
LOAD Drivers\STM32H7xx_HAL_Driver\stm32h7xx_hal_qspi.o
LOAD Drivers\STM32H7xx_HAL_Driver\stm32h7xx_hal_rcc.o
LOAD Drivers\STM32H7xx_HAL_Driver\stm32h7xx_hal_rcc_ex.o
LOAD Drivers\STM32H7xx_HAL_Driver\stm32h7xx_hal_rng.o
LOAD Drivers\STM32H7xx_HAL_Driver\stm32h7xx_hal_rtc.o
LOAD Drivers\STM32H7xx_HAL_Driver\stm32h7xx_hal_rtc_ex.o
LOAD Drivers\STM32H7xx_HAL_Driver\stm32h7xx_hal_sd.o
LOAD Drivers\STM32H7xx_HAL_Driver\stm32h7xx_hal_sd_ex.o
LOAD Drivers\STM32H7xx_HAL_Driver\stm32h7xx_hal_smbus.o
LOAD Drivers\STM32H7xx_HAL_Driver\stm32h7xx_hal_spi.o
LOAD Drivers\STM32H7xx_HAL_Driver\stm32h7xx_hal_spi_ex.o
LOAD Drivers\STM32H7xx_HAL_Driver\stm32h7xx_hal_tim.o
LOAD Drivers\STM32H7xx_HAL_Driver\stm32h7xx_hal_tim_ex.o
LOAD Drivers\STM32H7xx_HAL_Driver\stm32h7xx_hal_uart.o
LOAD Drivers\STM32H7xx_HAL_Driver\stm32h7xx_hal_uart_ex.o
LOAD Drivers\STM32H7xx_HAL_Driver\stm32h7xx_ll_delayblock.o
LOAD Drivers\STM32H7xx_HAL_Driver\stm32h7xx_ll_sdmmc.o
LOAD Drivers\STM32H7xx_HAL_Driver\stm32h7xx_ll_usb.o
LOAD Middlewares\FatFs\diskio.o
LOAD Middlewares\FatFs\ff.o
LOAD Middlewares\FatFs\ff_gen_drv.o
LOAD Middlewares\FatFs\syscall.o
LOAD Middlewares\LwIP\api_lib.o
LOAD Middlewares\LwIP\api_msg.o
LOAD Middlewares\LwIP\auth.o
LOAD Middlewares\LwIP\autoip.o
LOAD Middlewares\LwIP\ccp.o
LOAD Middlewares\LwIP\chap-md5.o
LOAD Middlewares\LwIP\chap-new.o
LOAD Middlewares\LwIP\chap_ms.o
LOAD Middlewares\LwIP\def.o
LOAD Middlewares\LwIP\demand.o
LOAD Middlewares\LwIP\dhcp.o
LOAD Middlewares\LwIP\dhcp6.o
LOAD Middlewares\LwIP\dns.o
LOAD Middlewares\LwIP\eap.o
LOAD Middlewares\LwIP\ecp.o
LOAD Middlewares\LwIP\err.o
LOAD Middlewares\LwIP\etharp.o
LOAD Middlewares\LwIP\ethernet.o
LOAD Middlewares\LwIP\ethip6.o
LOAD Middlewares\LwIP\eui64.o
LOAD Middlewares\LwIP\fsm.o
LOAD Middlewares\LwIP\icmp.o
LOAD Middlewares\LwIP\icmp6.o
LOAD Middlewares\LwIP\igmp.o
LOAD Middlewares\LwIP\inet6.o
LOAD Middlewares\LwIP\inet_chksum.o
LOAD Middlewares\LwIP\init.o
LOAD Middlewares\LwIP\ip.o
LOAD Middlewares\LwIP\ip4.o
LOAD Middlewares\LwIP\ip4_addr.o
LOAD Middlewares\LwIP\ip4_frag.o
LOAD Middlewares\LwIP\ip6.o
LOAD Middlewares\LwIP\ip6_addr.o
LOAD Middlewares\LwIP\ip6_frag.o
LOAD Middlewares\LwIP\ipcp.o
LOAD Middlewares\LwIP\ipv6cp.o
LOAD Middlewares\LwIP\lcp.o
LOAD Middlewares\LwIP\lowpan6.o
LOAD Middlewares\LwIP\magic.o
LOAD Middlewares\LwIP\mem.o
LOAD Middlewares\LwIP\memp.o
LOAD Middlewares\LwIP\mld6.o
LOAD Middlewares\LwIP\mppe.o
LOAD Middlewares\LwIP\mqtt.o
LOAD Middlewares\LwIP\multilink.o
LOAD Middlewares\LwIP\nd6.o
LOAD Middlewares\LwIP\netbuf.o
LOAD Middlewares\LwIP\netdb.o
LOAD Middlewares\LwIP\netif.o
LOAD Middlewares\LwIP\netifapi.o
LOAD Middlewares\LwIP\pbuf.o
LOAD Middlewares\LwIP\ppp.o
LOAD Middlewares\LwIP\pppapi.o
LOAD Middlewares\LwIP\pppcrypt.o
LOAD Middlewares\LwIP\pppoe.o
LOAD Middlewares\LwIP\pppol2tp.o
LOAD Middlewares\LwIP\pppos.o
LOAD Middlewares\LwIP\raw.o
LOAD Middlewares\LwIP\slipif.o
LOAD Middlewares\LwIP\sockets.o
LOAD Middlewares\LwIP\stats.o
LOAD Middlewares\LwIP\sys.o
LOAD Middlewares\LwIP\tcp.o
LOAD Middlewares\LwIP\tcp_in.o
LOAD Middlewares\LwIP\tcp_out.o
LOAD Middlewares\LwIP\tcpip.o
LOAD Middlewares\LwIP\timeouts.o
LOAD Middlewares\LwIP\udp.o
LOAD Middlewares\LwIP\upap.o
LOAD Middlewares\LwIP\utils.o
LOAD Middlewares\LwIP\vj.o
LOAD Middlewares\USB_Host_Library\usbh_audio.o
LOAD Middlewares\USB_Host_Library\usbh_cdc.o
LOAD Middlewares\USB_Host_Library\usbh_core.o
LOAD Middlewares\USB_Host_Library\usbh_ctlreq.o
LOAD Middlewares\USB_Host_Library\usbh_hid.o
LOAD Middlewares\USB_Host_Library\usbh_hid_keybd.o
LOAD Middlewares\USB_Host_Library\usbh_hid_mouse.o
LOAD Middlewares\USB_Host_Library\usbh_hid_parser.o
LOAD Middlewares\USB_Host_Library\usbh_ioreq.o
LOAD Middlewares\USB_Host_Library\usbh_msc.o
LOAD Middlewares\USB_Host_Library\usbh_msc_bot.o
LOAD Middlewares\USB_Host_Library\usbh_msc_scsi.o
LOAD Middlewares\USB_Host_Library\usbh_mtp.o
LOAD Middlewares\USB_Host_Library\usbh_mtp_ptp.o
LOAD Middlewares\USB_Host_Library\usbh_pipes.o
                0x00000080                malloc_getpagesize_P = 0x80
START GROUP
LOAD c:/program files (x86)/atollic/truestudio for stm32 9.3.0/armtools/bin/../lib/gcc/arm-atollic-eabi/6.3.1/../../../../arm-atollic-eabi/lib/armv7e-m/fpu/fpv5-d16\libc_nano.a
LOAD c:/program files (x86)/atollic/truestudio for stm32 9.3.0/armtools/bin/../lib/gcc/arm-atollic-eabi/6.3.1/../../../../arm-atollic-eabi/lib/armv7e-m/fpu/fpv5-d16\libm.a
END GROUP
START GROUP
LOAD c:/program files (x86)/atollic/truestudio for stm32 9.3.0/armtools/bin/../lib/gcc/arm-atollic-eabi/6.3.1/armv7e-m/fpu/fpv5-d16\libgcc.a
LOAD c:/program files (x86)/atollic/truestudio for stm32 9.3.0/armtools/bin/../lib/gcc/arm-atollic-eabi/6.3.1/../../../../arm-atollic-eabi/lib/armv7e-m/fpu/fpv5-d16\libc_nano.a
END GROUP
START GROUP
LOAD c:/program files (x86)/atollic/truestudio for stm32 9.3.0/armtools/bin/../lib/gcc/arm-atollic-eabi/6.3.1/armv7e-m/fpu/fpv5-d16\libgcc.a
LOAD c:/program files (x86)/atollic/truestudio for stm32 9.3.0/armtools/bin/../lib/gcc/arm-atollic-eabi/6.3.1/../../../../arm-atollic-eabi/lib/armv7e-m/fpu/fpv5-d16\libc_nano.a
LOAD c:/program files (x86)/atollic/truestudio for stm32 9.3.0/armtools/bin/../lib/gcc/arm-atollic-eabi/6.3.1/../../../../arm-atollic-eabi/lib/armv7e-m/fpu/fpv5-d16\libnosys.a
END GROUP
START GROUP
LOAD c:/program files (x86)/atollic/truestudio for stm32 9.3.0/armtools/bin/../lib/gcc/arm-atollic-eabi/6.3.1/armv7e-m/fpu/fpv5-d16\libgcc.a
LOAD c:/program files (x86)/atollic/truestudio for stm32 9.3.0/armtools/bin/../lib/gcc/arm-atollic-eabi/6.3.1/../../../../arm-atollic-eabi/lib/armv7e-m/fpu/fpv5-d16\libc_nano.a
LOAD c:/program files (x86)/atollic/truestudio for stm32 9.3.0/armtools/bin/../lib/gcc/arm-atollic-eabi/6.3.1/../../../../arm-atollic-eabi/lib/armv7e-m/fpu/fpv5-d16\libnosys.a
END GROUP
LOAD c:/program files (x86)/atollic/truestudio for stm32 9.3.0/armtools/bin/../lib/gcc/arm-atollic-eabi/6.3.1/armv7e-m/fpu/fpv5-d16/crtend.o
LOAD c:/program files (x86)/atollic/truestudio for stm32 9.3.0/armtools/bin/../lib/gcc/arm-atollic-eabi/6.3.1/armv7e-m/fpu/fpv5-d16/crtn.o
                0x24080000                _estack = 0x24080000
                0x00002000                _Min_Heap_Size = 0x2000
                0x00004000                _Min_Stack_Size = 0x4000

.isr_vector     0x08000000      0x298
                0x08000000                . = ALIGN (0x4)
 *(.isr_vector)
 .isr_vector    0x08000000      0x298 Application\TrueSTUDIO\startup_stm32h753xx.o
                0x08000000                g_pfnVectors
                0x08000298                . = ALIGN (0x4)

.text           0x080002a0    0x138d4
                0x080002a0                . = ALIGN (0x4)
 *(.text)
 .text          0x080002a0       0x40 c:/program files (x86)/atollic/truestudio for stm32 9.3.0/armtools/bin/../lib/gcc/arm-atollic-eabi/6.3.1/armv7e-m/fpu/fpv5-d16/crtbegin.o
 .text          0x080002e0       0x10 c:/program files (x86)/atollic/truestudio for stm32 9.3.0/armtools/bin/../lib/gcc/arm-atollic-eabi/6.3.1/../../../../arm-atollic-eabi/lib/armv7e-m/fpu/fpv5-d16\libc_nano.a(lib_a-strlen.o)
                0x080002e0                strlen
 .text          0x080002f0       0xa0 c:/program files (x86)/atollic/truestudio for stm32 9.3.0/armtools/bin/../lib/gcc/arm-atollic-eabi/6.3.1/../../../../arm-atollic-eabi/lib/armv7e-m/fpu/fpv5-d16\libc_nano.a(lib_a-memchr.o)
                0x080002f0                memchr
 .text          0x08000390       0x30 c:/program files (x86)/atollic/truestudio for stm32 9.3.0/armtools/bin/../lib/gcc/arm-atollic-eabi/6.3.1/armv7e-m/fpu/fpv5-d16\libgcc.a(_aeabi_uldivmod.o)
                0x08000390                __aeabi_uldivmod
 .text          0x080003c0      0x2dc c:/program files (x86)/atollic/truestudio for stm32 9.3.0/armtools/bin/../lib/gcc/arm-atollic-eabi/6.3.1/armv7e-m/fpu/fpv5-d16\libgcc.a(_udivmoddi4.o)
                0x080003c0                __udivmoddi4
 .text          0x0800069c        0x4 c:/program files (x86)/atollic/truestudio for stm32 9.3.0/armtools/bin/../lib/gcc/arm-atollic-eabi/6.3.1/armv7e-m/fpu/fpv5-d16\libgcc.a(_dvmd_tls.o)
                0x0800069c                __aeabi_idiv0
                0x0800069c                __aeabi_ldiv0
 *(.text*)
 .text.Reset_Handler
                0x080006a0       0x50 Application\TrueSTUDIO\startup_stm32h753xx.o
                0x080006a0                Reset_Handler
 .text.Default_Handler
                0x080006f0        0x2 Application\TrueSTUDIO\startup_stm32h753xx.o
                0x080006f0                RTC_Alarm_IRQHandler
                0x080006f0                EXTI2_IRQHandler
                0x080006f0                TIM8_CC_IRQHandler
                0x080006f0                HRTIM1_Master_IRQHandler
                0x080006f0                UART8_IRQHandler
                0x080006f0                TIM1_CC_IRQHandler
                0x080006f0                BDMA_Channel6_IRQHandler
                0x080006f0                DMA2_Stream5_IRQHandler
                0x080006f0                HRTIM1_FLT_IRQHandler
                0x080006f0                JPEG_IRQHandler
                0x080006f0                BDMA_Channel1_IRQHandler
                0x080006f0                HRTIM1_TIMD_IRQHandler
                0x080006f0                TAMP_STAMP_IRQHandler
                0x080006f0                LPTIM4_IRQHandler
                0x080006f0                TIM8_TRG_COM_TIM14_IRQHandler
                0x080006f0                LPTIM2_IRQHandler
                0x080006f0                DFSDM1_FLT1_IRQHandler
                0x080006f0                DMAMUX2_OVR_IRQHandler
                0x080006f0                TIM8_UP_TIM13_IRQHandler
                0x080006f0                I2C3_ER_IRQHandler
                0x080006f0                DFSDM1_FLT2_IRQHandler
                0x080006f0                MDMA_IRQHandler
                0x080006f0                LPTIM3_IRQHandler
                0x080006f0                I2C2_EV_IRQHandler
                0x080006f0                OTG_HS_WKUP_IRQHandler
                0x080006f0                LTDC_ER_IRQHandler
                0x080006f0                HRTIM1_TIME_IRQHandler
                0x080006f0                TIM6_DAC_IRQHandler
                0x080006f0                DCMI_IRQHandler
                0x080006f0                HRTIM1_TIMC_IRQHandler
                0x080006f0                SAI2_IRQHandler
                0x080006f0                DFSDM1_FLT3_IRQHandler
                0x080006f0                USART6_IRQHandler
                0x080006f0                TIM17_IRQHandler
                0x080006f0                USART3_IRQHandler
                0x080006f0                BDMA_Channel7_IRQHandler
                0x080006f0                LPTIM5_IRQHandler
                0x080006f0                UART5_IRQHandler
                0x080006f0                ADC3_IRQHandler
                0x080006f0                TIM4_IRQHandler
                0x080006f0                BDMA_Channel2_IRQHandler
                0x080006f0                I2C1_EV_IRQHandler
                0x080006f0                DMAMUX1_OVR_IRQHandler
                0x080006f0                TIM16_IRQHandler
                0x080006f0                UART4_IRQHandler
                0x080006f0                BDMA_Channel5_IRQHandler
                0x080006f0                TIM3_IRQHandler
                0x080006f0                TIM8_BRK_TIM12_IRQHandler
                0x080006f0                TIM1_TRG_COM_IRQHandler
                0x080006f0                Default_Handler
                0x080006f0                CEC_IRQHandler
                0x080006f0                EXTI15_10_IRQHandler
                0x080006f0                BDMA_Channel0_IRQHandler
                0x080006f0                ADC_IRQHandler
                0x080006f0                HRTIM1_TIMA_IRQHandler
                0x080006f0                SPI5_IRQHandler
                0x080006f0                TIM7_IRQHandler
                0x080006f0                TIM5_IRQHandler
                0x080006f0                DMA2_Stream7_IRQHandler
                0x080006f0                TIM15_IRQHandler
                0x080006f0                I2C3_EV_IRQHandler
                0x080006f0                RTC_WKUP_IRQHandler
                0x080006f0                LTDC_IRQHandler
                0x080006f0                SAI3_IRQHandler
                0x080006f0                SPDIF_RX_IRQHandler
                0x080006f0                SPI2_IRQHandler
                0x080006f0                CRS_IRQHandler
                0x080006f0                EXTI4_IRQHandler
                0x080006f0                HRTIM1_TIMB_IRQHandler
                0x080006f0                TIM1_UP_IRQHandler
                0x080006f0                BDMA_Channel4_IRQHandler
                0x080006f0                WWDG_IRQHandler
                0x080006f0                SPI6_IRQHandler
                0x080006f0                MDIOS_IRQHandler
                0x080006f0                LPUART1_IRQHandler
                0x080006f0                TIM2_IRQHandler
                0x080006f0                OTG_FS_WKUP_IRQHandler
                0x080006f0                DMA2D_IRQHandler
                0x080006f0                TIM1_BRK_IRQHandler
                0x080006f0                EXTI1_IRQHandler
                0x080006f0                SDMMC2_IRQHandler
                0x080006f0                OTG_FS_EP1_OUT_IRQHandler
                0x080006f0                BDMA_Channel3_IRQHandler
                0x080006f0                MDIOS_WKUP_IRQHandler
                0x080006f0                DFSDM1_FLT0_IRQHandler
                0x080006f0                SAI4_IRQHandler
                0x080006f0                I2C2_ER_IRQHandler
                0x080006f0                DMA2_Stream4_IRQHandler
                0x080006f0                USART1_IRQHandler
                0x080006f0                OTG_FS_IRQHandler
                0x080006f0                SPI3_IRQHandler
                0x080006f0                WAKEUP_PIN_IRQHandler
                0x080006f0                OTG_FS_EP1_IN_IRQHandler
                0x080006f0                I2C1_ER_IRQHandler
                0x080006f0                FMC_IRQHandler
                0x080006f0                SWPMI1_IRQHandler
                0x080006f0                COMP1_IRQHandler
                0x080006f0                LPTIM1_IRQHandler
                0x080006f0                DMA2_Stream6_IRQHandler
                0x080006f0                SAI1_IRQHandler
 .text._read    0x080006f2       0x1c Application\TrueSTUDIO\syscalls.o
                0x080006f2                _read
 .text._write   0x0800070e       0x1c Application\TrueSTUDIO\syscalls.o
                0x0800070e                _write
 *fill*         0x0800072a        0x2 
 .text._sbrk    0x0800072c       0x34 Application\TrueSTUDIO\syscalls.o
                0x0800072c                _sbrk
 .text._close   0x08000760        0x6 Application\TrueSTUDIO\syscalls.o
                0x08000760                _close
 .text._fstat   0x08000766        0xa Application\TrueSTUDIO\syscalls.o
                0x08000766                _fstat
 .text._isatty  0x08000770        0x4 Application\TrueSTUDIO\syscalls.o
                0x08000770                _isatty
 .text._lseek   0x08000774        0x4 Application\TrueSTUDIO\syscalls.o
                0x08000774                _lseek
 .text.dmc_itoa
                0x08000778       0x5c Application\User\DMC\dmc_convert.o
                0x08000778                dmc_itoa
 .text.dmc_swap_case_len
                0x080007d4       0x34 Application\User\DMC\dmc_convert.o
                0x080007d4                dmc_swap_case_len
 .text.ReadDipSwitches
                0x08000808       0x48 Application\User\DMC\dmc_dipswitch.o
                0x08000808                ReadDipSwitches
 .text.DmcLedOn
                0x08000850       0x54 Application\User\DMC\dmc_leds.o
                0x08000850                DmcLedOn
 .text.DmcLedOff
                0x080008a4       0x54 Application\User\DMC\dmc_leds.o
                0x080008a4                DmcLedOff
 .text.DmcLedToggle
                0x080008f8       0x44 Application\User\DMC\dmc_leds.o
                0x080008f8                DmcLedToggle
 .text.DmcLedsOff
                0x0800093c       0x30 Application\User\DMC\dmc_leds.o
                0x0800093c                DmcLedsOff
 .text.DmcLedsOn
                0x0800096c       0x30 Application\User\DMC\dmc_leds.o
                0x0800096c                DmcLedsOn
 .text.GetMCUFamily
                0x0800099c        0x8 Application\User\DMC\dmc_mcu.o
                0x0800099c                GetMCUFamily
 .text.GetMCUType
                0x080009a4        0x8 Application\User\DMC\dmc_mcu.o
                0x080009a4                GetMCUType
 .text.__io_putchar
                0x080009ac       0x30 Application\User\DMC\dmc_print.o
                0x080009ac                __io_putchar
 .text.__io_getchar
                0x080009dc       0x24 Application\User\DMC\dmc_print.o
                0x080009dc                __io_getchar
 .text.dmc_putc
                0x08000a00        0x4 Application\User\DMC\dmc_print.o
                0x08000a00                dmc_putc
 .text.dmc_puts
                0x08000a04       0x12 Application\User\DMC\dmc_print.o
                0x08000a04                dmc_puts
 .text.dmc_putint
                0x08000a16       0x18 Application\User\DMC\dmc_print.o
                0x08000a16                dmc_putint
 .text.dmc_putint2
                0x08000a2e       0x28 Application\User\DMC\dmc_print.o
                0x08000a2e                dmc_putint2
 *fill*         0x08000a56        0x2 
 .text.dmc_puthex
                0x08000a58       0x70 Application\User\DMC\dmc_print.o
                0x08000a58                dmc_puthex
 .text.dmc_puthex2
                0x08000ac8       0x28 Application\User\DMC\dmc_print.o
                0x08000ac8                dmc_puthex2
 .text.dmc_puthex2cr
                0x08000af0       0x10 Application\User\DMC\dmc_print.o
                0x08000af0                dmc_puthex2cr
 .text.dmc_puthex4
                0x08000b00       0x2e Application\User\DMC\dmc_print.o
                0x08000b00                dmc_puthex4
 .text.dmc_puthex4cr
                0x08000b2e       0x10 Application\User\DMC\dmc_print.o
                0x08000b2e                dmc_puthex4cr
 .text.dmc_putscr
                0x08000b3e       0x1a Application\User\DMC\dmc_print.o
                0x08000b3e                dmc_putscr
 .text.dmc_putintcr
                0x08000b58       0x18 Application\User\DMC\dmc_print.o
                0x08000b58                dmc_putintcr
 .text.dmc_puts2
                0x08000b70       0x22 Application\User\DMC\dmc_print.o
                0x08000b70                dmc_puts2
 .text.dmc_puts3
                0x08000b92       0x12 Application\User\DMC\dmc_print.o
                0x08000b92                dmc_puts3
 .text.dmc_putstrintstr
                0x08000ba4       0x20 Application\User\DMC\dmc_print.o
                0x08000ba4                dmc_putstrintstr
 .text.DMC_I2cRtcRegisterWrite
                0x08000bc4       0x20 Application\User\DMC\dmc_rtc_mcp79412.o
                0x08000bc4                DMC_I2cRtcRegisterWrite
 .text.DMC_I2cRtcSramWrite
                0x08000be4       0x28 Application\User\DMC\dmc_rtc_mcp79412.o
                0x08000be4                DMC_I2cRtcSramWrite
 .text.DMC_I2cRtcSramRead
                0x08000c0c       0x28 Application\User\DMC\dmc_rtc_mcp79412.o
                0x08000c0c                DMC_I2cRtcSramRead
 .text.DMC_I2cRtcWriteSramBytes
                0x08000c34       0x54 Application\User\DMC\dmc_rtc_mcp79412.o
                0x08000c34                DMC_I2cRtcWriteSramBytes
 .text.DMC_I2cRtcWriteSramByte
                0x08000c88       0x1a Application\User\DMC\dmc_rtc_mcp79412.o
                0x08000c88                DMC_I2cRtcWriteSramByte
 *fill*         0x08000ca2        0x2 
 .text.DMC_I2cRtcReadSramBytes
                0x08000ca4       0x54 Application\User\DMC\dmc_rtc_mcp79412.o
                0x08000ca4                DMC_I2cRtcReadSramBytes
 .text.DMC_I2cRtcSquareWave
                0x08000cf8       0x3a Application\User\DMC\dmc_rtc_mcp79412.o
                0x08000cf8                DMC_I2cRtcSquareWave
 .text.DMC_I2cRtcDecToBcd
                0x08000d32       0x10 Application\User\DMC\dmc_rtc_mcp79412.o
                0x08000d32                DMC_I2cRtcDecToBcd
 *fill*         0x08000d42        0x2 
 .text.DMC_I2cRtcGetDayOfWeek
                0x08000d44       0x38 Application\User\DMC\dmc_rtc_mcp79412.o
                0x08000d44                DMC_I2cRtcGetDayOfWeek
 .text.DMC_I2cRtcGetNoOfDaysInMonth
                0x08000d7c       0x24 Application\User\DMC\dmc_rtc_mcp79412.o
                0x08000d7c                DMC_I2cRtcGetNoOfDaysInMonth
 .text.DMC_I2cRtcSetDateTime
                0x08000da0       0xdc Application\User\DMC\dmc_rtc_mcp79412.o
                0x08000da0                DMC_I2cRtcSetDateTime
 .text.DMC_I2cRtcEepromWriteResetTickCounter
                0x08000e7c       0x14 Application\User\DMC\dmc_rtc_mcp79412.o
                0x08000e7c                DMC_I2cRtcEepromWriteResetTickCounter
 .text.DMC_I2cRtcInit
                0x08000e90       0x48 Application\User\DMC\dmc_rtc_mcp79412.o
                0x08000e90                DMC_I2cRtcInit
 .text.BSP_SD_Init
                0x08000ed8       0x38 Application\User\bsp_driver_sd.o
                0x08000ed8                BSP_SD_Init
 .text.BSP_SD_ReadBlocks
                0x08000f10       0x20 Application\User\bsp_driver_sd.o
                0x08000f10                BSP_SD_ReadBlocks
 .text.BSP_SD_WriteBlocks
                0x08000f30       0x20 Application\User\bsp_driver_sd.o
                0x08000f30                BSP_SD_WriteBlocks
 .text.BSP_SD_GetCardState
                0x08000f50       0x14 Application\User\bsp_driver_sd.o
                0x08000f50                BSP_SD_GetCardState
 .text.BSP_SD_GetCardInfo
                0x08000f64        0xc Application\User\bsp_driver_sd.o
                0x08000f64                BSP_SD_GetCardInfo
 .text.BSP_SD_WriteCpltCallback
                0x08000f70        0x2 Application\User\bsp_driver_sd.o
                0x08000f70                BSP_SD_WriteCpltCallback
 .text.HAL_SD_TxCpltCallback
                0x08000f72        0x8 Application\User\bsp_driver_sd.o
                0x08000f72                HAL_SD_TxCpltCallback
 .text.BSP_SD_ReadCpltCallback
                0x08000f7a        0x2 Application\User\bsp_driver_sd.o
                0x08000f7a                BSP_SD_ReadCpltCallback
 .text.HAL_SD_RxCpltCallback
                0x08000f7c        0x8 Application\User\bsp_driver_sd.o
                0x08000f7c                HAL_SD_RxCpltCallback
 .text.MX_CRC_Init
                0x08000f84       0x30 Application\User\crc.o
                0x08000f84                MX_CRC_Init
 .text.HAL_CRC_MspInit
                0x08000fb4       0x30 Application\User\crc.o
                0x08000fb4                HAL_CRC_MspInit
 .text.MX_CRYP_Init
                0x08000fe4       0x30 Application\User\cryp.o
                0x08000fe4                MX_CRYP_Init
 .text.HAL_CRYP_MspInit
                0x08001014       0xfc Application\User\cryp.o
                0x08001014                HAL_CRYP_MspInit
 .text.MX_DMA_Init
                0x08001110      0x168 Application\User\dma.o
                0x08001110                MX_DMA_Init
 .text.SCB_CleanInvalidateDCache
                0x08001278       0x54 Application\User\ethernetif.o
 .text.pbuf_free_custom
                0x080012cc       0x12 Application\User\ethernetif.o
                0x080012cc                pbuf_free_custom
 .text.ETH_PHY_IO_DeInit
                0x080012de        0x4 Application\User\ethernetif.o
                0x080012de                ETH_PHY_IO_DeInit
 *fill*         0x080012e2        0x2 
 .text.low_level_output
                0x080012e4       0x58 Application\User\ethernetif.o
 .text.ETH_PHY_IO_GetTick
                0x0800133c        0x4 Application\User\ethernetif.o
                0x0800133c                ETH_PHY_IO_GetTick
 .text.ETH_PHY_IO_Init
                0x08001340       0x10 Application\User\ethernetif.o
                0x08001340                ETH_PHY_IO_Init
 .text.ETH_PHY_IO_ReadReg
                0x08001350       0x1c Application\User\ethernetif.o
                0x08001350                ETH_PHY_IO_ReadReg
 .text.ETH_PHY_IO_WriteReg
                0x0800136c       0x1c Application\User\ethernetif.o
                0x0800136c                ETH_PHY_IO_WriteReg
 .text.HAL_ETH_MspInit
                0x08001388       0xdc Application\User\ethernetif.o
                0x08001388                HAL_ETH_MspInit
 .text.ethernetif_init
                0x08001464      0x174 Application\User\ethernetif.o
                0x08001464                ethernetif_init
 .text.sys_now  0x080015d8        0x4 Application\User\ethernetif.o
                0x080015d8                sys_now
 .text.MX_FATFS_Init
                0x080015dc       0x1c Application\User\fatfs.o
                0x080015dc                MX_FATFS_Init
 .text.MX_FDCAN1_Init
                0x080015f8       0x60 Application\User\fdcan.o
                0x080015f8                MX_FDCAN1_Init
 .text.MX_FDCAN2_Init
                0x08001658       0x60 Application\User\fdcan.o
                0x08001658                MX_FDCAN2_Init
 .text.HAL_FDCAN_MspInit
                0x080016b8      0x134 Application\User\fdcan.o
                0x080016b8                HAL_FDCAN_MspInit
 .text.MX_GPIO_Init
                0x080017ec      0x228 Application\User\gpio.o
                0x080017ec                MX_GPIO_Init
 .text.MX_HASH_Init
                0x08001a14       0x1c Application\User\hash.o
                0x08001a14                MX_HASH_Init
 .text.HAL_HASH_MspInit
                0x08001a30       0x98 Application\User\hash.o
                0x08001a30                HAL_HASH_MspInit
 .text.MX_I2C4_Init
                0x08001ac8       0x58 Application\User\i2c.o
                0x08001ac8                MX_I2C4_Init
 .text.HAL_I2C_MspInit
                0x08001b20       0x90 Application\User\i2c.o
                0x08001b20                HAL_I2C_MspInit
 .text.MX_LWIP_Init
                0x08001bb0       0xdc Application\User\lwip.o
                0x08001bb0                MX_LWIP_Init
 .text.ARP_Add  0x08001c8c       0x7c Application\User\main.o
                0x08001c8c                ARP_Add
 .text.ARP_GetMACfromIP
                0x08001d08       0x34 Application\User\main.o
                0x08001d08                ARP_GetMACfromIP
 .text.RTC_FromEpoch
                0x08001d3c      0x104 Application\User\main.o
                0x08001d3c                RTC_FromEpoch
 .text.SystemClock_Config
                0x08001e40       0xd8 Application\User\main.o
                0x08001e40                SystemClock_Config
 .text.HAL_IncTicks
                0x08001f18       0x10 Application\User\main.o
                0x08001f18                HAL_IncTicks
 .text.HAL_StartTicks
                0x08001f28       0x14 Application\User\main.o
                0x08001f28                HAL_StartTicks
 .text.HAL_GetTicks
                0x08001f3c       0x20 Application\User\main.o
                0x08001f3c                HAL_GetTicks
 .text.HAL_StartTicks2
                0x08001f5c       0x14 Application\User\main.o
                0x08001f5c                HAL_StartTicks2
 .text.HAL_GetTicks2
                0x08001f70       0x20 Application\User\main.o
                0x08001f70                HAL_GetTicks2
 .text.startup.main
                0x08001f90      0xfc0 Application\User\main.o
                0x08001f90                main
 .text.Error_Handler
                0x08002f50        0x2 Application\User\main.o
                0x08002f50                Error_Handler
 .text.assert_failed
                0x08002f52        0x2 Application\User\main.o
                0x08002f52                assert_failed
 .text.MX_QUADSPI_Init
                0x08002f54       0x38 Application\User\quadspi.o
                0x08002f54                MX_QUADSPI_Init
 .text.HAL_QSPI_MspInit
                0x08002f8c       0xe8 Application\User\quadspi.o
                0x08002f8c                HAL_QSPI_MspInit
 .text.MX_RNG_Init
                0x08003074       0x24 Application\User\rng.o
                0x08003074                MX_RNG_Init
 .text.HAL_RNG_MspInit
                0x08003098       0x44 Application\User\rng.o
                0x08003098                HAL_RNG_MspInit
 .text.MX_RTC_Init
                0x080030dc       0x34 Application\User\rtc.o
                0x080030dc                MX_RTC_Init
 .text.HAL_RTC_MspInit
                0x08003110       0x1c Application\User\rtc.o
                0x08003110                HAL_RTC_MspInit
 .text.SD_CheckStatus.isra.0
                0x0800312c       0x20 Application\User\sd_diskio.o
 .text.SD_initialize
                0x0800314c       0x1c Application\User\sd_diskio.o
                0x0800314c                SD_initialize
 .text.SD_status
                0x08003168        0x4 Application\User\sd_diskio.o
                0x08003168                SD_status
 .text.SD_read  0x0800316c       0x20 Application\User\sd_diskio.o
                0x0800316c                SD_read
 .text.SD_ioctl
                0x0800318c       0x50 Application\User\sd_diskio.o
                0x0800318c                SD_ioctl
 .text.SD_write
                0x080031dc       0x20 Application\User\sd_diskio.o
                0x080031dc                SD_write
 .text.HAL_SD_MspInit
                0x080031fc       0xbc Application\User\sdmmc.o
                0x080031fc                HAL_SD_MspInit
 .text.MX_SPI1_Init
                0x080032b8       0x60 Application\User\spi.o
                0x080032b8                MX_SPI1_Init
 .text.MX_SPI4_Init
                0x08003318       0x5c Application\User\spi.o
                0x08003318                MX_SPI4_Init
 .text.HAL_SPI_MspInit
                0x08003374      0x1fc Application\User\spi.o
                0x08003374                HAL_SPI_MspInit
 .text.HAL_MspInit
                0x08003570       0x78 Application\User\stm32h7xx_hal_msp.o
                0x08003570                HAL_MspInit
 .text.NMI_Handler
                0x080035e8        0x2 Application\User\stm32h7xx_it.o
                0x080035e8                NMI_Handler
 .text.HardFault_Handler
                0x080035ea        0x2 Application\User\stm32h7xx_it.o
                0x080035ea                HardFault_Handler
 .text.MemManage_Handler
                0x080035ec        0x2 Application\User\stm32h7xx_it.o
                0x080035ec                MemManage_Handler
 .text.BusFault_Handler
                0x080035ee        0x2 Application\User\stm32h7xx_it.o
                0x080035ee                BusFault_Handler
 .text.UsageFault_Handler
                0x080035f0        0x2 Application\User\stm32h7xx_it.o
                0x080035f0                UsageFault_Handler
 .text.SVC_Handler
                0x080035f2        0x2 Application\User\stm32h7xx_it.o
                0x080035f2                SVC_Handler
 .text.DebugMon_Handler
                0x080035f4        0x2 Application\User\stm32h7xx_it.o
                0x080035f4                DebugMon_Handler
 .text.PendSV_Handler
                0x080035f6        0x2 Application\User\stm32h7xx_it.o
                0x080035f6                PendSV_Handler
 .text.SysTick_Handler
                0x080035f8        0xe Application\User\stm32h7xx_it.o
                0x080035f8                SysTick_Handler
 .text.PVD_AVD_IRQHandler
                0x08003606        0x4 Application\User\stm32h7xx_it.o
                0x08003606                PVD_AVD_IRQHandler
 .text.FLASH_IRQHandler
                0x0800360a        0x4 Application\User\stm32h7xx_it.o
                0x0800360a                FLASH_IRQHandler
 .text.RCC_IRQHandler
                0x0800360e        0x2 Application\User\stm32h7xx_it.o
                0x0800360e                RCC_IRQHandler
 .text.EXTI0_IRQHandler
                0x08003610        0x6 Application\User\stm32h7xx_it.o
                0x08003610                EXTI0_IRQHandler
 .text.EXTI9_5_IRQHandler
                0x08003616       0x16 Application\User\stm32h7xx_it.o
                0x08003616                EXTI9_5_IRQHandler
 .text.EXTI3_IRQHandler
                0x0800362c        0x6 Application\User\stm32h7xx_it.o
                0x0800362c                EXTI3_IRQHandler
 *fill*         0x08003632        0x2 
 .text.DMA1_Stream0_IRQHandler
                0x08003634       0x20 Application\User\stm32h7xx_it.o
                0x08003634                DMA1_Stream0_IRQHandler
 .text.DMA1_Stream1_IRQHandler
                0x08003654       0x20 Application\User\stm32h7xx_it.o
                0x08003654                DMA1_Stream1_IRQHandler
 .text.DMA1_Stream2_IRQHandler
                0x08003674       0x20 Application\User\stm32h7xx_it.o
                0x08003674                DMA1_Stream2_IRQHandler
 .text.DMA1_Stream3_IRQHandler
                0x08003694       0x20 Application\User\stm32h7xx_it.o
                0x08003694                DMA1_Stream3_IRQHandler
 .text.DMA1_Stream4_IRQHandler
                0x080036b4       0x1c Application\User\stm32h7xx_it.o
                0x080036b4                DMA1_Stream4_IRQHandler
 .text.DMA1_Stream5_IRQHandler
                0x080036d0       0x1c Application\User\stm32h7xx_it.o
                0x080036d0                DMA1_Stream5_IRQHandler
 .text.DMA1_Stream6_IRQHandler
                0x080036ec       0x1c Application\User\stm32h7xx_it.o
                0x080036ec                DMA1_Stream6_IRQHandler
 .text.FDCAN1_IT1_IRQHandler
                0x08003708        0xc Application\User\stm32h7xx_it.o
                0x08003708                FDCAN1_IT1_IRQHandler
 .text.FDCAN1_IT0_IRQHandler
                0x08003714        0x4 Application\User\stm32h7xx_it.o
                0x08003714                FDCAN1_IT0_IRQHandler
 .text.FDCAN2_IT1_IRQHandler
                0x08003718        0xc Application\User\stm32h7xx_it.o
                0x08003718                FDCAN2_IT1_IRQHandler
 .text.FDCAN2_IT0_IRQHandler
                0x08003724        0x4 Application\User\stm32h7xx_it.o
                0x08003724                FDCAN2_IT0_IRQHandler
 .text.SPI1_IRQHandler
                0x08003728        0xc Application\User\stm32h7xx_it.o
                0x08003728                SPI1_IRQHandler
 .text.USART2_IRQHandler
                0x08003734        0xc Application\User\stm32h7xx_it.o
                0x08003734                USART2_IRQHandler
 .text.DMA1_Stream7_IRQHandler
                0x08003740        0xc Application\User\stm32h7xx_it.o
                0x08003740                DMA1_Stream7_IRQHandler
 .text.SDMMC1_IRQHandler
                0x0800374c        0xc Application\User\stm32h7xx_it.o
                0x0800374c                SDMMC1_IRQHandler
 .text.DMA2_Stream0_IRQHandler
                0x08003758        0xc Application\User\stm32h7xx_it.o
                0x08003758                DMA2_Stream0_IRQHandler
 .text.DMA2_Stream1_IRQHandler
                0x08003764        0xc Application\User\stm32h7xx_it.o
                0x08003764                DMA2_Stream1_IRQHandler
 .text.DMA2_Stream2_IRQHandler
                0x08003770        0xc Application\User\stm32h7xx_it.o
                0x08003770                DMA2_Stream2_IRQHandler
 .text.DMA2_Stream3_IRQHandler
                0x0800377c        0xc Application\User\stm32h7xx_it.o
                0x0800377c                DMA2_Stream3_IRQHandler
 .text.ETH_WKUP_IRQHandler
                0x08003788        0xc Application\User\stm32h7xx_it.o
                0x08003788                ETH_WKUP_IRQHandler
 .text.ETH_IRQHandler
                0x08003794        0x4 Application\User\stm32h7xx_it.o
                0x08003794                ETH_IRQHandler
 .text.FDCAN_CAL_IRQHandler
                0x08003798       0x1c Application\User\stm32h7xx_it.o
                0x08003798                FDCAN_CAL_IRQHandler
 .text.OTG_HS_IRQHandler
                0x080037b4        0xc Application\User\stm32h7xx_it.o
                0x080037b4                OTG_HS_IRQHandler
 .text.OTG_HS_EP1_IN_IRQHandler
                0x080037c0        0x4 Application\User\stm32h7xx_it.o
                0x080037c0                OTG_HS_EP1_IN_IRQHandler
 .text.OTG_HS_EP1_OUT_IRQHandler
                0x080037c4        0x4 Application\User\stm32h7xx_it.o
                0x080037c4                OTG_HS_EP1_OUT_IRQHandler
 .text.CRYP_IRQHandler
                0x080037c8        0xc Application\User\stm32h7xx_it.o
                0x080037c8                CRYP_IRQHandler
 .text.HASH_RNG_IRQHandler
                0x080037d4       0x1c Application\User\stm32h7xx_it.o
                0x080037d4                HASH_RNG_IRQHandler
 .text.FPU_IRQHandler
                0x080037f0        0x2 Application\User\stm32h7xx_it.o
                0x080037f0                FPU_IRQHandler
 *fill*         0x080037f2        0x2 
 .text.UART7_IRQHandler
                0x080037f4        0xc Application\User\stm32h7xx_it.o
                0x080037f4                UART7_IRQHandler
 .text.SPI4_IRQHandler
                0x08003800        0xc Application\User\stm32h7xx_it.o
                0x08003800                SPI4_IRQHandler
 .text.QUADSPI_IRQHandler
                0x0800380c        0xc Application\User\stm32h7xx_it.o
                0x0800380c                QUADSPI_IRQHandler
 .text.I2C4_EV_IRQHandler
                0x08003818        0xc Application\User\stm32h7xx_it.o
                0x08003818                I2C4_EV_IRQHandler
 .text.I2C4_ER_IRQHandler
                0x08003824        0xc Application\User\stm32h7xx_it.o
                0x08003824                I2C4_ER_IRQHandler
 .text.HSEM1_IRQHandler
                0x08003830        0x4 Application\User\stm32h7xx_it.o
                0x08003830                HSEM1_IRQHandler
 .text.MX_UART7_Init
                0x08003834       0x44 Application\User\usart.o
                0x08003834                MX_UART7_Init
 .text.MX_USART2_UART_Init
                0x08003878       0x44 Application\User\usart.o
                0x08003878                MX_USART2_UART_Init
 .text.HAL_UART_MspInit
                0x080038bc      0x248 Application\User\usart.o
                0x080038bc                HAL_UART_MspInit
 .text.HAL_HCD_SOF_Callback
                0x08003b04        0x8 Application\User\usbh_conf.o
                0x08003b04                HAL_HCD_SOF_Callback
 .text.HAL_HCD_Connect_Callback
                0x08003b0c        0x8 Application\User\usbh_conf.o
                0x08003b0c                HAL_HCD_Connect_Callback
 .text.HAL_HCD_Disconnect_Callback
                0x08003b14        0x8 Application\User\usbh_conf.o
                0x08003b14                HAL_HCD_Disconnect_Callback
 .text.HAL_HCD_HC_NotifyURBChange_Callback
                0x08003b1c        0x2 Application\User\usbh_conf.o
                0x08003b1c                HAL_HCD_HC_NotifyURBChange_Callback
 *fill*         0x08003b1e        0x2 
 .text.USBH_LL_Start
                0x08003b20       0x1c Application\User\usbh_conf.o
                0x08003b20                USBH_LL_Start
 .text.USBH_LL_Stop
                0x08003b3c       0x1c Application\User\usbh_conf.o
                0x08003b3c                USBH_LL_Stop
 .text.LAN8742_RegisterBusIO
                0x08003b58       0x28 Drivers\BSP\Components\lan8742.o
                0x08003b58                LAN8742_RegisterBusIO
 .text.LAN8742_Init
                0x08003b80       0xc8 Drivers\BSP\Components\lan8742.o
                0x08003b80                LAN8742_Init
 .text.SystemInit
                0x08003c48       0x64 Drivers\CMSIS\system_stm32h7xx.o
                0x08003c48                SystemInit
 .text.ksz8851_interface_init_0
                0x08003cac       0x60 Drivers\KSZ8851SNL\KSZ8851SNL_0.o
                0x08003cac                ksz8851_interface_init_0
 .text.ksz8851_reg_read_0
                0x08003d0c       0x50 Drivers\KSZ8851SNL\KSZ8851SNL_0.o
                0x08003d0c                ksz8851_reg_read_0
 .text.ksz8851_reg_write_0
                0x08003d5c       0x48 Drivers\KSZ8851SNL\KSZ8851SNL_0.o
                0x08003d5c                ksz8851_reg_write_0
 .text.ksz8851_reg_setbits_0
                0x08003da4       0x1a Drivers\KSZ8851SNL\KSZ8851SNL_0.o
                0x08003da4                ksz8851_reg_setbits_0
 .text.ksz8851_reg_clrbits_0
                0x08003dbe       0x1a Drivers\KSZ8851SNL\KSZ8851SNL_0.o
                0x08003dbe                ksz8851_reg_clrbits_0
 .text.ksz8851_IntEnable_0
                0x08003dd8        0xa Drivers\KSZ8851SNL\KSZ8851SNL_0.o
                0x08003dd8                ksz8851_IntEnable_0
 *fill*         0x08003de2        0x2 
 .text.ksz8851_init_0
                0x08003de4      0x200 Drivers\KSZ8851SNL\KSZ8851SNL_0.o
                0x08003de4                ksz8851_init_0
 .text.ksz8851_IntDisable_0
                0x08003fe4        0x8 Drivers\KSZ8851SNL\KSZ8851SNL_0.o
                0x08003fe4                ksz8851_IntDisable_0
 .text.ksz8851snl_reset_rx_0
                0x08003fec       0x36 Drivers\KSZ8851SNL\KSZ8851SNL_0.o
                0x08003fec                ksz8851snl_reset_rx_0
 .text.ksz8851snl_reset_tx_0
                0x08004022       0x36 Drivers\KSZ8851SNL\KSZ8851SNL_0.o
                0x08004022                ksz8851snl_reset_tx_0
 .text.ksz8851_ReleaseIncosistentFrame_0
                0x08004058       0x16 Drivers\KSZ8851SNL\KSZ8851SNL_0.o
                0x08004058                ksz8851_ReleaseIncosistentFrame_0
 *fill*         0x0800406e        0x2 
 .text.ksz8851_Send_0
                0x08004070       0xb4 Drivers\KSZ8851SNL\KSZ8851SNL_0.o
                0x08004070                ksz8851_Send_0
 .text.ksz8851_Receive_0
                0x08004124       0xc4 Drivers\KSZ8851SNL\KSZ8851SNL_0.o
                0x08004124                ksz8851_Receive_0
 .text.set_dma_tx_ended_0
                0x080041e8       0x18 Drivers\KSZ8851SNL\KSZ8851SNL_0.o
                0x080041e8                set_dma_tx_ended_0
 .text.set_dma_rx_ended_0
                0x08004200       0x18 Drivers\KSZ8851SNL\KSZ8851SNL_0.o
                0x08004200                set_dma_rx_ended_0
 .text.HAL_InitTick
                0x08004218       0x48 Drivers\STM32H7xx_HAL_Driver\stm32h7xx_hal.o
                0x08004218                HAL_InitTick
 .text.HAL_Init
                0x08004260       0x1e Drivers\STM32H7xx_HAL_Driver\stm32h7xx_hal.o
                0x08004260                HAL_Init
 *fill*         0x0800427e        0x2 
 .text.HAL_IncTick
                0x08004280       0x18 Drivers\STM32H7xx_HAL_Driver\stm32h7xx_hal.o
                0x08004280                HAL_IncTick
 .text.HAL_GetTick
                0x08004298        0xc Drivers\STM32H7xx_HAL_Driver\stm32h7xx_hal.o
                0x08004298                HAL_GetTick
 .text.HAL_Delay
                0x080042a4       0x24 Drivers\STM32H7xx_HAL_Driver\stm32h7xx_hal.o
                0x080042a4                HAL_Delay
 .text.HAL_SYSCFG_ETHInterfaceSelect
                0x080042c8       0x2c Drivers\STM32H7xx_HAL_Driver\stm32h7xx_hal.o
                0x080042c8                HAL_SYSCFG_ETHInterfaceSelect
 .text.HAL_NVIC_SetPriorityGrouping
                0x080042f4       0x3c Drivers\STM32H7xx_HAL_Driver\stm32h7xx_hal_cortex.o
                0x080042f4                HAL_NVIC_SetPriorityGrouping
 .text.HAL_NVIC_SetPriority
                0x08004330       0x90 Drivers\STM32H7xx_HAL_Driver\stm32h7xx_hal_cortex.o
                0x08004330                HAL_NVIC_SetPriority
 .text.HAL_NVIC_EnableIRQ
                0x080043c0       0x28 Drivers\STM32H7xx_HAL_Driver\stm32h7xx_hal_cortex.o
                0x080043c0                HAL_NVIC_EnableIRQ
 .text.HAL_SYSTICK_Config
                0x080043e8       0x2c Drivers\STM32H7xx_HAL_Driver\stm32h7xx_hal_cortex.o
                0x080043e8                HAL_SYSTICK_Config
 .text.HAL_CRC_Init
                0x08004414       0xe0 Drivers\STM32H7xx_HAL_Driver\stm32h7xx_hal_crc.o
                0x08004414                HAL_CRC_Init
 .text.HAL_CRCEx_Polynomial_Set
                0x080044f4       0x5c Drivers\STM32H7xx_HAL_Driver\stm32h7xx_hal_crc_ex.o
                0x080044f4                HAL_CRCEx_Polynomial_Set
 .text.HAL_CRYP_Init
                0x08004550       0x9c Drivers\STM32H7xx_HAL_Driver\stm32h7xx_hal_cryp.o
                0x08004550                HAL_CRYP_Init
 .text.HAL_CRYP_InCpltCallback
                0x080045ec        0x2 Drivers\STM32H7xx_HAL_Driver\stm32h7xx_hal_cryp.o
                0x080045ec                HAL_CRYP_InCpltCallback
 .text.HAL_CRYP_OutCpltCallback
                0x080045ee        0x2 Drivers\STM32H7xx_HAL_Driver\stm32h7xx_hal_cryp.o
                0x080045ee                HAL_CRYP_OutCpltCallback
 .text.HAL_CRYP_IRQHandler
                0x080045f0      0x3be Drivers\STM32H7xx_HAL_Driver\stm32h7xx_hal_cryp.o
                0x080045f0                HAL_CRYP_IRQHandler
 *fill*         0x080049ae        0x2 
 .text.DMA_CalcBaseAndBitshift
                0x080049b0       0x2c Drivers\STM32H7xx_HAL_Driver\stm32h7xx_hal_dma.o
 .text.DMA_CalcDMAMUXChannelBaseAndMask
                0x080049dc       0x60 Drivers\STM32H7xx_HAL_Driver\stm32h7xx_hal_dma.o
 .text.DMA_CalcDMAMUXRequestGenBaseAndMask
                0x08004a3c       0x48 Drivers\STM32H7xx_HAL_Driver\stm32h7xx_hal_dma.o
 .text.HAL_DMA_Init
                0x08004a84      0x35c Drivers\STM32H7xx_HAL_Driver\stm32h7xx_hal_dma.o
                0x08004a84                HAL_DMA_Init
 .text.HAL_DMA_Abort_IT
                0x08004de0       0x8c Drivers\STM32H7xx_HAL_Driver\stm32h7xx_hal_dma.o
                0x08004de0                HAL_DMA_Abort_IT
 .text.HAL_DMA_IRQHandler
                0x08004e6c      0x268 Drivers\STM32H7xx_HAL_Driver\stm32h7xx_hal_dma.o
                0x08004e6c                HAL_DMA_IRQHandler
 .text.HAL_DMAEx_ConfigMuxSync
                0x080050d4      0x1bc Drivers\STM32H7xx_HAL_Driver\stm32h7xx_hal_dma_ex.o
                0x080050d4                HAL_DMAEx_ConfigMuxSync
 .text.ETH_SetMACConfig
                0x08005290      0x1ba Drivers\STM32H7xx_HAL_Driver\stm32h7xx_hal_eth.o
 *fill*         0x0800544a        0x2 
 .text.ETH_SetDMAConfig
                0x0800544c       0x90 Drivers\STM32H7xx_HAL_Driver\stm32h7xx_hal_eth.o
 .text.ETH_Prepare_Tx_Descriptors
                0x080054dc      0x2b0 Drivers\STM32H7xx_HAL_Driver\stm32h7xx_hal_eth.o
 .text.HAL_ETH_DescAssignMemory
                0x0800578c       0x38 Drivers\STM32H7xx_HAL_Driver\stm32h7xx_hal_eth.o
                0x0800578c                HAL_ETH_DescAssignMemory
 .text.HAL_ETH_Start
                0x080057c4       0x66 Drivers\STM32H7xx_HAL_Driver\stm32h7xx_hal_eth.o
                0x080057c4                HAL_ETH_Start
 .text.HAL_ETH_Transmit
                0x0800582a       0xa4 Drivers\STM32H7xx_HAL_Driver\stm32h7xx_hal_eth.o
                0x0800582a                HAL_ETH_Transmit
 .text.HAL_ETH_IsRxDataAvailable
                0x080058ce       0xe8 Drivers\STM32H7xx_HAL_Driver\stm32h7xx_hal_eth.o
                0x080058ce                HAL_ETH_IsRxDataAvailable
 .text.HAL_ETH_TxCpltCallback
                0x080059b6        0x2 Drivers\STM32H7xx_HAL_Driver\stm32h7xx_hal_eth.o
                0x080059b6                HAL_ETH_TxCpltCallback
 .text.HAL_ETH_RxCpltCallback
                0x080059b8        0x2 Drivers\STM32H7xx_HAL_Driver\stm32h7xx_hal_eth.o
                0x080059b8                HAL_ETH_RxCpltCallback
 .text.HAL_ETH_DMAErrorCallback
                0x080059ba        0x2 Drivers\STM32H7xx_HAL_Driver\stm32h7xx_hal_eth.o
                0x080059ba                HAL_ETH_DMAErrorCallback
 .text.HAL_ETH_MACErrorCallback
                0x080059bc        0x2 Drivers\STM32H7xx_HAL_Driver\stm32h7xx_hal_eth.o
                0x080059bc                HAL_ETH_MACErrorCallback
 .text.HAL_ETH_PMTCallback
                0x080059be        0x2 Drivers\STM32H7xx_HAL_Driver\stm32h7xx_hal_eth.o
                0x080059be                HAL_ETH_PMTCallback
 .text.HAL_ETH_EEECallback
                0x080059c0        0x2 Drivers\STM32H7xx_HAL_Driver\stm32h7xx_hal_eth.o
                0x080059c0                HAL_ETH_EEECallback
 .text.HAL_ETH_WakeUpCallback
                0x080059c2        0x2 Drivers\STM32H7xx_HAL_Driver\stm32h7xx_hal_eth.o
                0x080059c2                HAL_ETH_WakeUpCallback
 .text.HAL_ETH_IRQHandler
                0x080059c4      0x13c Drivers\STM32H7xx_HAL_Driver\stm32h7xx_hal_eth.o
                0x080059c4                HAL_ETH_IRQHandler
 .text.HAL_ETH_ReadPHYRegister
                0x08005b00       0x5a Drivers\STM32H7xx_HAL_Driver\stm32h7xx_hal_eth.o
                0x08005b00                HAL_ETH_ReadPHYRegister
 *fill*         0x08005b5a        0x2 
 .text.HAL_ETH_WritePHYRegister
                0x08005b5c       0x60 Drivers\STM32H7xx_HAL_Driver\stm32h7xx_hal_eth.o
                0x08005b5c                HAL_ETH_WritePHYRegister
 .text.ETH_MAC_MDIO_ClkConfig
                0x08005bbc       0x78 Drivers\STM32H7xx_HAL_Driver\stm32h7xx_hal_eth.o
                0x08005bbc                HAL_ETH_SetMDIOClockRange
 .text.HAL_ETH_Init
                0x08005c34      0x280 Drivers\STM32H7xx_HAL_Driver\stm32h7xx_hal_eth.o
                0x08005c34                HAL_ETH_Init
 .text.HAL_FDCAN_Init
                0x08005eb4      0x594 Drivers\STM32H7xx_HAL_Driver\stm32h7xx_hal_fdcan.o
                0x08005eb4                HAL_FDCAN_Init
 .text.HAL_FDCAN_ClockCalibrationCallback
                0x08006448        0x2 Drivers\STM32H7xx_HAL_Driver\stm32h7xx_hal_fdcan.o
                0x08006448                HAL_FDCAN_ClockCalibrationCallback
 .text.HAL_FDCAN_TxEventFifoCallback
                0x0800644a        0x2 Drivers\STM32H7xx_HAL_Driver\stm32h7xx_hal_fdcan.o
                0x0800644a                HAL_FDCAN_TxEventFifoCallback
 .text.HAL_FDCAN_RxFifo0Callback
                0x0800644c        0x2 Drivers\STM32H7xx_HAL_Driver\stm32h7xx_hal_fdcan.o
                0x0800644c                HAL_FDCAN_RxFifo0Callback
 .text.HAL_FDCAN_RxFifo1Callback
                0x0800644e        0x2 Drivers\STM32H7xx_HAL_Driver\stm32h7xx_hal_fdcan.o
                0x0800644e                HAL_FDCAN_RxFifo1Callback
 .text.HAL_FDCAN_TxFifoEmptyCallback
                0x08006450        0x2 Drivers\STM32H7xx_HAL_Driver\stm32h7xx_hal_fdcan.o
                0x08006450                HAL_FDCAN_TxFifoEmptyCallback
 .text.HAL_FDCAN_TxBufferCompleteCallback
                0x08006452        0x2 Drivers\STM32H7xx_HAL_Driver\stm32h7xx_hal_fdcan.o
                0x08006452                HAL_FDCAN_TxBufferCompleteCallback
 .text.HAL_FDCAN_TxBufferAbortCallback
                0x08006454        0x2 Drivers\STM32H7xx_HAL_Driver\stm32h7xx_hal_fdcan.o
                0x08006454                HAL_FDCAN_TxBufferAbortCallback
 .text.HAL_FDCAN_RxBufferNewMessageCallback
                0x08006456        0x2 Drivers\STM32H7xx_HAL_Driver\stm32h7xx_hal_fdcan.o
                0x08006456                HAL_FDCAN_RxBufferNewMessageCallback
 .text.HAL_FDCAN_TimestampWraparoundCallback
                0x08006458        0x2 Drivers\STM32H7xx_HAL_Driver\stm32h7xx_hal_fdcan.o
                0x08006458                HAL_FDCAN_TimestampWraparoundCallback
 .text.HAL_FDCAN_TimeoutOccurredCallback
                0x0800645a        0x2 Drivers\STM32H7xx_HAL_Driver\stm32h7xx_hal_fdcan.o
                0x0800645a                HAL_FDCAN_TimeoutOccurredCallback
 .text.HAL_FDCAN_HighPriorityMessageCallback
                0x0800645c        0x2 Drivers\STM32H7xx_HAL_Driver\stm32h7xx_hal_fdcan.o
                0x0800645c                HAL_FDCAN_HighPriorityMessageCallback
 .text.HAL_FDCAN_ErrorCallback
                0x0800645e        0x2 Drivers\STM32H7xx_HAL_Driver\stm32h7xx_hal_fdcan.o
                0x0800645e                HAL_FDCAN_ErrorCallback
 .text.HAL_FDCAN_TT_ScheduleSyncCallback
                0x08006460        0x2 Drivers\STM32H7xx_HAL_Driver\stm32h7xx_hal_fdcan.o
                0x08006460                HAL_FDCAN_TT_ScheduleSyncCallback
 .text.HAL_FDCAN_TT_TimeMarkCallback
                0x08006462        0x2 Drivers\STM32H7xx_HAL_Driver\stm32h7xx_hal_fdcan.o
                0x08006462                HAL_FDCAN_TT_TimeMarkCallback
 .text.HAL_FDCAN_TT_StopWatchCallback
                0x08006464        0x2 Drivers\STM32H7xx_HAL_Driver\stm32h7xx_hal_fdcan.o
                0x08006464                HAL_FDCAN_TT_StopWatchCallback
 .text.HAL_FDCAN_TT_GlobalTimeCallback
                0x08006466        0x2 Drivers\STM32H7xx_HAL_Driver\stm32h7xx_hal_fdcan.o
                0x08006466                HAL_FDCAN_TT_GlobalTimeCallback
 .text.HAL_FDCAN_IRQHandler
                0x08006468      0x37c Drivers\STM32H7xx_HAL_Driver\stm32h7xx_hal_fdcan.o
                0x08006468                HAL_FDCAN_IRQHandler
 .text.FLASH_SetErrorCode
                0x080067e4      0x14c Drivers\STM32H7xx_HAL_Driver\stm32h7xx_hal_flash.o
 .text.HAL_FLASH_EndOfOperationCallback
                0x08006930        0x2 Drivers\STM32H7xx_HAL_Driver\stm32h7xx_hal_flash.o
                0x08006930                HAL_FLASH_EndOfOperationCallback
 .text.HAL_FLASH_OperationErrorCallback
                0x08006932        0x2 Drivers\STM32H7xx_HAL_Driver\stm32h7xx_hal_flash.o
                0x08006932                HAL_FLASH_OperationErrorCallback
 .text.HAL_FLASH_IRQHandler
                0x08006934      0x1dc Drivers\STM32H7xx_HAL_Driver\stm32h7xx_hal_flash.o
                0x08006934                HAL_FLASH_IRQHandler
 .text.FLASH_Erase_Sector
                0x08006b10       0xb0 Drivers\STM32H7xx_HAL_Driver\stm32h7xx_hal_flash_ex.o
                0x08006b10                FLASH_Erase_Sector
 .text.HAL_GPIO_Init
                0x08006bc0      0x2a8 Drivers\STM32H7xx_HAL_Driver\stm32h7xx_hal_gpio.o
                0x08006bc0                HAL_GPIO_Init
 .text.HAL_GPIO_ReadPin
                0x08006e68       0x24 Drivers\STM32H7xx_HAL_Driver\stm32h7xx_hal_gpio.o
                0x08006e68                HAL_GPIO_ReadPin
 .text.HAL_GPIO_WritePin
                0x08006e8c       0x34 Drivers\STM32H7xx_HAL_Driver\stm32h7xx_hal_gpio.o
                0x08006e8c                HAL_GPIO_WritePin
 .text.HAL_GPIO_TogglePin
                0x08006ec0       0x20 Drivers\STM32H7xx_HAL_Driver\stm32h7xx_hal_gpio.o
                0x08006ec0                HAL_GPIO_TogglePin
 .text.HAL_GPIO_EXTI_Callback
                0x08006ee0        0x2 Drivers\STM32H7xx_HAL_Driver\stm32h7xx_hal_gpio.o
                0x08006ee0                HAL_GPIO_EXTI_Callback
 *fill*         0x08006ee2        0x2 
 .text.HAL_GPIO_EXTI_IRQHandler
                0x08006ee4       0x18 Drivers\STM32H7xx_HAL_Driver\stm32h7xx_hal_gpio.o
                0x08006ee4                HAL_GPIO_EXTI_IRQHandler
 .text.HASH_GetDigest
                0x08006efc       0xc4 Drivers\STM32H7xx_HAL_Driver\stm32h7xx_hal_hash.o
 .text.HASH_WaitOnFlagUntilTimeout
                0x08006fc0       0x9c Drivers\STM32H7xx_HAL_Driver\stm32h7xx_hal_hash.o
 .text.HAL_HASH_Init
                0x0800705c       0x6c Drivers\STM32H7xx_HAL_Driver\stm32h7xx_hal_hash.o
                0x0800705c                HAL_HASH_Init
 .text.HAL_HASH_InCpltCallback
                0x080070c8        0x2 Drivers\STM32H7xx_HAL_Driver\stm32h7xx_hal_hash.o
                0x080070c8                HAL_HASH_InCpltCallback
 .text.HAL_HASH_DgstCpltCallback
                0x080070ca        0x2 Drivers\STM32H7xx_HAL_Driver\stm32h7xx_hal_hash.o
                0x080070ca                HAL_HASH_DgstCpltCallback
 .text.HAL_HASH_ErrorCallback
                0x080070cc        0x2 Drivers\STM32H7xx_HAL_Driver\stm32h7xx_hal_hash.o
                0x080070cc                HAL_HASH_ErrorCallback
 *fill*         0x080070ce        0x2 
 .text.HAL_HASH_IRQHandler
                0x080070d0      0x1c0 Drivers\STM32H7xx_HAL_Driver\stm32h7xx_hal_hash.o
                0x080070d0                HAL_HASH_IRQHandler
 .text.HAL_HCD_IRQHandler
                0x08007290      0x628 Drivers\STM32H7xx_HAL_Driver\stm32h7xx_hal_hcd.o
                0x08007290                HAL_HCD_IRQHandler
 .text.HAL_HCD_Start
                0x080078b8       0x2c Drivers\STM32H7xx_HAL_Driver\stm32h7xx_hal_hcd.o
                0x080078b8                HAL_HCD_Start
 .text.HAL_HCD_Stop
                0x080078e4       0x24 Drivers\STM32H7xx_HAL_Driver\stm32h7xx_hal_hcd.o
                0x080078e4                HAL_HCD_Stop
 .text.HAL_HSEM_FreeCallback
                0x08007908        0x2 Drivers\STM32H7xx_HAL_Driver\stm32h7xx_hal_hsem.o
                0x08007908                HAL_HSEM_FreeCallback
 *fill*         0x0800790a        0x2 
 .text.HAL_HSEM_IRQHandler
                0x0800790c       0x28 Drivers\STM32H7xx_HAL_Driver\stm32h7xx_hal_hsem.o
                0x0800790c                HAL_HSEM_IRQHandler
 .text.I2C_Flush_TXDR
                0x08007934       0x1c Drivers\STM32H7xx_HAL_Driver\stm32h7xx_hal_i2c.o
 .text.I2C_Disable_IRQ
                0x08007950       0x5e Drivers\STM32H7xx_HAL_Driver\stm32h7xx_hal_i2c.o
 *fill*         0x080079ae        0x2 
 .text.I2C_TransferConfig
                0x080079b0       0xb0 Drivers\STM32H7xx_HAL_Driver\stm32h7xx_hal_i2c.o
 .text.I2C_WaitOnFlagUntilTimeout
                0x08007a60       0x4e Drivers\STM32H7xx_HAL_Driver\stm32h7xx_hal_i2c.o
 .text.I2C_IsAcknowledgeFailed
                0x08007aae       0x7a Drivers\STM32H7xx_HAL_Driver\stm32h7xx_hal_i2c.o
 .text.I2C_WaitOnTXISFlagUntilTimeout
                0x08007b28       0x52 Drivers\STM32H7xx_HAL_Driver\stm32h7xx_hal_i2c.o
 *fill*         0x08007b7a        0x2 
 .text.I2C_RequestMemoryWrite
                0x08007b7c       0x6c Drivers\STM32H7xx_HAL_Driver\stm32h7xx_hal_i2c.o
 .text.I2C_RequestMemoryRead
                0x08007be8       0x68 Drivers\STM32H7xx_HAL_Driver\stm32h7xx_hal_i2c.o
 .text.I2C_WaitOnSTOPFlagUntilTimeout
                0x08007c50       0x4e Drivers\STM32H7xx_HAL_Driver\stm32h7xx_hal_i2c.o
 *fill*         0x08007c9e        0x2 
 .text.HAL_I2C_Init
                0x08007ca0      0x154 Drivers\STM32H7xx_HAL_Driver\stm32h7xx_hal_i2c.o
                0x08007ca0                HAL_I2C_Init
 .text.HAL_I2C_Master_Transmit
                0x08007df4      0x130 Drivers\STM32H7xx_HAL_Driver\stm32h7xx_hal_i2c.o
                0x08007df4                HAL_I2C_Master_Transmit
 .text.HAL_I2C_Mem_Write
                0x08007f24      0x184 Drivers\STM32H7xx_HAL_Driver\stm32h7xx_hal_i2c.o
                0x08007f24                HAL_I2C_Mem_Write
 .text.HAL_I2C_Mem_Read
                0x080080a8      0x190 Drivers\STM32H7xx_HAL_Driver\stm32h7xx_hal_i2c.o
                0x080080a8                HAL_I2C_Mem_Read
 .text.HAL_I2C_EV_IRQHandler
                0x08008238        0xe Drivers\STM32H7xx_HAL_Driver\stm32h7xx_hal_i2c.o
                0x08008238                HAL_I2C_EV_IRQHandler
 .text.HAL_I2C_SlaveTxCpltCallback
                0x08008246        0x2 Drivers\STM32H7xx_HAL_Driver\stm32h7xx_hal_i2c.o
                0x08008246                HAL_I2C_SlaveTxCpltCallback
 .text.HAL_I2C_SlaveRxCpltCallback
                0x08008248        0x2 Drivers\STM32H7xx_HAL_Driver\stm32h7xx_hal_i2c.o
                0x08008248                HAL_I2C_SlaveRxCpltCallback
 .text.I2C_ITSlaveSequentialCplt
                0x0800824a       0x52 Drivers\STM32H7xx_HAL_Driver\stm32h7xx_hal_i2c.o
 .text.HAL_I2C_AddrCallback
                0x0800829c        0x2 Drivers\STM32H7xx_HAL_Driver\stm32h7xx_hal_i2c.o
                0x0800829c                HAL_I2C_AddrCallback
 .text.HAL_I2C_ListenCpltCallback
                0x0800829e        0x2 Drivers\STM32H7xx_HAL_Driver\stm32h7xx_hal_i2c.o
                0x0800829e                HAL_I2C_ListenCpltCallback
 .text.I2C_ITListenCplt
                0x080082a0       0x60 Drivers\STM32H7xx_HAL_Driver\stm32h7xx_hal_i2c.o
 .text.HAL_I2C_ErrorCallback
                0x08008300        0x2 Drivers\STM32H7xx_HAL_Driver\stm32h7xx_hal_i2c.o
                0x08008300                HAL_I2C_ErrorCallback
 .text.HAL_I2C_AbortCpltCallback
                0x08008302        0x2 Drivers\STM32H7xx_HAL_Driver\stm32h7xx_hal_i2c.o
                0x08008302                HAL_I2C_AbortCpltCallback
 .text.I2C_ITError
                0x08008304       0xe0 Drivers\STM32H7xx_HAL_Driver\stm32h7xx_hal_i2c.o
 .text.I2C_ITSlaveCplt
                0x080083e4      0x100 Drivers\STM32H7xx_HAL_Driver\stm32h7xx_hal_i2c.o
 .text.I2C_Slave_ISR_IT
                0x080084e4      0x1b0 Drivers\STM32H7xx_HAL_Driver\stm32h7xx_hal_i2c.o
 .text.HAL_I2C_ER_IRQHandler
                0x08008694       0x62 Drivers\STM32H7xx_HAL_Driver\stm32h7xx_hal_i2c.o
                0x08008694                HAL_I2C_ER_IRQHandler
 .text.I2C_DMAAbort
                0x080086f6       0x32 Drivers\STM32H7xx_HAL_Driver\stm32h7xx_hal_i2c.o
 .text.HAL_I2CEx_ConfigAnalogFilter
                0x08008728       0x90 Drivers\STM32H7xx_HAL_Driver\stm32h7xx_hal_i2c_ex.o
                0x08008728                HAL_I2CEx_ConfigAnalogFilter
 .text.HAL_I2CEx_ConfigDigitalFilter
                0x080087b8       0x8c Drivers\STM32H7xx_HAL_Driver\stm32h7xx_hal_i2c_ex.o
                0x080087b8                HAL_I2CEx_ConfigDigitalFilter
 .text.HAL_IWDG_Refresh
                0x08008844        0xc Drivers\STM32H7xx_HAL_Driver\stm32h7xx_hal_iwdg.o
                0x08008844                HAL_IWDG_Refresh
 .text.HAL_MDMA_Abort_IT
                0x08008850       0x26 Drivers\STM32H7xx_HAL_Driver\stm32h7xx_hal_mdma.o
                0x08008850                HAL_MDMA_Abort_IT
 .text.HAL_PWR_PVDCallback
                0x08008876        0x2 Drivers\STM32H7xx_HAL_Driver\stm32h7xx_hal_pwr.o
                0x08008876                HAL_PWR_PVDCallback
 .text.HAL_PWREx_AVDCallback
                0x08008878        0x2 Drivers\STM32H7xx_HAL_Driver\stm32h7xx_hal_pwr_ex.o
                0x08008878                HAL_PWREx_AVDCallback
 *fill*         0x0800887a        0x2 
 .text.HAL_PWREx_PVD_AVD_IRQHandler
                0x0800887c       0x44 Drivers\STM32H7xx_HAL_Driver\stm32h7xx_hal_pwr_ex.o
                0x0800887c                HAL_PWREx_PVD_AVD_IRQHandler
 .text.QSPI_WaitFlagStateUntilTimeout
                0x080088c0       0x4c Drivers\STM32H7xx_HAL_Driver\stm32h7xx_hal_qspi.o
 .text.HAL_QSPI_Init
                0x0800890c      0x190 Drivers\STM32H7xx_HAL_Driver\stm32h7xx_hal_qspi.o
                0x0800890c                HAL_QSPI_Init
 .text.HAL_QSPI_ErrorCallback
                0x08008a9c        0x2 Drivers\STM32H7xx_HAL_Driver\stm32h7xx_hal_qspi.o
                0x08008a9c                HAL_QSPI_ErrorCallback
 .text.QSPI_DMAAbortCplt
                0x08008a9e       0x36 Drivers\STM32H7xx_HAL_Driver\stm32h7xx_hal_qspi.o
 .text.HAL_QSPI_AbortCpltCallback
                0x08008ad4        0x2 Drivers\STM32H7xx_HAL_Driver\stm32h7xx_hal_qspi.o
                0x08008ad4                HAL_QSPI_AbortCpltCallback
 .text.HAL_QSPI_CmdCpltCallback
                0x08008ad6        0x2 Drivers\STM32H7xx_HAL_Driver\stm32h7xx_hal_qspi.o
                0x08008ad6                HAL_QSPI_CmdCpltCallback
 .text.HAL_QSPI_RxCpltCallback
                0x08008ad8        0x2 Drivers\STM32H7xx_HAL_Driver\stm32h7xx_hal_qspi.o
                0x08008ad8                HAL_QSPI_RxCpltCallback
 .text.HAL_QSPI_TxCpltCallback
                0x08008ada        0x2 Drivers\STM32H7xx_HAL_Driver\stm32h7xx_hal_qspi.o
                0x08008ada                HAL_QSPI_TxCpltCallback
 .text.HAL_QSPI_FifoThresholdCallback
                0x08008adc        0x2 Drivers\STM32H7xx_HAL_Driver\stm32h7xx_hal_qspi.o
                0x08008adc                HAL_QSPI_FifoThresholdCallback
 .text.HAL_QSPI_StatusMatchCallback
                0x08008ade        0x2 Drivers\STM32H7xx_HAL_Driver\stm32h7xx_hal_qspi.o
                0x08008ade                HAL_QSPI_StatusMatchCallback
 .text.HAL_QSPI_TimeOutCallback
                0x08008ae0        0x2 Drivers\STM32H7xx_HAL_Driver\stm32h7xx_hal_qspi.o
                0x08008ae0                HAL_QSPI_TimeOutCallback
 *fill*         0x08008ae2        0x2 
 .text.HAL_QSPI_IRQHandler
                0x08008ae4      0x1c0 Drivers\STM32H7xx_HAL_Driver\stm32h7xx_hal_qspi.o
                0x08008ae4                HAL_QSPI_IRQHandler
 .text.HAL_RCC_OscConfig
                0x08008ca4      0x5d0 Drivers\STM32H7xx_HAL_Driver\stm32h7xx_hal_rcc.o
                0x08008ca4                HAL_RCC_OscConfig
 .text.HAL_RCC_GetSysClockFreq
                0x08009274      0x138 Drivers\STM32H7xx_HAL_Driver\stm32h7xx_hal_rcc.o
                0x08009274                HAL_RCC_GetSysClockFreq
 .text.HAL_RCC_ClockConfig
                0x080093ac      0x2c0 Drivers\STM32H7xx_HAL_Driver\stm32h7xx_hal_rcc.o
                0x080093ac                HAL_RCC_ClockConfig
 .text.HAL_RCC_GetHCLKFreq
                0x0800966c       0x34 Drivers\STM32H7xx_HAL_Driver\stm32h7xx_hal_rcc.o
                0x0800966c                HAL_RCC_GetHCLKFreq
 .text.HAL_RCC_GetPCLK1Freq
                0x080096a0       0x2c Drivers\STM32H7xx_HAL_Driver\stm32h7xx_hal_rcc.o
                0x080096a0                HAL_RCC_GetPCLK1Freq
 .text.HAL_RCC_GetPCLK2Freq
                0x080096cc       0x2c Drivers\STM32H7xx_HAL_Driver\stm32h7xx_hal_rcc.o
                0x080096cc                HAL_RCC_GetPCLK2Freq
 .text.RCCEx_PLL2_Config
                0x080096f8      0x12c Drivers\STM32H7xx_HAL_Driver\stm32h7xx_hal_rcc_ex.o
 .text.RCCEx_PLL3_Config
                0x08009824      0x12c Drivers\STM32H7xx_HAL_Driver\stm32h7xx_hal_rcc_ex.o
 .text.HAL_RCCEx_PeriphCLKConfig
                0x08009950      0xa68 Drivers\STM32H7xx_HAL_Driver\stm32h7xx_hal_rcc_ex.o
                0x08009950                HAL_RCCEx_PeriphCLKConfig
 .text.HAL_RCCEx_GetD3PCLK1Freq
                0x0800a3b8       0x2c Drivers\STM32H7xx_HAL_Driver\stm32h7xx_hal_rcc_ex.o
                0x0800a3b8                HAL_RCCEx_GetD3PCLK1Freq
 .text.HAL_RCCEx_GetPLL2ClockFreq
                0x0800a3e4      0x140 Drivers\STM32H7xx_HAL_Driver\stm32h7xx_hal_rcc_ex.o
                0x0800a3e4                HAL_RCCEx_GetPLL2ClockFreq
 .text.HAL_RCCEx_GetPLL3ClockFreq
                0x0800a524      0x140 Drivers\STM32H7xx_HAL_Driver\stm32h7xx_hal_rcc_ex.o
                0x0800a524                HAL_RCCEx_GetPLL3ClockFreq
 .text.HAL_RCCEx_GetD1SysClockFreq
                0x0800a664       0x34 Drivers\STM32H7xx_HAL_Driver\stm32h7xx_hal_rcc_ex.o
                0x0800a664                HAL_RCCEx_GetD1SysClockFreq
 .text.HAL_RNG_Init
                0x0800a698       0x64 Drivers\STM32H7xx_HAL_Driver\stm32h7xx_hal_rng.o
                0x0800a698                HAL_RNG_Init
 .text.HAL_RNG_ReadyDataCallback
                0x0800a6fc        0x2 Drivers\STM32H7xx_HAL_Driver\stm32h7xx_hal_rng.o
                0x0800a6fc                HAL_RNG_ReadyDataCallback
 .text.HAL_RNG_ErrorCallback
                0x0800a6fe        0x2 Drivers\STM32H7xx_HAL_Driver\stm32h7xx_hal_rng.o
                0x0800a6fe                HAL_RNG_ErrorCallback
 .text.HAL_RNG_IRQHandler
                0x0800a700       0x4a Drivers\STM32H7xx_HAL_Driver\stm32h7xx_hal_rng.o
                0x0800a700                HAL_RNG_IRQHandler
 .text.RTC_EnterInitMode
                0x0800a74a       0x34 Drivers\STM32H7xx_HAL_Driver\stm32h7xx_hal_rtc.o
                0x0800a74a                RTC_EnterInitMode
 *fill*         0x0800a77e        0x2 
 .text.HAL_RTC_Init
                0x0800a780      0x11c Drivers\STM32H7xx_HAL_Driver\stm32h7xx_hal_rtc.o
                0x0800a780                HAL_RTC_Init
 .text.SD_FindSCR
                0x0800a89c       0xd0 Drivers\STM32H7xx_HAL_Driver\stm32h7xx_hal_sd.o
 .text.HAL_SD_ReadBlocks
                0x0800a96c      0x19c Drivers\STM32H7xx_HAL_Driver\stm32h7xx_hal_sd.o
                0x0800a96c                HAL_SD_ReadBlocks
 .text.HAL_SD_WriteBlocks
                0x0800ab08      0x180 Drivers\STM32H7xx_HAL_Driver\stm32h7xx_hal_sd.o
                0x0800ab08                HAL_SD_WriteBlocks
 .text.HAL_SD_ErrorCallback
                0x0800ac88        0x2 Drivers\STM32H7xx_HAL_Driver\stm32h7xx_hal_sd.o
                0x0800ac88                HAL_SD_ErrorCallback
 .text.HAL_SD_DriveTransceiver_1_8V_Callback
                0x0800ac8a        0x2 Drivers\STM32H7xx_HAL_Driver\stm32h7xx_hal_sd.o
                0x0800ac8a                HAL_SD_DriveTransceiver_1_8V_Callback
 .text.HAL_SD_GetCardCSD
                0x0800ac8c      0x16c Drivers\STM32H7xx_HAL_Driver\stm32h7xx_hal_sd.o
                0x0800ac8c                HAL_SD_GetCardCSD
 .text.HAL_SD_InitCard
                0x0800adf8      0x254 Drivers\STM32H7xx_HAL_Driver\stm32h7xx_hal_sd.o
                0x0800adf8                HAL_SD_InitCard
 .text.HAL_SD_GetCardStatus
                0x0800b04c      0x164 Drivers\STM32H7xx_HAL_Driver\stm32h7xx_hal_sd.o
                0x0800b04c                HAL_SD_GetCardStatus
 .text.HAL_SD_GetCardInfo
                0x0800b1b0       0x24 Drivers\STM32H7xx_HAL_Driver\stm32h7xx_hal_sd.o
                0x0800b1b0                HAL_SD_GetCardInfo
 .text.HAL_SD_ConfigWideBusOperation
                0x0800b1d4      0x12c Drivers\STM32H7xx_HAL_Driver\stm32h7xx_hal_sd.o
                0x0800b1d4                HAL_SD_ConfigWideBusOperation
 .text.HAL_SD_GetCardState
                0x0800b300       0x28 Drivers\STM32H7xx_HAL_Driver\stm32h7xx_hal_sd.o
                0x0800b300                HAL_SD_GetCardState
 .text.HAL_SD_Init
                0x0800b328      0x314 Drivers\STM32H7xx_HAL_Driver\stm32h7xx_hal_sd.o
                0x0800b328                HAL_SD_Init
 .text.HAL_SDEx_Read_DMADoubleBuf0CpltCallback
                0x0800b63c        0x2 Drivers\STM32H7xx_HAL_Driver\stm32h7xx_hal_sd.o
                0x0800b63c                HAL_SDEx_Read_DMADoubleBuf0CpltCallback
 .text.HAL_SDEx_Read_DMADoubleBuf1CpltCallback
                0x0800b63e        0x2 Drivers\STM32H7xx_HAL_Driver\stm32h7xx_hal_sd.o
                0x0800b63e                HAL_SDEx_Read_DMADoubleBuf1CpltCallback
 .text.HAL_SDEx_Write_DMADoubleBuf0CpltCallback
                0x0800b640        0x2 Drivers\STM32H7xx_HAL_Driver\stm32h7xx_hal_sd.o
                0x0800b640                HAL_SDEx_Write_DMADoubleBuf0CpltCallback
 .text.HAL_SDEx_Write_DMADoubleBuf1CpltCallback
                0x0800b642        0x2 Drivers\STM32H7xx_HAL_Driver\stm32h7xx_hal_sd.o
                0x0800b642                HAL_SDEx_Write_DMADoubleBuf1CpltCallback
 .text.HAL_SD_IRQHandler
                0x0800b644      0x214 Drivers\STM32H7xx_HAL_Driver\stm32h7xx_hal_sd.o
                0x0800b644                HAL_SD_IRQHandler
 .text.SPI_CloseTransfer
                0x0800b858       0xac Drivers\STM32H7xx_HAL_Driver\stm32h7xx_hal_spi.o
 .text.HAL_SPI_Init
                0x0800b904      0x228 Drivers\STM32H7xx_HAL_Driver\stm32h7xx_hal_spi.o
                0x0800b904                HAL_SPI_Init
 .text.HAL_SPI_Transmit
                0x0800bb2c      0x250 Drivers\STM32H7xx_HAL_Driver\stm32h7xx_hal_spi.o
                0x0800bb2c                HAL_SPI_Transmit
 .text.HAL_SPI_TransmitReceive
                0x0800bd7c      0x354 Drivers\STM32H7xx_HAL_Driver\stm32h7xx_hal_spi.o
                0x0800bd7c                HAL_SPI_TransmitReceive
 .text.HAL_SPI_TxCpltCallback
                0x0800c0d0        0x2 Drivers\STM32H7xx_HAL_Driver\stm32h7xx_hal_spi.o
                0x0800c0d0                HAL_SPI_TxCpltCallback
 .text.HAL_SPI_RxCpltCallback
                0x0800c0d2        0x2 Drivers\STM32H7xx_HAL_Driver\stm32h7xx_hal_spi.o
                0x0800c0d2                HAL_SPI_RxCpltCallback
 .text.HAL_SPI_TxRxCpltCallback
                0x0800c0d4        0x2 Drivers\STM32H7xx_HAL_Driver\stm32h7xx_hal_spi.o
                0x0800c0d4                HAL_SPI_TxRxCpltCallback
 .text.HAL_SPI_ErrorCallback
                0x0800c0d6        0x2 Drivers\STM32H7xx_HAL_Driver\stm32h7xx_hal_spi.o
                0x0800c0d6                HAL_SPI_ErrorCallback
 .text.HAL_SPI_IRQHandler
                0x0800c0d8      0x1f4 Drivers\STM32H7xx_HAL_Driver\stm32h7xx_hal_spi.o
                0x0800c0d8                HAL_SPI_IRQHandler
 .text.SPI_DMAAbortOnError
                0x0800c2cc       0x1a Drivers\STM32H7xx_HAL_Driver\stm32h7xx_hal_spi.o
 .text.UART_EndRxTransfer
                0x0800c2e6       0x1a Drivers\STM32H7xx_HAL_Driver\stm32h7xx_hal_uart.o
 .text.HAL_UART_TxCpltCallback
                0x0800c300        0x2 Drivers\STM32H7xx_HAL_Driver\stm32h7xx_hal_uart.o
                0x0800c300                HAL_UART_TxCpltCallback
 .text.HAL_UART_RxCpltCallback
                0x0800c302        0x2 Drivers\STM32H7xx_HAL_Driver\stm32h7xx_hal_uart.o
                0x0800c302                HAL_UART_RxCpltCallback
 .text.UART_Receive_IT
                0x0800c304       0x6e Drivers\STM32H7xx_HAL_Driver\stm32h7xx_hal_uart.o
 .text.HAL_UART_ErrorCallback
                0x0800c372        0x2 Drivers\STM32H7xx_HAL_Driver\stm32h7xx_hal_uart.o
                0x0800c372                HAL_UART_ErrorCallback
 .text.HAL_UART_IRQHandler
                0x0800c374      0x1b4 Drivers\STM32H7xx_HAL_Driver\stm32h7xx_hal_uart.o
                0x0800c374                HAL_UART_IRQHandler
 .text.UART_DMAAbortOnError
                0x0800c528       0x14 Drivers\STM32H7xx_HAL_Driver\stm32h7xx_hal_uart.o
 .text.UART_SetConfig
                0x0800c53c      0x678 Drivers\STM32H7xx_HAL_Driver\stm32h7xx_hal_uart.o
                0x0800c53c                UART_SetConfig
 .text.UART_AdvFeatureConfig
                0x0800cbb4      0x1c0 Drivers\STM32H7xx_HAL_Driver\stm32h7xx_hal_uart.o
                0x0800cbb4                UART_AdvFeatureConfig
 .text.UART_WaitOnFlagUntilTimeout
                0x0800cd74       0x62 Drivers\STM32H7xx_HAL_Driver\stm32h7xx_hal_uart.o
                0x0800cd74                UART_WaitOnFlagUntilTimeout
 .text.HAL_UART_Transmit
                0x0800cdd6       0xb2 Drivers\STM32H7xx_HAL_Driver\stm32h7xx_hal_uart.o
                0x0800cdd6                HAL_UART_Transmit
 .text.HAL_UART_Receive
                0x0800ce88       0xe0 Drivers\STM32H7xx_HAL_Driver\stm32h7xx_hal_uart.o
                0x0800ce88                HAL_UART_Receive
 .text.UART_CheckIdleState
                0x0800cf68       0x64 Drivers\STM32H7xx_HAL_Driver\stm32h7xx_hal_uart.o
                0x0800cf68                UART_CheckIdleState
 .text.HAL_UART_Init
                0x0800cfcc      0x110 Drivers\STM32H7xx_HAL_Driver\stm32h7xx_hal_uart.o
                0x0800cfcc                HAL_UART_Init
 .text.HAL_UARTEx_WakeupCallback
                0x0800d0dc        0x2 Drivers\STM32H7xx_HAL_Driver\stm32h7xx_hal_uart_ex.o
                0x0800d0dc                HAL_UARTEx_WakeupCallback
 *fill*         0x0800d0de        0x2 
 .text.DelayBlock_Enable
                0x0800d0e0       0xa4 Drivers\STM32H7xx_HAL_Driver\stm32h7xx_ll_delayblock.o
                0x0800d0e0                DelayBlock_Enable
 .text.SDMMC_GetCmdResp2
                0x0800d184       0x50 Drivers\STM32H7xx_HAL_Driver\stm32h7xx_ll_sdmmc.o
 .text.SDMMC_GetCmdResp3
                0x0800d1d4       0x44 Drivers\STM32H7xx_HAL_Driver\stm32h7xx_ll_sdmmc.o
 .text.SDMMC_GetCmdResp1
                0x0800d218      0x11c Drivers\STM32H7xx_HAL_Driver\stm32h7xx_ll_sdmmc.o
 .text.SDMMC_Init
                0x0800d334       0xa4 Drivers\STM32H7xx_HAL_Driver\stm32h7xx_ll_sdmmc.o
                0x0800d334                SDMMC_Init
 .text.SDMMC_ReadFIFO
                0x0800d3d8        0x6 Drivers\STM32H7xx_HAL_Driver\stm32h7xx_ll_sdmmc.o
                0x0800d3d8                SDMMC_ReadFIFO
 .text.SDMMC_WriteFIFO
                0x0800d3de        0xa Drivers\STM32H7xx_HAL_Driver\stm32h7xx_ll_sdmmc.o
                0x0800d3de                SDMMC_WriteFIFO
 .text.SDMMC_PowerState_ON
                0x0800d3e8       0x14 Drivers\STM32H7xx_HAL_Driver\stm32h7xx_ll_sdmmc.o
                0x0800d3e8                SDMMC_PowerState_ON
 .text.SDMMC_GetPowerState
                0x0800d3fc        0x8 Drivers\STM32H7xx_HAL_Driver\stm32h7xx_ll_sdmmc.o
                0x0800d3fc                SDMMC_GetPowerState
 .text.SDMMC_SendCommand
                0x0800d404       0x80 Drivers\STM32H7xx_HAL_Driver\stm32h7xx_ll_sdmmc.o
                0x0800d404                SDMMC_SendCommand
 .text.SDMMC_GetResponse
                0x0800d484       0x20 Drivers\STM32H7xx_HAL_Driver\stm32h7xx_ll_sdmmc.o
                0x0800d484                SDMMC_GetResponse
 .text.SDMMC_ConfigData
                0x0800d4a4       0x9c Drivers\STM32H7xx_HAL_Driver\stm32h7xx_ll_sdmmc.o
                0x0800d4a4                SDMMC_ConfigData
 .text.SDMMC_CmdBlockLength
                0x0800d540       0x32 Drivers\STM32H7xx_HAL_Driver\stm32h7xx_ll_sdmmc.o
                0x0800d540                SDMMC_CmdBlockLength
 .text.SDMMC_CmdReadSingleBlock
                0x0800d572       0x32 Drivers\STM32H7xx_HAL_Driver\stm32h7xx_ll_sdmmc.o
                0x0800d572                SDMMC_CmdReadSingleBlock
 .text.SDMMC_CmdReadMultiBlock
                0x0800d5a4       0x32 Drivers\STM32H7xx_HAL_Driver\stm32h7xx_ll_sdmmc.o
                0x0800d5a4                SDMMC_CmdReadMultiBlock
 .text.SDMMC_CmdWriteSingleBlock
                0x0800d5d6       0x32 Drivers\STM32H7xx_HAL_Driver\stm32h7xx_ll_sdmmc.o
                0x0800d5d6                SDMMC_CmdWriteSingleBlock
 .text.SDMMC_CmdWriteMultiBlock
                0x0800d608       0x32 Drivers\STM32H7xx_HAL_Driver\stm32h7xx_ll_sdmmc.o
                0x0800d608                SDMMC_CmdWriteMultiBlock
 *fill*         0x0800d63a        0x2 
 .text.SDMMC_CmdStopTransfer
                0x0800d63c       0x4c Drivers\STM32H7xx_HAL_Driver\stm32h7xx_ll_sdmmc.o
                0x0800d63c                SDMMC_CmdStopTransfer
 .text.SDMMC_CmdSelDesel
                0x0800d688       0x32 Drivers\STM32H7xx_HAL_Driver\stm32h7xx_ll_sdmmc.o
                0x0800d688                SDMMC_CmdSelDesel
 *fill*         0x0800d6ba        0x2 
 .text.SDMMC_CmdGoIdleState
                0x0800d6bc       0x54 Drivers\STM32H7xx_HAL_Driver\stm32h7xx_ll_sdmmc.o
                0x0800d6bc                SDMMC_CmdGoIdleState
 .text.SDMMC_CmdOperCond
                0x0800d710       0x7c Drivers\STM32H7xx_HAL_Driver\stm32h7xx_ll_sdmmc.o
                0x0800d710                SDMMC_CmdOperCond
 .text.SDMMC_CmdAppCommand
                0x0800d78c       0x32 Drivers\STM32H7xx_HAL_Driver\stm32h7xx_ll_sdmmc.o
                0x0800d78c                SDMMC_CmdAppCommand
 .text.SDMMC_CmdAppOperCommand
                0x0800d7be       0x2c Drivers\STM32H7xx_HAL_Driver\stm32h7xx_ll_sdmmc.o
                0x0800d7be                SDMMC_CmdAppOperCommand
 .text.SDMMC_CmdSendSCR
                0x0800d7ea       0x32 Drivers\STM32H7xx_HAL_Driver\stm32h7xx_ll_sdmmc.o
                0x0800d7ea                SDMMC_CmdSendSCR
 .text.SDMMC_CmdSendCID
                0x0800d81c       0x2c Drivers\STM32H7xx_HAL_Driver\stm32h7xx_ll_sdmmc.o
                0x0800d81c                SDMMC_CmdSendCID
 .text.SDMMC_CmdSendCSD
                0x0800d848       0x2c Drivers\STM32H7xx_HAL_Driver\stm32h7xx_ll_sdmmc.o
                0x0800d848                SDMMC_CmdSendCSD
 .text.SDMMC_CmdSetRelAdd
                0x0800d874       0xa4 Drivers\STM32H7xx_HAL_Driver\stm32h7xx_ll_sdmmc.o
                0x0800d874                SDMMC_CmdSetRelAdd
 .text.SDMMC_CmdSendStatus
                0x0800d918       0x32 Drivers\STM32H7xx_HAL_Driver\stm32h7xx_ll_sdmmc.o
                0x0800d918                SDMMC_CmdSendStatus
 .text.SDMMC_CmdStatusRegister
                0x0800d94a       0x32 Drivers\STM32H7xx_HAL_Driver\stm32h7xx_ll_sdmmc.o
                0x0800d94a                SDMMC_CmdStatusRegister
 .text.SDMMC_CmdSwitch
                0x0800d97c       0x32 Drivers\STM32H7xx_HAL_Driver\stm32h7xx_ll_sdmmc.o
                0x0800d97c                SDMMC_CmdSwitch
 .text.SDMMC_CmdBusWidth
                0x0800d9ae        0x4 Drivers\STM32H7xx_HAL_Driver\stm32h7xx_ll_sdmmc.o
                0x0800d9ae                SDMMC_CmdBusWidth
 .text.SDMMC_CmdVoltageSwitch
                0x0800d9b2       0x32 Drivers\STM32H7xx_HAL_Driver\stm32h7xx_ll_sdmmc.o
                0x0800d9b2                SDMMC_CmdVoltageSwitch
 .text.USB_EnableGlobalInt
                0x0800d9e4        0xc Drivers\STM32H7xx_HAL_Driver\stm32h7xx_ll_usb.o
                0x0800d9e4                USB_EnableGlobalInt
 .text.USB_DisableGlobalInt
                0x0800d9f0        0xc Drivers\STM32H7xx_HAL_Driver\stm32h7xx_ll_usb.o
                0x0800d9f0                USB_DisableGlobalInt
 .text.USB_FlushTxFifo
                0x0800d9fc       0x24 Drivers\STM32H7xx_HAL_Driver\stm32h7xx_ll_usb.o
                0x0800d9fc                USB_FlushTxFifo
 .text.USB_FlushRxFifo
                0x0800da20       0x20 Drivers\STM32H7xx_HAL_Driver\stm32h7xx_ll_usb.o
                0x0800da20                USB_FlushRxFifo
 .text.USB_ReadPacket
                0x0800da40       0x20 Drivers\STM32H7xx_HAL_Driver\stm32h7xx_ll_usb.o
                0x0800da40                USB_ReadPacket
 .text.USB_ReadInterrupts
                0x0800da60        0x8 Drivers\STM32H7xx_HAL_Driver\stm32h7xx_ll_usb.o
                0x0800da60                USB_ReadInterrupts
 .text.USB_GetMode
                0x0800da68        0x8 Drivers\STM32H7xx_HAL_Driver\stm32h7xx_ll_usb.o
                0x0800da68                USB_GetMode
 .text.USB_InitFSLSPClkSel
                0x0800da70       0x3c Drivers\STM32H7xx_HAL_Driver\stm32h7xx_ll_usb.o
                0x0800da70                USB_InitFSLSPClkSel
 .text.USB_DriveVbus
                0x0800daac       0x3c Drivers\STM32H7xx_HAL_Driver\stm32h7xx_ll_usb.o
                0x0800daac                USB_DriveVbus
 .text.USB_HC_ReadInterrupt
                0x0800dae8       0x1e Drivers\STM32H7xx_HAL_Driver\stm32h7xx_ll_usb.o
                0x0800dae8                USB_HC_ReadInterrupt
 .text.USB_HC_Halt
                0x0800db06      0x208 Drivers\STM32H7xx_HAL_Driver\stm32h7xx_ll_usb.o
                0x0800db06                USB_HC_Halt
 .text.USB_StopHost
                0x0800dd0e      0x108 Drivers\STM32H7xx_HAL_Driver\stm32h7xx_ll_usb.o
                0x0800dd0e                USB_StopHost
 *fill*         0x0800de16        0x2 
 .text.FATFS_LinkDriverEx
                0x0800de18       0x44 Middlewares\FatFs\ff_gen_drv.o
                0x0800de18                FATFS_LinkDriverEx
 .text.FATFS_LinkDriver
                0x0800de5c        0x6 Middlewares\FatFs\ff_gen_drv.o
                0x0800de5c                FATFS_LinkDriver
 .text.lwip_htons
                0x0800de62        0x6 Middlewares\LwIP\def.o
                0x0800de62                lwip_htons
 .text.lwip_htonl
                0x0800de68        0x4 Middlewares\LwIP\def.o
                0x0800de68                lwip_htonl
 .text.etharp_free_entry
                0x0800de6c       0x28 Middlewares\LwIP\etharp.o
 .text.etharp_raw
                0x0800de94       0xd8 Middlewares\LwIP\etharp.o
 .text.etharp_find_entry.isra.0
                0x0800df6c      0x114 Middlewares\LwIP\etharp.o
 .text.etharp_cleanup_netif
                0x0800e080       0x28 Middlewares\LwIP\etharp.o
                0x0800e080                etharp_cleanup_netif
 .text.etharp_input
                0x0800e0a8      0x13c Middlewares\LwIP\etharp.o
                0x0800e0a8                etharp_input
 .text.etharp_request
                0x0800e1e4       0x2c Middlewares\LwIP\etharp.o
                0x0800e1e4                etharp_request
 .text.etharp_tmr
                0x0800e210       0x54 Middlewares\LwIP\etharp.o
                0x0800e210                etharp_tmr
 .text.etharp_output_to_arp_index
                0x0800e264       0xb8 Middlewares\LwIP\etharp.o
 .text.etharp_query
                0x0800e31c      0x150 Middlewares\LwIP\etharp.o
                0x0800e31c                etharp_query
 .text.etharp_output
                0x0800e46c      0x128 Middlewares\LwIP\etharp.o
                0x0800e46c                etharp_output
 .text.ethernet_input
                0x0800e594       0x98 Middlewares\LwIP\ethernet.o
                0x0800e594                ethernet_input
 .text.ethernet_output
                0x0800e62c       0x70 Middlewares\LwIP\ethernet.o
                0x0800e62c                ethernet_output
 .text.icmp_send_response.isra.0
                0x0800e69c       0x94 Middlewares\LwIP\icmp.o
 .text.icmp_input
                0x0800e730      0x130 Middlewares\LwIP\icmp.o
                0x0800e730                icmp_input
 .text.icmp_dest_unreach
                0x0800e860        0xa Middlewares\LwIP\icmp.o
                0x0800e860                icmp_dest_unreach
 .text.icmp_time_exceeded
                0x0800e86a        0xa Middlewares\LwIP\icmp.o
                0x0800e86a                icmp_time_exceeded
 .text.lwip_init
                0x0800e874       0x1e Middlewares\LwIP\init.o
                0x0800e874                lwip_init
 *fill*         0x0800e892        0x2 
 .text.ip4_route
                0x0800e894       0x58 Middlewares\LwIP\ip4.o
                0x0800e894                ip4_route
 .text.ip4_input
                0x0800e8ec      0x184 Middlewares\LwIP\ip4.o
                0x0800e8ec                ip4_input
 .text.ip4_output_if_src
                0x0800ea70       0xf0 Middlewares\LwIP\ip4.o
                0x0800ea70                ip4_output_if_src
 .text.ip4_output_if
                0x0800eb60       0x22 Middlewares\LwIP\ip4.o
                0x0800eb60                ip4_output_if
 .text.ip4_addr_isbroadcast_u32
                0x0800eb82       0x32 Middlewares\LwIP\ip4_addr.o
                0x0800eb82                ip4_addr_isbroadcast_u32
 .text.ip_reass_dequeue_datagram
                0x0800ebb4       0x44 Middlewares\LwIP\ip4_frag.o
 .text.ip_reass_free_complete_datagram
                0x0800ebf8       0xe8 Middlewares\LwIP\ip4_frag.o
 .text.ip_reass_remove_oldest_datagram
                0x0800ece0       0x78 Middlewares\LwIP\ip4_frag.o
 .text.ip_frag_free_pbuf_custom_ref
                0x0800ed58       0x2c Middlewares\LwIP\ip4_frag.o
 .text.ipfrag_free_pbuf_custom
                0x0800ed84       0x34 Middlewares\LwIP\ip4_frag.o
 .text.ip_reass_tmr
                0x0800edb8       0x28 Middlewares\LwIP\ip4_frag.o
                0x0800edb8                ip_reass_tmr
 .text.ip4_reass
                0x0800ede0      0x354 Middlewares\LwIP\ip4_frag.o
                0x0800ede0                ip4_reass
 .text.ip4_frag
                0x0800f134      0x1b4 Middlewares\LwIP\ip4_frag.o
                0x0800f134                ip4_frag
 .text.mem_init
                0x0800f2e8       0x40 Middlewares\LwIP\mem.o
                0x0800f2e8                mem_init
 .text.mem_free
                0x0800f328      0x154 Middlewares\LwIP\mem.o
                0x0800f328                mem_free
 .text.mem_trim
                0x0800f47c       0xf0 Middlewares\LwIP\mem.o
                0x0800f47c                mem_trim
 .text.mem_malloc
                0x0800f56c      0x124 Middlewares\LwIP\mem.o
                0x0800f56c                mem_malloc
 .text.do_memp_malloc_pool.isra.0
                0x0800f690       0x2c Middlewares\LwIP\memp.o
 .text.do_memp_free_pool.isra.1
                0x0800f6bc       0x30 Middlewares\LwIP\memp.o
 .text.memp_init_pool
                0x0800f6ec       0x26 Middlewares\LwIP\memp.o
                0x0800f6ec                memp_init_pool
 *fill*         0x0800f712        0x2 
 .text.memp_init
                0x0800f714       0x1c Middlewares\LwIP\memp.o
                0x0800f714                memp_init
 .text.memp_malloc
                0x0800f730       0x38 Middlewares\LwIP\memp.o
                0x0800f730                memp_malloc
 .text.memp_free
                0x0800f768       0x34 Middlewares\LwIP\memp.o
                0x0800f768                memp_free
 .text.netif_issue_reports.part.0
                0x0800f79c       0x12 Middlewares\LwIP\netif.o
 .text.netif_init
                0x0800f7ae        0x2 Middlewares\LwIP\netif.o
                0x0800f7ae                netif_init
 .text.netif_set_ipaddr
                0x0800f7b0       0x44 Middlewares\LwIP\netif.o
                0x0800f7b0                netif_set_ipaddr
 .text.netif_set_addr
                0x0800f7f4       0x38 Middlewares\LwIP\netif.o
                0x0800f7f4                netif_set_addr
 .text.netif_add
                0x0800f82c       0x7c Middlewares\LwIP\netif.o
                0x0800f82c                netif_add
 .text.netif_set_default
                0x0800f8a8        0xc Middlewares\LwIP\netif.o
                0x0800f8a8                netif_set_default
 .text.netif_set_up
                0x0800f8b4       0x1e Middlewares\LwIP\netif.o
                0x0800f8b4                netif_set_up
 .text.netif_set_down
                0x0800f8d2       0x1a Middlewares\LwIP\netif.o
                0x0800f8d2                netif_set_down
 .text.netif_set_link_up
                0x0800f8ec       0x2e Middlewares\LwIP\netif.o
                0x0800f8ec                netif_set_link_up
 *fill*         0x0800f91a        0x2 
 .text.pbuf_header_impl
                0x0800f91c       0x9c Middlewares\LwIP\pbuf.o
 .text.pbuf_alloced_custom
                0x0800f9b8       0x70 Middlewares\LwIP\pbuf.o
                0x0800f9b8                pbuf_alloced_custom
 .text.pbuf_header
                0x0800fa28        0x6 Middlewares\LwIP\pbuf.o
                0x0800fa28                pbuf_header
 .text.pbuf_header_force
                0x0800fa2e        0x6 Middlewares\LwIP\pbuf.o
                0x0800fa2e                pbuf_header_force
 .text.pbuf_free
                0x0800fa34       0xc4 Middlewares\LwIP\pbuf.o
                0x0800fa34                pbuf_free
 .text.pbuf_alloc
                0x0800faf8      0x1c0 Middlewares\LwIP\pbuf.o
                0x0800faf8                pbuf_alloc
 .text.pbuf_realloc