Archive member included to satisfy reference by file (symbol)

c:/program files (x86)/atollic/truestudio for stm32 9.3.0/armtools/bin/../lib/gcc/arm-atollic-eabi/6.3.1/../../../../arm-atollic-eabi/lib/armv7e-m/fpu/fpv5-d16\libc_nano.a(lib_a-impure.o)
                              Application\User\DMC\dmc_print.o (_impure_ptr)
c:/program files (x86)/atollic/truestudio for stm32 9.3.0/armtools/bin/../lib/gcc/arm-atollic-eabi/6.3.1/../../../../arm-atollic-eabi/lib/armv7e-m/fpu/fpv5-d16\libc_nano.a(lib_a-init.o)
                              Application\TrueSTUDIO\startup_stm32h753xx.o (__libc_init_array)
c:/program files (x86)/atollic/truestudio for stm32 9.3.0/armtools/bin/../lib/gcc/arm-atollic-eabi/6.3.1/../../../../arm-atollic-eabi/lib/armv7e-m/fpu/fpv5-d16\libc_nano.a(lib_a-malloc.o)
                              Middlewares\USB_Host_Library\usbh_audio.o (malloc)
c:/program files (x86)/atollic/truestudio for stm32 9.3.0/armtools/bin/../lib/gcc/arm-atollic-eabi/6.3.1/../../../../arm-atollic-eabi/lib/armv7e-m/fpu/fpv5-d16\libc_nano.a(lib_a-memcmp.o)
                              Application\User\DMC\dmc_net.o (memcmp)
c:/program files (x86)/atollic/truestudio for stm32 9.3.0/armtools/bin/../lib/gcc/arm-atollic-eabi/6.3.1/../../../../arm-atollic-eabi/lib/armv7e-m/fpu/fpv5-d16\libc_nano.a(lib_a-memcpy-stub.o)
                              Application\User\DMC\dmc_rtc_mcp79412.o (memcpy)
c:/program files (x86)/atollic/truestudio for stm32 9.3.0/armtools/bin/../lib/gcc/arm-atollic-eabi/6.3.1/../../../../arm-atollic-eabi/lib/armv7e-m/fpu/fpv5-d16\libc_nano.a(lib_a-memset.o)
                              Application\User\DMC\dmc_rtc.o (memset)
c:/program files (x86)/atollic/truestudio for stm32 9.3.0/armtools/bin/../lib/gcc/arm-atollic-eabi/6.3.1/../../../../arm-atollic-eabi/lib/armv7e-m/fpu/fpv5-d16\libc_nano.a(lib_a-mktime.o)
                              Application\User\DMC\dmc_rtc.o (mktime)
c:/program files (x86)/atollic/truestudio for stm32 9.3.0/armtools/bin/../lib/gcc/arm-atollic-eabi/6.3.1/../../../../arm-atollic-eabi/lib/armv7e-m/fpu/fpv5-d16\libc_nano.a(lib_a-nano-freer.o)
                              c:/program files (x86)/atollic/truestudio for stm32 9.3.0/armtools/bin/../lib/gcc/arm-atollic-eabi/6.3.1/../../../../arm-atollic-eabi/lib/armv7e-m/fpu/fpv5-d16\libc_nano.a(lib_a-malloc.o) (_free_r)
c:/program files (x86)/atollic/truestudio for stm32 9.3.0/armtools/bin/../lib/gcc/arm-atollic-eabi/6.3.1/../../../../arm-atollic-eabi/lib/armv7e-m/fpu/fpv5-d16\libc_nano.a(lib_a-nano-mallocr.o)
                              c:/program files (x86)/atollic/truestudio for stm32 9.3.0/armtools/bin/../lib/gcc/arm-atollic-eabi/6.3.1/../../../../arm-atollic-eabi/lib/armv7e-m/fpu/fpv5-d16\libc_nano.a(lib_a-malloc.o) (_malloc_r)
c:/program files (x86)/atollic/truestudio for stm32 9.3.0/armtools/bin/../lib/gcc/arm-atollic-eabi/6.3.1/../../../../arm-atollic-eabi/lib/armv7e-m/fpu/fpv5-d16\libc_nano.a(lib_a-printf.o)
                              Application\User\DMC\dmc_fat.o (printf)
c:/program files (x86)/atollic/truestudio for stm32 9.3.0/armtools/bin/../lib/gcc/arm-atollic-eabi/6.3.1/../../../../arm-atollic-eabi/lib/armv7e-m/fpu/fpv5-d16\libc_nano.a(lib_a-puts.o)
                              Application\User\DMC\dmc_fat.o (puts)
c:/program files (x86)/atollic/truestudio for stm32 9.3.0/armtools/bin/../lib/gcc/arm-atollic-eabi/6.3.1/../../../../arm-atollic-eabi/lib/armv7e-m/fpu/fpv5-d16\libc_nano.a(lib_a-reent.o)
                              Application\TrueSTUDIO\syscalls.o (errno)
c:/program files (x86)/atollic/truestudio for stm32 9.3.0/armtools/bin/../lib/gcc/arm-atollic-eabi/6.3.1/../../../../arm-atollic-eabi/lib/armv7e-m/fpu/fpv5-d16\libc_nano.a(lib_a-sbrkr.o)
                              c:/program files (x86)/atollic/truestudio for stm32 9.3.0/armtools/bin/../lib/gcc/arm-atollic-eabi/6.3.1/../../../../arm-atollic-eabi/lib/armv7e-m/fpu/fpv5-d16\libc_nano.a(lib_a-nano-mallocr.o) (_sbrk_r)
c:/program files (x86)/atollic/truestudio for stm32 9.3.0/armtools/bin/../lib/gcc/arm-atollic-eabi/6.3.1/../../../../arm-atollic-eabi/lib/armv7e-m/fpu/fpv5-d16\libc_nano.a(lib_a-setvbuf.o)
                              Application\User\DMC\dmc_print.o (setvbuf)
c:/program files (x86)/atollic/truestudio for stm32 9.3.0/armtools/bin/../lib/gcc/arm-atollic-eabi/6.3.1/../../../../arm-atollic-eabi/lib/armv7e-m/fpu/fpv5-d16\libc_nano.a(lib_a-strcat.o)
                              Application\User\DMC\dmc_rtc.o (strcat)
c:/program files (x86)/atollic/truestudio for stm32 9.3.0/armtools/bin/../lib/gcc/arm-atollic-eabi/6.3.1/../../../../arm-atollic-eabi/lib/armv7e-m/fpu/fpv5-d16\libc_nano.a(lib_a-strcpy.o)
                              Application\User\DMC\dmc_convert.o (strcpy)
c:/program files (x86)/atollic/truestudio for stm32 9.3.0/armtools/bin/../lib/gcc/arm-atollic-eabi/6.3.1/../../../../arm-atollic-eabi/lib/armv7e-m/fpu/fpv5-d16\libc_nano.a(lib_a-strlen.o)
[...]
Memory Configuration

Name             Origin             Length             Attributes
DTCMRAM          0x20000000         0x00020000         xrw
RAM_D1           0x24000000         0x00080000         xrw
RAM_D2           0x30000000         0x00048000         xrw
RAM_D3           0x38000000         0x00010000         xrw
ITCMRAM          0x00000000         0x00010000         xrw
FLASH            0x08000000         0x00200000         xr
*default*        0x00000000         0xffffffff

Linker script and memory map

LOAD c:/program files (x86)/atollic/truestudio for stm32 9.3.0/armtools/bin/../lib/gcc/arm-atollic-eabi/6.3.1/armv7e-m/fpu/fpv5-d16/crti.o
LOAD c:/program files (x86)/atollic/truestudio for stm32 9.3.0/armtools/bin/../lib/gcc/arm-atollic-eabi/6.3.1/armv7e-m/fpu/fpv5-d16/crtbegin.o
LOAD Application\TrueSTUDIO\startup_stm32h753xx.o
LOAD Application\TrueSTUDIO\syscalls.o
LOAD Application\User\DMC\dmc_convert.o
LOAD Application\User\DMC\dmc_dipswitch.o
LOAD Application\User\DMC\dmc_errorhandler.o
LOAD Application\User\DMC\dmc_fat.o
LOAD Application\User\DMC\dmc_fifo.o
LOAD Application\User\DMC\dmc_leds.o
LOAD Application\User\DMC\dmc_mcu.o
LOAD Application\User\DMC\dmc_net.o
LOAD Application\User\DMC\dmc_print.o
LOAD Application\User\DMC\dmc_prng.o
LOAD Application\User\DMC\dmc_rtc.o
LOAD Application\User\DMC\dmc_rtc_mcp79412.o
LOAD Application\User\DMC\dmc_sram_qspi.o
LOAD Application\User\DMC\dmc_tcp.o
LOAD Application\User\DMC\dmc_tcpbase.o
LOAD Application\User\app_ethernet.o
LOAD Application\User\bsp_driver_sd.o
LOAD Application\User\crc.o
LOAD Application\User\cryp.o
LOAD Application\User\dma.o
LOAD Application\User\ethernetif.o
LOAD Application\User\fatfs.o
LOAD Application\User\fdcan.o
LOAD Application\User\gpio.o
LOAD Application\User\hash.o
LOAD Application\User\i2c.o
LOAD Application\User\iwdg.o
LOAD Application\User\lwip.o
LOAD Application\User\main.o
LOAD Application\User\quadspi.o
LOAD Application\User\rng.o
LOAD Application\User\rtc.o
LOAD Application\User\sd_diskio.o
LOAD Application\User\sdmmc.o
LOAD Application\User\spi.o
LOAD Application\User\stm32h7xx_hal_msp.o
LOAD Application\User\stm32h7xx_it.o
LOAD Application\User\tcp_echoserver.o
LOAD Application\User\usart.o
LOAD Application\User\usb_host.o
LOAD Application\User\usbh_conf.o
LOAD Drivers\BSP\Components\lan8742.o
LOAD Drivers\CMSIS\system_stm32h7xx.o
LOAD Drivers\KSZ8851SNL\KSZ8851SNL.o
LOAD Drivers\KSZ8851SNL\KSZ8851SNL_0.o
LOAD Drivers\KSZ8851SNL\KSZ8851SNL_1.o
LOAD Drivers\STM32H7xx_HAL_Driver\stm32h7xx_hal.o
LOAD Drivers\STM32H7xx_HAL_Driver\stm32h7xx_hal_cortex.o
LOAD Drivers\STM32H7xx_HAL_Driver\stm32h7xx_hal_crc.o
LOAD Drivers\STM32H7xx_HAL_Driver\stm32h7xx_hal_crc_ex.o
LOAD Drivers\STM32H7xx_HAL_Driver\stm32h7xx_hal_cryp.o
LOAD Drivers\STM32H7xx_HAL_Driver\stm32h7xx_hal_cryp_ex.o
LOAD Drivers\STM32H7xx_HAL_Driver\stm32h7xx_hal_dma.o
LOAD Drivers\STM32H7xx_HAL_Driver\stm32h7xx_hal_dma_ex.o
LOAD Drivers\STM32H7xx_HAL_Driver\stm32h7xx_hal_eth.o
LOAD Drivers\STM32H7xx_HAL_Driver\stm32h7xx_hal_eth_ex.o
LOAD Drivers\STM32H7xx_HAL_Driver\stm32h7xx_hal_fdcan.o
LOAD Drivers\STM32H7xx_HAL_Driver\stm32h7xx_hal_flash.o
LOAD Drivers\STM32H7xx_HAL_Driver\stm32h7xx_hal_flash_ex.o
LOAD Drivers\STM32H7xx_HAL_Driver\stm32h7xx_hal_gpio.o
LOAD Drivers\STM32H7xx_HAL_Driver\stm32h7xx_hal_hash.o
LOAD Drivers\STM32H7xx_HAL_Driver\stm32h7xx_hal_hash_ex.o
LOAD Drivers\STM32H7xx_HAL_Driver\stm32h7xx_hal_hcd.o
LOAD Drivers\STM32H7xx_HAL_Driver\stm32h7xx_hal_hsem.o
LOAD Drivers\STM32H7xx_HAL_Driver\stm32h7xx_hal_i2c.o
LOAD Drivers\STM32H7xx_HAL_Driver\stm32h7xx_hal_i2c_ex.o
LOAD Drivers\STM32H7xx_HAL_Driver\stm32h7xx_hal_iwdg.o
LOAD Drivers\STM32H7xx_HAL_Driver\stm32h7xx_hal_mdma.o
LOAD Drivers\STM32H7xx_HAL_Driver\stm32h7xx_hal_pwr.o
LOAD Drivers\STM32H7xx_HAL_Driver\stm32h7xx_hal_pwr_ex.o
LOAD Drivers\STM32H7xx_HAL_Driver\stm32h7xx_hal_qspi.o
LOAD Drivers\STM32H7xx_HAL_Driver\stm32h7xx_hal_rcc.o
LOAD Drivers\STM32H7xx_HAL_Driver\stm32h7xx_hal_rcc_ex.o
LOAD Drivers\STM32H7xx_HAL_Driver\stm32h7xx_hal_rng.o
LOAD Drivers\STM32H7xx_HAL_Driver\stm32h7xx_hal_rtc.o
LOAD Drivers\STM32H7xx_HAL_Driver\stm32h7xx_hal_rtc_ex.o
LOAD Drivers\STM32H7xx_HAL_Driver\stm32h7xx_hal_sd.o
LOAD Drivers\STM32H7xx_HAL_Driver\stm32h7xx_hal_sd_ex.o
LOAD Drivers\STM32H7xx_HAL_Driver\stm32h7xx_hal_smbus.o
LOAD Drivers\STM32H7xx_HAL_Driver\stm32h7xx_hal_spi.o
LOAD Drivers\STM32H7xx_HAL_Driver\stm32h7xx_hal_spi_ex.o
LOAD Drivers\STM32H7xx_HAL_Driver\stm32h7xx_hal_tim.o
LOAD Drivers\STM32H7xx_HAL_Driver\stm32h7xx_hal_tim_ex.o
LOAD Drivers\STM32H7xx_HAL_Driver\stm32h7xx_hal_uart.o
LOAD Drivers\STM32H7xx_HAL_Driver\stm32h7xx_hal_uart_ex.o
LOAD Drivers\STM32H7xx_HAL_Driver\stm32h7xx_ll_delayblock.o
LOAD Drivers\STM32H7xx_HAL_Driver\stm32h7xx_ll_sdmmc.o
LOAD Drivers\STM32H7xx_HAL_Driver\stm32h7xx_ll_usb.o
LOAD Middlewares\FatFs\diskio.o
LOAD Middlewares\FatFs\ff.o
LOAD Middlewares\FatFs\ff_gen_drv.o
LOAD Middlewares\FatFs\syscall.o
LOAD Middlewares\LwIP\api_lib.o
LOAD Middlewares\LwIP\api_msg.o
LOAD Middlewares\LwIP\auth.o
LOAD Middlewares\LwIP\autoip.o
LOAD Middlewares\LwIP\ccp.o
LOAD Middlewares\LwIP\chap-md5.o
LOAD Middlewares\LwIP\chap-new.o
LOAD Middlewares\LwIP\chap_ms.o
LOAD Middlewares\LwIP\def.o
LOAD Middlewares\LwIP\demand.o
LOAD Middlewares\LwIP\dhcp.o
LOAD Middlewares\LwIP\dhcp6.o
LOAD Middlewares\LwIP\dns.o
LOAD Middlewares\LwIP\eap.o
LOAD Middlewares\LwIP\ecp.o
LOAD Middlewares\LwIP\err.o
LOAD Middlewares\LwIP\etharp.o
LOAD Middlewares\LwIP\ethernet.o
LOAD Middlewares\LwIP\ethip6.o
LOAD Middlewares\LwIP\eui64.o
LOAD Middlewares\LwIP\fsm.o
LOAD Middlewares\LwIP\icmp.o
LOAD Middlewares\LwIP\icmp6.o
LOAD Middlewares\LwIP\igmp.o
LOAD Middlewares\LwIP\inet6.o
LOAD Middlewares\LwIP\inet_chksum.o
LOAD Middlewares\LwIP\init.o
LOAD Middlewares\LwIP\ip.o
LOAD Middlewares\LwIP\ip4.o
LOAD Middlewares\LwIP\ip4_addr.o
LOAD Middlewares\LwIP\ip4_frag.o
LOAD Middlewares\LwIP\ip6.o
LOAD Middlewares\LwIP\ip6_addr.o
LOAD Middlewares\LwIP\ip6_frag.o
LOAD Middlewares\LwIP\ipcp.o
LOAD Middlewares\LwIP\ipv6cp.o
LOAD Middlewares\LwIP\lcp.o
LOAD Middlewares\LwIP\lowpan6.o
LOAD Middlewares\LwIP\magic.o
LOAD Middlewares\LwIP\mem.o
LOAD Middlewares\LwIP\memp.o
LOAD Middlewares\LwIP\mld6.o
LOAD Middlewares\LwIP\mppe.o
LOAD Middlewares\LwIP\mqtt.o
LOAD Middlewares\LwIP\multilink.o
LOAD Middlewares\LwIP\nd6.o
LOAD Middlewares\LwIP\netbuf.o
LOAD Middlewares\LwIP\netdb.o
LOAD Middlewares\LwIP\netif.o
LOAD Middlewares\LwIP\netifapi.o
LOAD Middlewares\LwIP\pbuf.o
LOAD Middlewares\LwIP\ppp.o
LOAD Middlewares\LwIP\pppapi.o
LOAD Middlewares\LwIP\pppcrypt.o
LOAD Middlewares\LwIP\pppoe.o
LOAD Middlewares\LwIP\pppol2tp.o
LOAD Middlewares\LwIP\pppos.o
LOAD Middlewares\LwIP\raw.o
LOAD Middlewares\LwIP\slipif.o
LOAD Middlewares\LwIP\sockets.o
LOAD Middlewares\LwIP\stats.o
LOAD Middlewares\LwIP\sys.o
LOAD Middlewares\LwIP\tcp.o
LOAD Middlewares\LwIP\tcp_in.o
LOAD Middlewares\LwIP\tcp_out.o
LOAD Middlewares\LwIP\tcpip.o
LOAD Middlewares\LwIP\timeouts.o
LOAD Middlewares\LwIP\udp.o
LOAD Middlewares\LwIP\upap.o
LOAD Middlewares\LwIP\utils.o
LOAD Middlewares\LwIP\vj.o
LOAD Middlewares\USB_Host_Library\usbh_audio.o
LOAD Middlewares\USB_Host_Library\usbh_cdc.o
LOAD Middlewares\USB_Host_Library\usbh_core.o
LOAD Middlewares\USB_Host_Library\usbh_ctlreq.o
LOAD Middlewares\USB_Host_Library\usbh_hid.o
LOAD Middlewares\USB_Host_Library\usbh_hid_keybd.o
LOAD Middlewares\USB_Host_Library\usbh_hid_mouse.o
LOAD Middlewares\USB_Host_Library\usbh_hid_parser.o
LOAD Middlewares\USB_Host_Library\usbh_ioreq.o
LOAD Middlewares\USB_Host_Library\usbh_msc.o
LOAD Middlewares\USB_Host_Library\usbh_msc_bot.o
LOAD Middlewares\USB_Host_Library\usbh_msc_scsi.o
LOAD Middlewares\USB_Host_Library\usbh_mtp.o
LOAD Middlewares\USB_Host_Library\usbh_mtp_ptp.o
LOAD Middlewares\USB_Host_Library\usbh_pipes.o
                0x00000080                malloc_getpagesize_P = 0x80
START GROUP
LOAD c:/program files (x86)/atollic/truestudio for stm32 9.3.0/armtools/bin/../lib/gcc/arm-atollic-eabi/6.3.1/../../../../arm-atollic-eabi/lib/armv7e-m/fpu/fpv5-d16\libc_nano.a
LOAD c:/program files (x86)/atollic/truestudio for stm32 9.3.0/armtools/bin/../lib/gcc/arm-atollic-eabi/6.3.1/../../../../arm-atollic-eabi/lib/armv7e-m/fpu/fpv5-d16\libm.a
END GROUP
START GROUP
LOAD c:/program files (x86)/atollic/truestudio for stm32 9.3.0/armtools/bin/../lib/gcc/arm-atollic-eabi/6.3.1/armv7e-m/fpu/fpv5-d16\libgcc.a
LOAD c:/program files (x86)/atollic/truestudio for stm32 9.3.0/armtools/bin/../lib/gcc/arm-atollic-eabi/6.3.1/../../../../arm-atollic-eabi/lib/armv7e-m/fpu/fpv5-d16\libc_nano.a
END GROUP
START GROUP
LOAD c:/program files (x86)/atollic/truestudio for stm32 9.3.0/armtools/bin/../lib/gcc/arm-atollic-eabi/6.3.1/armv7e-m/fpu/fpv5-d16\libgcc.a
LOAD c:/program files (x86)/atollic/truestudio for stm32 9.3.0/armtools/bin/../lib/gcc/arm-atollic-eabi/6.3.1/../../../../arm-atollic-eabi/lib/armv7e-m/fpu/fpv5-d16\libc_nano.a
LOAD c:/program files (x86)/atollic/truestudio for stm32 9.3.0/armtools/bin/../lib/gcc/arm-atollic-eabi/6.3.1/../../../../arm-atollic-eabi/lib/armv7e-m/fpu/fpv5-d16\libnosys.a
END GROUP
START GROUP
LOAD c:/program files (x86)/atollic/truestudio for stm32 9.3.0/armtools/bin/../lib/gcc/arm-atollic-eabi/6.3.1/armv7e-m/fpu/fpv5-d16\libgcc.a
LOAD c:/program files (x86)/atollic/truestudio for stm32 9.3.0/armtools/bin/../lib/gcc/arm-atollic-eabi/6.3.1/../../../../arm-atollic-eabi/lib/armv7e-m/fpu/fpv5-d16\libc_nano.a
LOAD c:/program files (x86)/atollic/truestudio for stm32 9.3.0/armtools/bin/../lib/gcc/arm-atollic-eabi/6.3.1/../../../../arm-atollic-eabi/lib/armv7e-m/fpu/fpv5-d16\libnosys.a
END GROUP
LOAD c:/program files (x86)/atollic/truestudio for stm32 9.3.0/armtools/bin/../lib/gcc/arm-atollic-eabi/6.3.1/armv7e-m/fpu/fpv5-d16/crtend.o
LOAD c:/program files (x86)/atollic/truestudio for stm32 9.3.0/armtools/bin/../lib/gcc/arm-atollic-eabi/6.3.1/armv7e-m/fpu/fpv5-d16/crtn.o
                0x24080000                _estack = 0x24080000
                0x00002000                _Min_Heap_Size = 0x2000
                0x00004000                _Min_Stack_Size = 0x4000

.isr_vector     0x08000000      0x298
                0x08000000                . = ALIGN (0x4)
 *(.isr_vector)
 .isr_vector    0x08000000      0x298 Application\TrueSTUDIO\startup_stm32h753xx.o
                0x08000000                g_pfnVectors
                0x08000298                . = ALIGN (0x4)

.text           0x080002a0    0x130d0
                0x080002a0                . = ALIGN (0x4)
 *(.text)
 .text          0x080002a0       0x40 c:/program files (x86)/atollic/truestudio for stm32 9.3.0/armtools/bin/../lib/gcc/arm-atollic-eabi/6.3.1/armv7e-m/fpu/fpv5-d16/crtbegin.o
 .text          0x080002e0       0x10 c:/program files (x86)/atollic/truestudio for stm32 9.3.0/armtools/bin/../lib/gcc/arm-atollic-eabi/6.3.1/../../../../arm-atollic-eabi/lib/armv7e-m/fpu/fpv5-d16\libc_nano.a(lib_a-strlen.o)
                0x080002e0                strlen
 .text          0x080002f0       0xa0 c:/program files (x86)/atollic/truestudio for stm32 9.3.0/armtools/bin/../lib/gcc/arm-atollic-eabi/6.3.1/../../../../arm-atollic-eabi/lib/armv7e-m/fpu/fpv5-d16\libc_nano.a(lib_a-memchr.o)
                0x080002f0                memchr
 .text          0x08000390       0x30 c:/program files (x86)/atollic/truestudio for stm32 9.3.0/armtools/bin/../lib/gcc/arm-atollic-eabi/6.3.1/armv7e-m/fpu/fpv5-d16\libgcc.a(_aeabi_uldivmod.o)
                0x08000390                __aeabi_uldivmod
 .text          0x080003c0      0x2dc c:/program files (x86)/atollic/truestudio for stm32 9.3.0/armtools/bin/../lib/gcc/arm-atollic-eabi/6.3.1/armv7e-m/fpu/fpv5-d16\libgcc.a(_udivmoddi4.o)
                0x080003c0                __udivmoddi4
 .text          0x0800069c        0x4 c:/program files (x86)/atollic/truestudio for stm32 9.3.0/armtools/bin/../lib/gcc/arm-atollic-eabi/6.3.1/armv7e-m/fpu/fpv5-d16\libgcc.a(_dvmd_tls.o)
                0x0800069c                __aeabi_idiv0
                0x0800069c                __aeabi_ldiv0
 *(.text*)
 .text.Reset_Handler
                0x080006a0       0x50 Application\TrueSTUDIO\startup_stm32h753xx.o
                0x080006a0                Reset_Handler
 .text.Default_Handler
                0x080006f0        0x2 Application\TrueSTUDIO\startup_stm32h753xx.o
                0x080006f0                RTC_Alarm_IRQHandler
                0x080006f0                EXTI2_IRQHandler
                0x080006f0                TIM8_CC_IRQHandler
                0x080006f0                HRTIM1_Master_IRQHandler
                0x080006f0                UART8_IRQHandler
                0x080006f0                TIM1_CC_IRQHandler
                0x080006f0                BDMA_Channel6_IRQHandler
                0x080006f0                DMA2_Stream5_IRQHandler
                0x080006f0                HRTIM1_FLT_IRQHandler
                0x080006f0                JPEG_IRQHandler
                0x080006f0                BDMA_Channel1_IRQHandler
                0x080006f0                HRTIM1_TIMD_IRQHandler
                0x080006f0                TAMP_STAMP_IRQHandler
                0x080006f0                LPTIM4_IRQHandler
                0x080006f0                TIM8_TRG_COM_TIM14_IRQHandler
                0x080006f0                LPTIM2_IRQHandler
                0x080006f0                DFSDM1_FLT1_IRQHandler
                0x080006f0                DMAMUX2_OVR_IRQHandler
                0x080006f0                TIM8_UP_TIM13_IRQHandler
                0x080006f0                I2C3_ER_IRQHandler
                0x080006f0                DFSDM1_FLT2_IRQHandler
                0x080006f0                MDMA_IRQHandler
                0x080006f0                LPTIM3_IRQHandler
                0x080006f0                I2C2_EV_IRQHandler
                0x080006f0                OTG_HS_WKUP_IRQHandler
                0x080006f0                LTDC_ER_IRQHandler
                0x080006f0                HRTIM1_TIME_IRQHandler
                0x080006f0                TIM6_DAC_IRQHandler
                0x080006f0                DCMI_IRQHandler
                0x080006f0                HRTIM1_TIMC_IRQHandler
                0x080006f0                SAI2_IRQHandler
                0x080006f0                DFSDM1_FLT3_IRQHandler
                0x080006f0                USART6_IRQHandler
                0x080006f0                TIM17_IRQHandler
                0x080006f0                USART3_IRQHandler
                0x080006f0                BDMA_Channel7_IRQHandler
                0x080006f0                LPTIM5_IRQHandler
                0x080006f0                UART5_IRQHandler
                0x080006f0                ADC3_IRQHandler
                0x080006f0                TIM4_IRQHandler
                0x080006f0                BDMA_Channel2_IRQHandler
                0x080006f0                I2C1_EV_IRQHandler
                0x080006f0                DMAMUX1_OVR_IRQHandler
                0x080006f0                TIM16_IRQHandler
                0x080006f0                UART4_IRQHandler
                0x080006f0                BDMA_Channel5_IRQHandler
                0x080006f0                TIM3_IRQHandler
                0x080006f0                TIM8_BRK_TIM12_IRQHandler
                0x080006f0                TIM1_TRG_COM_IRQHandler
                0x080006f0                Default_Handler
                0x080006f0                CEC_IRQHandler
                0x080006f0                EXTI15_10_IRQHandler
                0x080006f0                BDMA_Channel0_IRQHandler
                0x080006f0                ADC_IRQHandler
                0x080006f0                HRTIM1_TIMA_IRQHandler
                0x080006f0                SPI5_IRQHandler
                0x080006f0                TIM7_IRQHandler
                0x080006f0                TIM5_IRQHandler
                0x080006f0                DMA2_Stream7_IRQHandler
                0x080006f0                TIM15_IRQHandler
                0x080006f0                I2C3_EV_IRQHandler
                0x080006f0                RTC_WKUP_IRQHandler
                0x080006f0                LTDC_IRQHandler
                0x080006f0                SAI3_IRQHandler
                0x080006f0                SPDIF_RX_IRQHandler
                0x080006f0                SPI2_IRQHandler
                0x080006f0                CRS_IRQHandler
                0x080006f0                EXTI4_IRQHandler
                0x080006f0                HRTIM1_TIMB_IRQHandler
                0x080006f0                TIM1_UP_IRQHandler
                0x080006f0                BDMA_Channel4_IRQHandler
                0x080006f0                WWDG_IRQHandler
                0x080006f0                SPI6_IRQHandler
                0x080006f0                MDIOS_IRQHandler
                0x080006f0                LPUART1_IRQHandler
                0x080006f0                TIM2_IRQHandler
                0x080006f0                OTG_FS_WKUP_IRQHandler
                0x080006f0                DMA2D_IRQHandler
                0x080006f0                TIM1_BRK_IRQHandler
                0x080006f0                EXTI1_IRQHandler
                0x080006f0                SDMMC2_IRQHandler
                0x080006f0                OTG_FS_EP1_OUT_IRQHandler
                0x080006f0                BDMA_Channel3_IRQHandler
                0x080006f0                MDIOS_WKUP_IRQHandler
                0x080006f0                DFSDM1_FLT0_IRQHandler
                0x080006f0                SAI4_IRQHandler
                0x080006f0                I2C2_ER_IRQHandler
                0x080006f0                DMA2_Stream4_IRQHandler
                0x080006f0                USART1_IRQHandler
                0x080006f0                OTG_FS_IRQHandler
                0x080006f0                SPI3_IRQHandler
                0x080006f0                WAKEUP_PIN_IRQHandler
                0x080006f0                OTG_FS_EP1_IN_IRQHandler
                0x080006f0                I2C1_ER_IRQHandler
                0x080006f0                FMC_IRQHandler
                0x080006f0                SWPMI1_IRQHandler
                0x080006f0                COMP1_IRQHandler
                0x080006f0                LPTIM1_IRQHandler
                0x080006f0                DMA2_Stream6_IRQHandler
                0x080006f0                SAI1_IRQHandler
 .text._read    0x080006f2       0x1c Application\TrueSTUDIO\syscalls.o
                0x080006f2                _read
 .text._write   0x0800070e       0x1c Application\TrueSTUDIO\syscalls.o
                0x0800070e                _write
 *fill*         0x0800072a        0x2 
 .text._sbrk    0x0800072c       0x34 Application\TrueSTUDIO\syscalls.o
                0x0800072c                _sbrk
 .text._close   0x08000760        0x6 Application\TrueSTUDIO\syscalls.o
                0x08000760                _close
 .text._fstat   0x08000766        0xa Application\TrueSTUDIO\syscalls.o
                0x08000766                _fstat
 .text._isatty  0x08000770        0x4 Application\TrueSTUDIO\syscalls.o
                0x08000770                _isatty
 .text._lseek   0x08000774        0x4 Application\TrueSTUDIO\syscalls.o
                0x08000774                _lseek
 .text.dmc_itoa
                0x08000778       0x5c Application\User\DMC\dmc_convert.o
                0x08000778                dmc_itoa
 .text.ReadDipSwitches
                0x080007d4       0x48 Application\User\DMC\dmc_dipswitch.o
                0x080007d4                ReadDipSwitches
 .text.DmcLedOn
                0x0800081c       0x54 Application\User\DMC\dmc_leds.o
                0x0800081c                DmcLedOn
 .text.DmcLedOff
                0x08000870       0x54 Application\User\DMC\dmc_leds.o
                0x08000870                DmcLedOff
 .text.DmcLedToggle
                0x080008c4       0x44 Application\User\DMC\dmc_leds.o
                0x080008c4                DmcLedToggle
 .text.DmcLedsOff
                0x08000908       0x30 Application\User\DMC\dmc_leds.o
                0x08000908                DmcLedsOff
 .text.DmcLedsOn
                0x08000938       0x30 Application\User\DMC\dmc_leds.o
                0x08000938                DmcLedsOn
 .text.GetMCUFamily
                0x08000968        0x8 Application\User\DMC\dmc_mcu.o
                0x08000968                GetMCUFamily
 .text.GetMCUType
                0x08000970        0x8 Application\User\DMC\dmc_mcu.o
                0x08000970                GetMCUType
 .text.dmc_put_sethuart
                0x08000978        0xc Application\User\DMC\dmc_print.o
                0x08000978                dmc_put_sethuart
 .text.__io_putchar
                0x08000984       0x20 Application\User\DMC\dmc_print.o
                0x08000984                __io_putchar
 .text.__io_getchar
                0x080009a4       0x24 Application\User\DMC\dmc_print.o
                0x080009a4                __io_getchar
 .text.dmc_puts
                0x080009c8       0x12 Application\User\DMC\dmc_print.o
                0x080009c8                dmc_puts
 .text.dmc_putint
                0x080009da       0x18 Application\User\DMC\dmc_print.o
                0x080009da                dmc_putint
 .text.dmc_puthex2
                0x080009f2       0x28 Application\User\DMC\dmc_print.o
                0x080009f2                dmc_puthex2
 .text.dmc_puthex2cr
                0x08000a1a       0x10 Application\User\DMC\dmc_print.o
                0x08000a1a                dmc_puthex2cr
 .text.dmc_puthex4
                0x08000a2a       0x2e Application\User\DMC\dmc_print.o
                0x08000a2a                dmc_puthex4
 .text.dmc_puthex4cr
                0x08000a58       0x10 Application\User\DMC\dmc_print.o
                0x08000a58                dmc_puthex4cr
 .text.dmc_puts2
                0x08000a68       0x22 Application\User\DMC\dmc_print.o
                0x08000a68                dmc_puts2
 .text.dmc_puts3
                0x08000a8a       0x12 Application\User\DMC\dmc_print.o
                0x08000a8a                dmc_puts3
 .text.dmc_putstrintstr
                0x08000a9c       0x20 Application\User\DMC\dmc_print.o
                0x08000a9c                dmc_putstrintstr
 .text.DMC_I2cRtcRegisterWrite
                0x08000abc       0x20 Application\User\DMC\dmc_rtc_mcp79412.o
                0x08000abc                DMC_I2cRtcRegisterWrite
 .text.DMC_I2cRtcSramWrite
                0x08000adc       0x28 Application\User\DMC\dmc_rtc_mcp79412.o
                0x08000adc                DMC_I2cRtcSramWrite
 .text.DMC_I2cRtcSramRead
                0x08000b04       0x28 Application\User\DMC\dmc_rtc_mcp79412.o
                0x08000b04                DMC_I2cRtcSramRead
 .text.DMC_I2cRtcWriteSramBytes
                0x08000b2c       0x54 Application\User\DMC\dmc_rtc_mcp79412.o
                0x08000b2c                DMC_I2cRtcWriteSramBytes
 .text.DMC_I2cRtcWriteSramByte
                0x08000b80       0x1a Application\User\DMC\dmc_rtc_mcp79412.o
                0x08000b80                DMC_I2cRtcWriteSramByte
 *fill*         0x08000b9a        0x2 
 .text.DMC_I2cRtcReadSramBytes
                0x08000b9c       0x54 Application\User\DMC\dmc_rtc_mcp79412.o
                0x08000b9c                DMC_I2cRtcReadSramBytes
 .text.DMC_I2cRtcSquareWave
                0x08000bf0       0x3a Application\User\DMC\dmc_rtc_mcp79412.o
                0x08000bf0                DMC_I2cRtcSquareWave
 .text.DMC_I2cRtcDecToBcd
                0x08000c2a       0x10 Application\User\DMC\dmc_rtc_mcp79412.o
                0x08000c2a                DMC_I2cRtcDecToBcd
 *fill*         0x08000c3a        0x2 
 .text.DMC_I2cRtcGetDayOfWeek
                0x08000c3c       0x38 Application\User\DMC\dmc_rtc_mcp79412.o
                0x08000c3c                DMC_I2cRtcGetDayOfWeek
 .text.DMC_I2cRtcGetNoOfDaysInMonth
                0x08000c74       0x24 Application\User\DMC\dmc_rtc_mcp79412.o
                0x08000c74                DMC_I2cRtcGetNoOfDaysInMonth
 .text.DMC_I2cRtcSetDateTime
                0x08000c98       0xdc Application\User\DMC\dmc_rtc_mcp79412.o
                0x08000c98                DMC_I2cRtcSetDateTime
 .text.DMC_I2cRtcEepromWriteResetTickCounter
                0x08000d74       0x14 Application\User\DMC\dmc_rtc_mcp79412.o
                0x08000d74                DMC_I2cRtcEepromWriteResetTickCounter
 .text.DMC_I2cRtcInit
                0x08000d88       0x48 Application\User\DMC\dmc_rtc_mcp79412.o
                0x08000d88                DMC_I2cRtcInit
 .text.BSP_SD_Init
                0x08000dd0       0x38 Application\User\bsp_driver_sd.o
                0x08000dd0                BSP_SD_Init
 .text.BSP_SD_ReadBlocks
                0x08000e08       0x20 Application\User\bsp_driver_sd.o
                0x08000e08                BSP_SD_ReadBlocks
 .text.BSP_SD_WriteBlocks
                0x08000e28       0x20 Application\User\bsp_driver_sd.o
                0x08000e28                BSP_SD_WriteBlocks
 .text.BSP_SD_GetCardState
                0x08000e48       0x14 Application\User\bsp_driver_sd.o
                0x08000e48                BSP_SD_GetCardState
 .text.BSP_SD_GetCardInfo
                0x08000e5c        0xc Application\User\bsp_driver_sd.o
                0x08000e5c                BSP_SD_GetCardInfo
 .text.BSP_SD_WriteCpltCallback
                0x08000e68        0x2 Application\User\bsp_driver_sd.o
                0x08000e68                BSP_SD_WriteCpltCallback
 .text.HAL_SD_TxCpltCallback
                0x08000e6a        0x8 Application\User\bsp_driver_sd.o
                0x08000e6a                HAL_SD_TxCpltCallback
 .text.BSP_SD_ReadCpltCallback
                0x08000e72        0x2 Application\User\bsp_driver_sd.o
                0x08000e72                BSP_SD_ReadCpltCallback
 .text.HAL_SD_RxCpltCallback
                0x08000e74        0x8 Application\User\bsp_driver_sd.o
                0x08000e74                HAL_SD_RxCpltCallback
 .text.MX_DMA_Init
                0x08000e7c      0x168 Application\User\dma.o
                0x08000e7c                MX_DMA_Init
 .text.SCB_CleanInvalidateDCache
                0x08000fe4       0x54 Application\User\ethernetif.o
 .text.pbuf_free_custom
                0x08001038       0x12 Application\User\ethernetif.o
                0x08001038                pbuf_free_custom
 .text.ETH_PHY_IO_DeInit
                0x0800104a        0x4 Application\User\ethernetif.o
                0x0800104a                ETH_PHY_IO_DeInit
 *fill*         0x0800104e        0x2 
 .text.low_level_output
                0x08001050       0x58 Application\User\ethernetif.o
 .text.ETH_PHY_IO_GetTick
                0x080010a8        0x4 Application\User\ethernetif.o
                0x080010a8                ETH_PHY_IO_GetTick
 .text.ETH_PHY_IO_Init
                0x080010ac       0x10 Application\User\ethernetif.o
                0x080010ac                ETH_PHY_IO_Init
 .text.ETH_PHY_IO_ReadReg
                0x080010bc       0x1c Application\User\ethernetif.o
                0x080010bc                ETH_PHY_IO_ReadReg
 .text.ETH_PHY_IO_WriteReg
                0x080010d8       0x1c Application\User\ethernetif.o
                0x080010d8                ETH_PHY_IO_WriteReg
 .text.HAL_ETH_MspInit
                0x080010f4       0xdc Application\User\ethernetif.o
                0x080010f4                HAL_ETH_MspInit
 .text.ethernetif_init
                0x080011d0      0x174 Application\User\ethernetif.o
                0x080011d0                ethernetif_init
 .text.sys_now  0x08001344        0x4 Application\User\ethernetif.o
                0x08001344                sys_now
 .text.MX_FATFS_Init
                0x08001348       0x1c Application\User\fatfs.o
                0x08001348                MX_FATFS_Init
 .text.MX_FDCAN1_Init
                0x08001364       0x60 Application\User\fdcan.o
                0x08001364                MX_FDCAN1_Init
 .text.MX_FDCAN2_Init
                0x080013c4       0x60 Application\User\fdcan.o
                0x080013c4                MX_FDCAN2_Init
 .text.HAL_FDCAN_MspInit
                0x08001424      0x134 Application\User\fdcan.o
                0x08001424                HAL_FDCAN_MspInit
 .text.MX_GPIO_Init
                0x08001558      0x270 Application\User\gpio.o
                0x08001558                MX_GPIO_Init
 .text.MX_I2C4_Init
                0x080017c8       0x58 Application\User\i2c.o
                0x080017c8                MX_I2C4_Init
 .text.HAL_I2C_MspInit
                0x08001820       0x90 Application\User\i2c.o
                0x08001820                HAL_I2C_MspInit
 .text.MX_LWIP_Init
                0x080018b0       0xdc Application\User\lwip.o
                0x080018b0                MX_LWIP_Init
 .text.SystemClock_Config
                0x0800198c      0x104 Application\User\main.o
                0x0800198c                SystemClock_Config
 .text.HAL_IncTicks
                0x08001a90       0x10 Application\User\main.o
                0x08001a90                HAL_IncTicks
 .text.HAL_StartTicks
                0x08001aa0       0x14 Application\User\main.o
                0x08001aa0                HAL_StartTicks
 .text.HAL_GetTicks
                0x08001ab4       0x20 Application\User\main.o
                0x08001ab4                HAL_GetTicks
 .text.HAL_StartTicks2
                0x08001ad4       0x14 Application\User\main.o
                0x08001ad4                HAL_StartTicks2
 .text.HAL_GetTicks2
                0x08001ae8       0x20 Application\User\main.o
                0x08001ae8                HAL_GetTicks2
 .text.startup.main
                0x08001b08      0x3c4 Application\User\main.o
                0x08001b08                main
 .text.Error_Handler
                0x08001ecc        0x2 Application\User\main.o
                0x08001ecc                Error_Handler
 .text.assert_failed
                0x08001ece        0x2 Application\User\main.o
                0x08001ece                assert_failed
 .text.MX_QUADSPI_Init
                0x08001ed0       0x38 Application\User\quadspi.o
                0x08001ed0                MX_QUADSPI_Init
 .text.HAL_QSPI_MspInit
                0x08001f08       0xe8 Application\User\quadspi.o
                0x08001f08                HAL_QSPI_MspInit
 .text.MX_RTC_Init
                0x08001ff0       0x34 Application\User\rtc.o
                0x08001ff0                MX_RTC_Init
 .text.HAL_RTC_MspInit
                0x08002024       0x1c Application\User\rtc.o
                0x08002024                HAL_RTC_MspInit
 .text.SD_CheckStatus.isra.0
                0x08002040       0x20 Application\User\sd_diskio.o
 .text.SD_initialize
                0x08002060       0x1c Application\User\sd_diskio.o
                0x08002060                SD_initialize
 .text.SD_status
                0x0800207c        0x4 Application\User\sd_diskio.o
                0x0800207c                SD_status
 .text.SD_read  0x08002080       0x20 Application\User\sd_diskio.o
                0x08002080                SD_read
 .text.SD_ioctl
                0x080020a0       0x50 Application\User\sd_diskio.o
                0x080020a0                SD_ioctl
 .text.SD_write
                0x080020f0       0x20 Application\User\sd_diskio.o
                0x080020f0                SD_write
 .text.HAL_SD_MspInit
                0x08002110       0xbc Application\User\sdmmc.o
                0x08002110                HAL_SD_MspInit
 .text.MX_SPI1_Init
                0x080021cc       0x60 Application\User\spi.o
                0x080021cc                MX_SPI1_Init
 .text.MX_SPI4_Init
                0x0800222c       0x60 Application\User\spi.o
                0x0800222c                MX_SPI4_Init
 .text.HAL_SPI_MspInit
                0x0800228c      0x2a0 Application\User\spi.o
                0x0800228c                HAL_SPI_MspInit
 .text.HAL_MspInit
                0x0800252c       0x78 Application\User\stm32h7xx_hal_msp.o
                0x0800252c                HAL_MspInit
 .text.NMI_Handler
                0x080025a4        0x2 Application\User\stm32h7xx_it.o
                0x080025a4                NMI_Handler
 .text.HardFault_Handler
                0x080025a6        0x2 Application\User\stm32h7xx_it.o
                0x080025a6                HardFault_Handler
 .text.MemManage_Handler
                0x080025a8        0x2 Application\User\stm32h7xx_it.o
                0x080025a8                MemManage_Handler
 .text.BusFault_Handler
                0x080025aa        0x2 Application\User\stm32h7xx_it.o
                0x080025aa                BusFault_Handler
 .text.UsageFault_Handler
                0x080025ac        0x2 Application\User\stm32h7xx_it.o
                0x080025ac                UsageFault_Handler
 .text.SVC_Handler
                0x080025ae        0x2 Application\User\stm32h7xx_it.o
                0x080025ae                SVC_Handler
 .text.DebugMon_Handler
                0x080025b0        0x2 Application\User\stm32h7xx_it.o
                0x080025b0                DebugMon_Handler
 .text.PendSV_Handler
                0x080025b2        0x2 Application\User\stm32h7xx_it.o
                0x080025b2                PendSV_Handler
 .text.SysTick_Handler
                0x080025b4        0xe Application\User\stm32h7xx_it.o
                0x080025b4                SysTick_Handler
 .text.PVD_AVD_IRQHandler
                0x080025c2        0x4 Application\User\stm32h7xx_it.o
                0x080025c2                PVD_AVD_IRQHandler
 .text.FLASH_IRQHandler
                0x080025c6        0x4 Application\User\stm32h7xx_it.o
                0x080025c6                FLASH_IRQHandler
 .text.RCC_IRQHandler
                0x080025ca        0x2 Application\User\stm32h7xx_it.o
                0x080025ca                RCC_IRQHandler
 .text.EXTI0_IRQHandler
                0x080025cc        0x6 Application\User\stm32h7xx_it.o
                0x080025cc                EXTI0_IRQHandler
 .text.EXTI9_5_IRQHandler
                0x080025d2       0x16 Application\User\stm32h7xx_it.o
                0x080025d2                EXTI9_5_IRQHandler
 .text.EXTI3_IRQHandler
                0x080025e8        0x6 Application\User\stm32h7xx_it.o
                0x080025e8                EXTI3_IRQHandler
 *fill*         0x080025ee        0x2 
 .text.DMA1_Stream0_IRQHandler
                0x080025f0       0x1c Application\User\stm32h7xx_it.o
                0x080025f0                DMA1_Stream0_IRQHandler
 .text.DMA1_Stream1_IRQHandler
                0x0800260c       0x1c Application\User\stm32h7xx_it.o
                0x0800260c                DMA1_Stream1_IRQHandler
 .text.DMA1_Stream2_IRQHandler
                0x08002628       0x1c Application\User\stm32h7xx_it.o
                0x08002628                DMA1_Stream2_IRQHandler
 .text.DMA1_Stream3_IRQHandler
                0x08002644       0x1c Application\User\stm32h7xx_it.o
                0x08002644                DMA1_Stream3_IRQHandler
 .text.DMA1_Stream4_IRQHandler
                0x08002660        0xc Application\User\stm32h7xx_it.o
                0x08002660                DMA1_Stream4_IRQHandler
 .text.DMA1_Stream5_IRQHandler
                0x0800266c        0xc Application\User\stm32h7xx_it.o
                0x0800266c                DMA1_Stream5_IRQHandler
 .text.DMA1_Stream6_IRQHandler
                0x08002678        0xc Application\User\stm32h7xx_it.o
                0x08002678                DMA1_Stream6_IRQHandler
 .text.FDCAN1_IT1_IRQHandler
                0x08002684        0xc Application\User\stm32h7xx_it.o
                0x08002684                FDCAN1_IT1_IRQHandler
 .text.FDCAN1_IT0_IRQHandler
                0x08002690        0x4 Application\User\stm32h7xx_it.o
                0x08002690                FDCAN1_IT0_IRQHandler
 .text.FDCAN2_IT1_IRQHandler
                0x08002694        0xc Application\User\stm32h7xx_it.o
                0x08002694                FDCAN2_IT1_IRQHandler
 .text.FDCAN2_IT0_IRQHandler
                0x080026a0        0x4 Application\User\stm32h7xx_it.o
                0x080026a0                FDCAN2_IT0_IRQHandler
 .text.SPI1_IRQHandler
                0x080026a4       0x28 Application\User\stm32h7xx_it.o
                0x080026a4                SPI1_IRQHandler
 .text.SPI4_IRQHandler
                0x080026cc       0x28 Application\User\stm32h7xx_it.o
                0x080026cc                SPI4_IRQHandler
 .text.USART2_IRQHandler
                0x080026f4        0xc Application\User\stm32h7xx_it.o
                0x080026f4                USART2_IRQHandler
 .text.DMA1_Stream7_IRQHandler
                0x08002700        0xc Application\User\stm32h7xx_it.o
                0x08002700                DMA1_Stream7_IRQHandler
 .text.SDMMC1_IRQHandler
                0x0800270c        0xc Application\User\stm32h7xx_it.o
                0x0800270c                SDMMC1_IRQHandler
 .text.DMA2_Stream0_IRQHandler
                0x08002718        0xc Application\User\stm32h7xx_it.o
                0x08002718                DMA2_Stream0_IRQHandler
 .text.DMA2_Stream1_IRQHandler
                0x08002724        0xc Application\User\stm32h7xx_it.o
                0x08002724                DMA2_Stream1_IRQHandler
 .text.DMA2_Stream2_IRQHandler
                0x08002730        0xc Application\User\stm32h7xx_it.o
                0x08002730                DMA2_Stream2_IRQHandler
 .text.DMA2_Stream3_IRQHandler
                0x0800273c        0xc Application\User\stm32h7xx_it.o
                0x0800273c                DMA2_Stream3_IRQHandler
 .text.ETH_WKUP_IRQHandler
                0x08002748        0xc Application\User\stm32h7xx_it.o
                0x08002748                ETH_WKUP_IRQHandler
 .text.ETH_IRQHandler
                0x08002754        0x4 Application\User\stm32h7xx_it.o
                0x08002754                ETH_IRQHandler
 .text.FDCAN_CAL_IRQHandler
                0x08002758       0x1c Application\User\stm32h7xx_it.o
                0x08002758                FDCAN_CAL_IRQHandler
 .text.OTG_HS_IRQHandler
                0x08002774        0xc Application\User\stm32h7xx_it.o
                0x08002774                OTG_HS_IRQHandler
 .text.OTG_HS_EP1_IN_IRQHandler
                0x08002780        0x4 Application\User\stm32h7xx_it.o
                0x08002780                OTG_HS_EP1_IN_IRQHandler
 .text.OTG_HS_EP1_OUT_IRQHandler
                0x08002784        0x4 Application\User\stm32h7xx_it.o
                0x08002784                OTG_HS_EP1_OUT_IRQHandler
 .text.CRYP_IRQHandler
                0x08002788        0xc Application\User\stm32h7xx_it.o
                0x08002788                CRYP_IRQHandler
 .text.HASH_RNG_IRQHandler
                0x08002794       0x1c Application\User\stm32h7xx_it.o
                0x08002794                HASH_RNG_IRQHandler
 .text.FPU_IRQHandler
                0x080027b0        0x2 Application\User\stm32h7xx_it.o
                0x080027b0                FPU_IRQHandler
 *fill*         0x080027b2        0x2 
 .text.UART7_IRQHandler
                0x080027b4        0xc Application\User\stm32h7xx_it.o
                0x080027b4                UART7_IRQHandler
 .text.QUADSPI_IRQHandler
                0x080027c0        0xc Application\User\stm32h7xx_it.o
                0x080027c0                QUADSPI_IRQHandler
 .text.I2C4_EV_IRQHandler
                0x080027cc        0xc Application\User\stm32h7xx_it.o
                0x080027cc                I2C4_EV_IRQHandler
 .text.I2C4_ER_IRQHandler
                0x080027d8        0xc Application\User\stm32h7xx_it.o
                0x080027d8                I2C4_ER_IRQHandler
 .text.HSEM1_IRQHandler
                0x080027e4        0x4 Application\User\stm32h7xx_it.o
                0x080027e4                HSEM1_IRQHandler
 .text.MX_UART7_Init
                0x080027e8       0x44 Application\User\usart.o
                0x080027e8                MX_UART7_Init
 .text.MX_USART2_UART_Init
                0x0800282c       0x44 Application\User\usart.o
                0x0800282c                MX_USART2_UART_Init
 .text.HAL_UART_MspInit
                0x08002870      0x248 Application\User\usart.o
                0x08002870                HAL_UART_MspInit
 .text.HAL_HCD_SOF_Callback
                0x08002ab8        0x8 Application\User\usbh_conf.o
                0x08002ab8                HAL_HCD_SOF_Callback
 .text.HAL_HCD_Connect_Callback
                0x08002ac0        0x8 Application\User\usbh_conf.o
                0x08002ac0                HAL_HCD_Connect_Callback
 .text.HAL_HCD_Disconnect_Callback
                0x08002ac8        0x8 Application\User\usbh_conf.o
                0x08002ac8                HAL_HCD_Disconnect_Callback
 .text.HAL_HCD_HC_NotifyURBChange_Callback
                0x08002ad0        0x2 Application\User\usbh_conf.o
                0x08002ad0                HAL_HCD_HC_NotifyURBChange_Callback
 *fill*         0x08002ad2        0x2 
 .text.USBH_LL_Start
                0x08002ad4       0x1c Application\User\usbh_conf.o
                0x08002ad4                USBH_LL_Start
 .text.USBH_LL_Stop
                0x08002af0       0x1c Application\User\usbh_conf.o
                0x08002af0                USBH_LL_Stop
 .text.LAN8742_RegisterBusIO
                0x08002b0c       0x28 Drivers\BSP\Components\lan8742.o
                0x08002b0c                LAN8742_RegisterBusIO
 .text.LAN8742_Init
                0x08002b34       0xc8 Drivers\BSP\Components\lan8742.o
                0x08002b34                LAN8742_Init
 .text.SystemInit
                0x08002bfc       0x64 Drivers\CMSIS\system_stm32h7xx.o
                0x08002bfc                SystemInit
 .text.ksz8851_interface_init
                0x08002c60      0x294 Drivers\KSZ8851SNL\KSZ8851SNL.o
                0x08002c60                ksz8851_interface_init
 .text.ksz8851_reg_read
                0x08002ef4       0x66 Drivers\KSZ8851SNL\KSZ8851SNL.o
                0x08002ef4                ksz8851_reg_read
 .text.ksz8851_reg_write
                0x08002f5a       0x5e Drivers\KSZ8851SNL\KSZ8851SNL.o
                0x08002f5a                ksz8851_reg_write
 .text.ksz8851_reg_setbits
                0x08002fb8       0x1e Drivers\KSZ8851SNL\KSZ8851SNL.o
                0x08002fb8                ksz8851_reg_setbits
 .text.ksz8851_reg_clrbits
                0x08002fd6       0x1e Drivers\KSZ8851SNL\KSZ8851SNL.o
                0x08002fd6                ksz8851_reg_clrbits
 .text.ksz8851_soft_reset
                0x08002ff4       0x3a Drivers\KSZ8851SNL\KSZ8851SNL.o
                0x08002ff4                ksz8851_soft_reset
 .text.ksz8851_IntEnable
                0x0800302e        0xa Drivers\KSZ8851SNL\KSZ8851SNL.o
                0x0800302e                ksz8851_IntEnable
 .text.ksz8851_init_chip
                0x08003038      0x1dc Drivers\KSZ8851SNL\KSZ8851SNL.o
                0x08003038                ksz8851_init_chip
 .text.ksz8851_init
                0x08003214       0x26 Drivers\KSZ8851SNL\KSZ8851SNL.o
                0x08003214                ksz8851_init
 .text.ksz8851_IntDisable
                0x0800323a        0x8 Drivers\KSZ8851SNL\KSZ8851SNL.o
                0x0800323a                ksz8851_IntDisable
 .text.ksz8851_IntClearAll
                0x08003242        0xa Drivers\KSZ8851SNL\KSZ8851SNL.o
                0x08003242                ksz8851_IntClearAll
 .text.ksz8851_fifo_read
                0x0800324c       0x88 Drivers\KSZ8851SNL\KSZ8851SNL.o
                0x0800324c                ksz8851_fifo_read
 .text.ksz8851snl_reset_rx
                0x080032d4       0x34 Drivers\KSZ8851SNL\KSZ8851SNL.o
                0x080032d4                ksz8851snl_reset_rx
 .text.ksz8851_Receive
                0x08003308       0xc2 Drivers\KSZ8851SNL\KSZ8851SNL.o
                0x08003308                ksz8851_Receive
 .text.set_dma_tx_ended
                0x080033ca        0x8 Drivers\KSZ8851SNL\KSZ8851SNL.o
                0x080033ca                set_dma_tx_ended
 .text.wait_dma_tx_ended
                0x080033d2        0xa Drivers\KSZ8851SNL\KSZ8851SNL.o
                0x080033d2                wait_dma_tx_ended
 .text.set_dma_rx_ended
                0x080033dc        0x6 Drivers\KSZ8851SNL\KSZ8851SNL.o
                0x080033dc                set_dma_rx_ended
 .text.set_spi_irq
                0x080033e2        0x8 Drivers\KSZ8851SNL\KSZ8851SNL.o
                0x080033e2                set_spi_irq
 .text.wait_spi_irq
                0x080033ea        0xa Drivers\KSZ8851SNL\KSZ8851SNL.o
                0x080033ea                wait_spi_irq
 .text.ksz8851_fifo_write
                0x080033f4      0x108 Drivers\KSZ8851SNL\KSZ8851SNL.o
                0x080033f4                ksz8851_fifo_write
 .text.ksz8851_Send
                0x080034fc       0x8a Drivers\KSZ8851SNL\KSZ8851SNL.o
                0x080034fc                ksz8851_Send
 *fill*         0x08003586        0x2 
 .text.ksz8851_init_0
                0x08003588       0x3c Drivers\KSZ8851SNL\KSZ8851SNL_0.o
                0x08003588                ksz8851_init_0
 .text.ksz8851_init_1
                0x080035c4       0x3c Drivers\KSZ8851SNL\KSZ8851SNL_1.o
                0x080035c4                ksz8851_init_1
 .text.HAL_InitTick
                0x08003600       0x48 Drivers\STM32H7xx_HAL_Driver\stm32h7xx_hal.o
                0x08003600                HAL_InitTick
 .text.HAL_Init
                0x08003648       0x1e Drivers\STM32H7xx_HAL_Driver\stm32h7xx_hal.o
                0x08003648                HAL_Init
 *fill*         0x08003666        0x2 
 .text.HAL_IncTick
                0x08003668       0x18 Drivers\STM32H7xx_HAL_Driver\stm32h7xx_hal.o
                0x08003668                HAL_IncTick
 .text.HAL_GetTick
                0x08003680        0xc Drivers\STM32H7xx_HAL_Driver\stm32h7xx_hal.o
                0x08003680                HAL_GetTick
 .text.HAL_Delay
                0x0800368c       0x24 Drivers\STM32H7xx_HAL_Driver\stm32h7xx_hal.o
                0x0800368c                HAL_Delay
 .text.HAL_SYSCFG_ETHInterfaceSelect
                0x080036b0       0x2c Drivers\STM32H7xx_HAL_Driver\stm32h7xx_hal.o
                0x080036b0                HAL_SYSCFG_ETHInterfaceSelect
 .text.HAL_NVIC_SetPriorityGrouping
                0x080036dc       0x3c Drivers\STM32H7xx_HAL_Driver\stm32h7xx_hal_cortex.o
                0x080036dc                HAL_NVIC_SetPriorityGrouping
 .text.HAL_NVIC_SetPriority
                0x08003718       0x90 Drivers\STM32H7xx_HAL_Driver\stm32h7xx_hal_cortex.o
                0x08003718                HAL_NVIC_SetPriority
 .text.HAL_NVIC_EnableIRQ
                0x080037a8       0x28 Drivers\STM32H7xx_HAL_Driver\stm32h7xx_hal_cortex.o
                0x080037a8                HAL_NVIC_EnableIRQ
 .text.HAL_SYSTICK_Config
                0x080037d0       0x2c Drivers\STM32H7xx_HAL_Driver\stm32h7xx_hal_cortex.o
                0x080037d0                HAL_SYSTICK_Config
 .text.HAL_MPU_Disable
                0x080037fc       0x20 Drivers\STM32H7xx_HAL_Driver\stm32h7xx_hal_cortex.o
                0x080037fc                HAL_MPU_Disable
 .text.HAL_MPU_Enable
                0x0800381c       0x24 Drivers\STM32H7xx_HAL_Driver\stm32h7xx_hal_cortex.o
                0x0800381c                HAL_MPU_Enable
 .text.HAL_MPU_ConfigRegion
                0x08003840      0x104 Drivers\STM32H7xx_HAL_Driver\stm32h7xx_hal_cortex.o
                0x08003840                HAL_MPU_ConfigRegion
 .text.HAL_CRYP_InCpltCallback
                0x08003944        0x2 Drivers\STM32H7xx_HAL_Driver\stm32h7xx_hal_cryp.o
                0x08003944                HAL_CRYP_InCpltCallback
 .text.HAL_CRYP_OutCpltCallback
                0x08003946        0x2 Drivers\STM32H7xx_HAL_Driver\stm32h7xx_hal_cryp.o
                0x08003946                HAL_CRYP_OutCpltCallback
 .text.HAL_CRYP_IRQHandler
                0x08003948      0x3be Drivers\STM32H7xx_HAL_Driver\stm32h7xx_hal_cryp.o
                0x08003948                HAL_CRYP_IRQHandler
 *fill*         0x08003d06        0x2 
 .text.DMA_SetConfig
                0x08003d08       0x70 Drivers\STM32H7xx_HAL_Driver\stm32h7xx_hal_dma.o
 .text.DMA_CalcBaseAndBitshift
                0x08003d78       0x2c Drivers\STM32H7xx_HAL_Driver\stm32h7xx_hal_dma.o
 .text.DMA_CalcDMAMUXChannelBaseAndMask
                0x08003da4       0x60 Drivers\STM32H7xx_HAL_Driver\stm32h7xx_hal_dma.o
 .text.DMA_CalcDMAMUXRequestGenBaseAndMask
                0x08003e04       0x48 Drivers\STM32H7xx_HAL_Driver\stm32h7xx_hal_dma.o
 .text.HAL_DMA_Init
                0x08003e4c      0x35c Drivers\STM32H7xx_HAL_Driver\stm32h7xx_hal_dma.o
                0x08003e4c                HAL_DMA_Init
 .text.HAL_DMA_Start_IT
                0x080041a8       0xec Drivers\STM32H7xx_HAL_Driver\stm32h7xx_hal_dma.o
                0x080041a8                HAL_DMA_Start_IT
 .text.HAL_DMA_Abort_IT
                0x08004294       0x8c Drivers\STM32H7xx_HAL_Driver\stm32h7xx_hal_dma.o
                0x08004294                HAL_DMA_Abort_IT
 .text.HAL_DMA_IRQHandler
                0x08004320      0x268 Drivers\STM32H7xx_HAL_Driver\stm32h7xx_hal_dma.o
                0x08004320                HAL_DMA_IRQHandler
 .text.HAL_DMA_GetError
                0x08004588        0x4 Drivers\STM32H7xx_HAL_Driver\stm32h7xx_hal_dma.o
                0x08004588                HAL_DMA_GetError
 .text.HAL_DMAEx_ConfigMuxSync
                0x0800458c      0x1bc Drivers\STM32H7xx_HAL_Driver\stm32h7xx_hal_dma_ex.o
                0x0800458c                HAL_DMAEx_ConfigMuxSync
 .text.ETH_SetMACConfig
                0x08004748      0x1ba Drivers\STM32H7xx_HAL_Driver\stm32h7xx_hal_eth.o
 *fill*         0x08004902        0x2 
 .text.ETH_SetDMAConfig
                0x08004904       0x90 Drivers\STM32H7xx_HAL_Driver\stm32h7xx_hal_eth.o
 .text.ETH_Prepare_Tx_Descriptors
                0x08004994      0x2b0 Drivers\STM32H7xx_HAL_Driver\stm32h7xx_hal_eth.o
 .text.HAL_ETH_DescAssignMemory
                0x08004c44       0x38 Drivers\STM32H7xx_HAL_Driver\stm32h7xx_hal_eth.o
                0x08004c44                HAL_ETH_DescAssignMemory
 .text.HAL_ETH_Start
                0x08004c7c       0x66 Drivers\STM32H7xx_HAL_Driver\stm32h7xx_hal_eth.o
                0x08004c7c                HAL_ETH_Start
 .text.HAL_ETH_Transmit
                0x08004ce2       0xa4 Drivers\STM32H7xx_HAL_Driver\stm32h7xx_hal_eth.o
                0x08004ce2                HAL_ETH_Transmit
 .text.HAL_ETH_IsRxDataAvailable
                0x08004d86       0xe8 Drivers\STM32H7xx_HAL_Driver\stm32h7xx_hal_eth.o
                0x08004d86                HAL_ETH_IsRxDataAvailable
 .text.HAL_ETH_TxCpltCallback
                0x08004e6e        0x2 Drivers\STM32H7xx_HAL_Driver\stm32h7xx_hal_eth.o
                0x08004e6e                HAL_ETH_TxCpltCallback
 .text.HAL_ETH_RxCpltCallback
                0x08004e70        0x2 Drivers\STM32H7xx_HAL_Driver\stm32h7xx_hal_eth.o
                0x08004e70                HAL_ETH_RxCpltCallback
 .text.HAL_ETH_DMAErrorCallback
                0x08004e72        0x2 Drivers\STM32H7xx_HAL_Driver\stm32h7xx_hal_eth.o
                0x08004e72                HAL_ETH_DMAErrorCallback
 .text.HAL_ETH_MACErrorCallback
                0x08004e74        0x2 Drivers\STM32H7xx_HAL_Driver\stm32h7xx_hal_eth.o
                0x08004e74                HAL_ETH_MACErrorCallback
 .text.HAL_ETH_PMTCallback
                0x08004e76        0x2 Drivers\STM32H7xx_HAL_Driver\stm32h7xx_hal_eth.o
                0x08004e76                HAL_ETH_PMTCallback
 .text.HAL_ETH_EEECallback
                0x08004e78        0x2 Drivers\STM32H7xx_HAL_Driver\stm32h7xx_hal_eth.o
                0x08004e78                HAL_ETH_EEECallback
 .text.HAL_ETH_WakeUpCallback
                0x08004e7a        0x2 Drivers\STM32H7xx_HAL_Driver\stm32h7xx_hal_eth.o
                0x08004e7a                HAL_ETH_WakeUpCallback
 .text.HAL_ETH_IRQHandler
                0x08004e7c      0x13c Drivers\STM32H7xx_HAL_Driver\stm32h7xx_hal_eth.o
                0x08004e7c                HAL_ETH_IRQHandler
 .text.HAL_ETH_ReadPHYRegister
                0x08004fb8       0x5a Drivers\STM32H7xx_HAL_Driver\stm32h7xx_hal_eth.o
                0x08004fb8                HAL_ETH_ReadPHYRegister
 *fill*         0x08005012        0x2 
 .text.HAL_ETH_WritePHYRegister
                0x08005014       0x60 Drivers\STM32H7xx_HAL_Driver\stm32h7xx_hal_eth.o
                0x08005014                HAL_ETH_WritePHYRegister
 .text.ETH_MAC_MDIO_ClkConfig
                0x08005074       0x78 Drivers\STM32H7xx_HAL_Driver\stm32h7xx_hal_eth.o
                0x08005074                HAL_ETH_SetMDIOClockRange
 .text.HAL_ETH_Init
                0x080050ec      0x280 Drivers\STM32H7xx_HAL_Driver\stm32h7xx_hal_eth.o
                0x080050ec                HAL_ETH_Init
 .text.HAL_FDCAN_Init
                0x0800536c      0x594 Drivers\STM32H7xx_HAL_Driver\stm32h7xx_hal_fdcan.o
                0x0800536c                HAL_FDCAN_Init
 .text.HAL_FDCAN_ClockCalibrationCallback
                0x08005900        0x2 Drivers\STM32H7xx_HAL_Driver\stm32h7xx_hal_fdcan.o
                0x08005900                HAL_FDCAN_ClockCalibrationCallback
 .text.HAL_FDCAN_TxEventFifoCallback
                0x08005902        0x2 Drivers\STM32H7xx_HAL_Driver\stm32h7xx_hal_fdcan.o
                0x08005902                HAL_FDCAN_TxEventFifoCallback
 .text.HAL_FDCAN_RxFifo0Callback
                0x08005904        0x2 Drivers\STM32H7xx_HAL_Driver\stm32h7xx_hal_fdcan.o
                0x08005904                HAL_FDCAN_RxFifo0Callback
 .text.HAL_FDCAN_RxFifo1Callback
                0x08005906        0x2 Drivers\STM32H7xx_HAL_Driver\stm32h7xx_hal_fdcan.o
                0x08005906                HAL_FDCAN_RxFifo1Callback
 .text.HAL_FDCAN_TxFifoEmptyCallback
                0x08005908        0x2 Drivers\STM32H7xx_HAL_Driver\stm32h7xx_hal_fdcan.o
                0x08005908                HAL_FDCAN_TxFifoEmptyCallback
 .text.HAL_FDCAN_TxBufferCompleteCallback
                0x0800590a        0x2 Drivers\STM32H7xx_HAL_Driver\stm32h7xx_hal_fdcan.o
                0x0800590a                HAL_FDCAN_TxBufferCompleteCallback
 .text.HAL_FDCAN_TxBufferAbortCallback
                0x0800590c        0x2 Drivers\STM32H7xx_HAL_Driver\stm32h7xx_hal_fdcan.o
                0x0800590c                HAL_FDCAN_TxBufferAbortCallback
 .text.HAL_FDCAN_RxBufferNewMessageCallback
                0x0800590e        0x2 Drivers\STM32H7xx_HAL_Driver\stm32h7xx_hal_fdcan.o
                0x0800590e                HAL_FDCAN_RxBufferNewMessageCallback
 .text.HAL_FDCAN_TimestampWraparoundCallback
                0x08005910        0x2 Drivers\STM32H7xx_HAL_Driver\stm32h7xx_hal_fdcan.o
                0x08005910                HAL_FDCAN_TimestampWraparoundCallback
 .text.HAL_FDCAN_TimeoutOccurredCallback
                0x08005912        0x2 Drivers\STM32H7xx_HAL_Driver\stm32h7xx_hal_fdcan.o
                0x08005912                HAL_FDCAN_TimeoutOccurredCallback
 .text.HAL_FDCAN_HighPriorityMessageCallback
                0x08005914        0x2 Drivers\STM32H7xx_HAL_Driver\stm32h7xx_hal_fdcan.o
                0x08005914                HAL_FDCAN_HighPriorityMessageCallback
 .text.HAL_FDCAN_ErrorCallback
                0x08005916        0x2 Drivers\STM32H7xx_HAL_Driver\stm32h7xx_hal_fdcan.o
                0x08005916                HAL_FDCAN_ErrorCallback
 .text.HAL_FDCAN_TT_ScheduleSyncCallback
                0x08005918        0x2 Drivers\STM32H7xx_HAL_Driver\stm32h7xx_hal_fdcan.o
                0x08005918                HAL_FDCAN_TT_ScheduleSyncCallback
 .text.HAL_FDCAN_TT_TimeMarkCallback
                0x0800591a        0x2 Drivers\STM32H7xx_HAL_Driver\stm32h7xx_hal_fdcan.o
                0x0800591a                HAL_FDCAN_TT_TimeMarkCallback
 .text.HAL_FDCAN_TT_StopWatchCallback
                0x0800591c        0x2 Drivers\STM32H7xx_HAL_Driver\stm32h7xx_hal_fdcan.o
                0x0800591c                HAL_FDCAN_TT_StopWatchCallback
 .text.HAL_FDCAN_TT_GlobalTimeCallback
                0x0800591e        0x2 Drivers\STM32H7xx_HAL_Driver\stm32h7xx_hal_fdcan.o
                0x0800591e                HAL_FDCAN_TT_GlobalTimeCallback
 .text.HAL_FDCAN_IRQHandler
                0x08005920      0x37c Drivers\STM32H7xx_HAL_Driver\stm32h7xx_hal_fdcan.o
                0x08005920                HAL_FDCAN_IRQHandler
 .text.FLASH_SetErrorCode
                0x08005c9c      0x14c Drivers\STM32H7xx_HAL_Driver\stm32h7xx_hal_flash.o
 .text.HAL_FLASH_EndOfOperationCallback
                0x08005de8        0x2 Drivers\STM32H7xx_HAL_Driver\stm32h7xx_hal_flash.o
                0x08005de8                HAL_FLASH_EndOfOperationCallback
 .text.HAL_FLASH_OperationErrorCallback
                0x08005dea        0x2 Drivers\STM32H7xx_HAL_Driver\stm32h7xx_hal_flash.o
                0x08005dea                HAL_FLASH_OperationErrorCallback
 .text.HAL_FLASH_IRQHandler
                0x08005dec      0x1dc Drivers\STM32H7xx_HAL_Driver\stm32h7xx_hal_flash.o
                0x08005dec                HAL_FLASH_IRQHandler
 .text.FLASH_Erase_Sector
                0x08005fc8       0xb0 Drivers\STM32H7xx_HAL_Driver\stm32h7xx_hal_flash_ex.o
                0x08005fc8                FLASH_Erase_Sector
 .text.HAL_GPIO_Init
                0x08006078      0x2a8 Drivers\STM32H7xx_HAL_Driver\stm32h7xx_hal_gpio.o
                0x08006078                HAL_GPIO_Init
 .text.HAL_GPIO_ReadPin
                0x08006320       0x24 Drivers\STM32H7xx_HAL_Driver\stm32h7xx_hal_gpio.o
                0x08006320                HAL_GPIO_ReadPin
 .text.HAL_GPIO_WritePin
                0x08006344       0x34 Drivers\STM32H7xx_HAL_Driver\stm32h7xx_hal_gpio.o
                0x08006344                HAL_GPIO_WritePin
 .text.HAL_GPIO_TogglePin
                0x08006378       0x20 Drivers\STM32H7xx_HAL_Driver\stm32h7xx_hal_gpio.o
                0x08006378                HAL_GPIO_TogglePin
 .text.HAL_GPIO_EXTI_Callback
                0x08006398        0x2 Drivers\STM32H7xx_HAL_Driver\stm32h7xx_hal_gpio.o
                0x08006398                HAL_GPIO_EXTI_Callback
 *fill*         0x0800639a        0x2 
 .text.HAL_GPIO_EXTI_IRQHandler
                0x0800639c       0x18 Drivers\STM32H7xx_HAL_Driver\stm32h7xx_hal_gpio.o
                0x0800639c                HAL_GPIO_EXTI_IRQHandler
 .text.HASH_GetDigest
                0x080063b4       0xc4 Drivers\STM32H7xx_HAL_Driver\stm32h7xx_hal_hash.o
 .text.HASH_WaitOnFlagUntilTimeout
                0x08006478       0x9c Drivers\STM32H7xx_HAL_Driver\stm32h7xx_hal_hash.o
 .text.HAL_HASH_InCpltCallback
                0x08006514        0x2 Drivers\STM32H7xx_HAL_Driver\stm32h7xx_hal_hash.o
                0x08006514                HAL_HASH_InCpltCallback
 .text.HAL_HASH_DgstCpltCallback
                0x08006516        0x2 Drivers\STM32H7xx_HAL_Driver\stm32h7xx_hal_hash.o
                0x08006516                HAL_HASH_DgstCpltCallback
 .text.HAL_HASH_ErrorCallback
                0x08006518        0x2 Drivers\STM32H7xx_HAL_Driver\stm32h7xx_hal_hash.o
                0x08006518                HAL_HASH_ErrorCallback
 *fill*         0x0800651a        0x2 
 .text.HAL_HASH_IRQHandler
                0x0800651c      0x1c0 Drivers\STM32H7xx_HAL_Driver\stm32h7xx_hal_hash.o
                0x0800651c                HAL_HASH_IRQHandler
 .text.HAL_HCD_IRQHandler
                0x080066dc      0x628 Drivers\STM32H7xx_HAL_Driver\stm32h7xx_hal_hcd.o
                0x080066dc                HAL_HCD_IRQHandler
 .text.HAL_HCD_Start
                0x08006d04       0x2c Drivers\STM32H7xx_HAL_Driver\stm32h7xx_hal_hcd.o
                0x08006d04                HAL_HCD_Start
 .text.HAL_HCD_Stop
                0x08006d30       0x24 Drivers\STM32H7xx_HAL_Driver\stm32h7xx_hal_hcd.o
                0x08006d30                HAL_HCD_Stop
 .text.HAL_HSEM_FreeCallback
                0x08006d54        0x2 Drivers\STM32H7xx_HAL_Driver\stm32h7xx_hal_hsem.o
                0x08006d54                HAL_HSEM_FreeCallback
 *fill*         0x08006d56        0x2 
 .text.HAL_HSEM_IRQHandler
                0x08006d58       0x28 Drivers\STM32H7xx_HAL_Driver\stm32h7xx_hal_hsem.o
                0x08006d58                HAL_HSEM_IRQHandler
 .text.I2C_Flush_TXDR
                0x08006d80       0x1c Drivers\STM32H7xx_HAL_Driver\stm32h7xx_hal_i2c.o
 .text.I2C_Disable_IRQ
                0x08006d9c       0x5e Drivers\STM32H7xx_HAL_Driver\stm32h7xx_hal_i2c.o
 *fill*         0x08006dfa        0x2 
 .text.I2C_TransferConfig
                0x08006dfc       0xb0 Drivers\STM32H7xx_HAL_Driver\stm32h7xx_hal_i2c.o
 .text.I2C_WaitOnFlagUntilTimeout
                0x08006eac       0x4e Drivers\STM32H7xx_HAL_Driver\stm32h7xx_hal_i2c.o
 .text.I2C_IsAcknowledgeFailed
                0x08006efa       0x7a Drivers\STM32H7xx_HAL_Driver\stm32h7xx_hal_i2c.o
 .text.I2C_WaitOnTXISFlagUntilTimeout
                0x08006f74       0x52 Drivers\STM32H7xx_HAL_Driver\stm32h7xx_hal_i2c.o
 *fill*         0x08006fc6        0x2 
 .text.I2C_RequestMemoryWrite
                0x08006fc8       0x6c Drivers\STM32H7xx_HAL_Driver\stm32h7xx_hal_i2c.o
 .text.I2C_RequestMemoryRead
                0x08007034       0x68 Drivers\STM32H7xx_HAL_Driver\stm32h7xx_hal_i2c.o
 .text.I2C_WaitOnSTOPFlagUntilTimeout
                0x0800709c       0x4e Drivers\STM32H7xx_HAL_Driver\stm32h7xx_hal_i2c.o
 *fill*         0x080070ea        0x2 
 .text.HAL_I2C_Init
                0x080070ec      0x154 Drivers\STM32H7xx_HAL_Driver\stm32h7xx_hal_i2c.o
                0x080070ec                HAL_I2C_Init
 .text.HAL_I2C_Master_Transmit
                0x08007240      0x130 Drivers\STM32H7xx_HAL_Driver\stm32h7xx_hal_i2c.o
                0x08007240                HAL_I2C_Master_Transmit
 .text.HAL_I2C_Mem_Write
                0x08007370      0x184 Drivers\STM32H7xx_HAL_Driver\stm32h7xx_hal_i2c.o
                0x08007370                HAL_I2C_Mem_Write
 .text.HAL_I2C_Mem_Read
                0x080074f4      0x190 Drivers\STM32H7xx_HAL_Driver\stm32h7xx_hal_i2c.o
                0x080074f4                HAL_I2C_Mem_Read
 .text.HAL_I2C_EV_IRQHandler
                0x08007684        0xe Drivers\STM32H7xx_HAL_Driver\stm32h7xx_hal_i2c.o
                0x08007684                HAL_I2C_EV_IRQHandler
 .text.HAL_I2C_SlaveTxCpltCallback
                0x08007692        0x2 Drivers\STM32H7xx_HAL_Driver\stm32h7xx_hal_i2c.o
                0x08007692                HAL_I2C_SlaveTxCpltCallback
 .text.HAL_I2C_SlaveRxCpltCallback
                0x08007694        0x2 Drivers\STM32H7xx_HAL_Driver\stm32h7xx_hal_i2c.o
                0x08007694                HAL_I2C_SlaveRxCpltCallback
 .text.I2C_ITSlaveSequentialCplt
                0x08007696       0x52 Drivers\STM32H7xx_HAL_Driver\stm32h7xx_hal_i2c.o
 .text.HAL_I2C_AddrCallback
                0x080076e8        0x2 Drivers\STM32H7xx_HAL_Driver\stm32h7xx_hal_i2c.o
                0x080076e8                HAL_I2C_AddrCallback
 .text.HAL_I2C_ListenCpltCallback
                0x080076ea        0x2 Drivers\STM32H7xx_HAL_Driver\stm32h7xx_hal_i2c.o
                0x080076ea                HAL_I2C_ListenCpltCallback
 .text.I2C_ITListenCplt
                0x080076ec       0x60 Drivers\STM32H7xx_HAL_Driver\stm32h7xx_hal_i2c.o
 .text.HAL_I2C_ErrorCallback
                0x0800774c        0x2 Drivers\STM32H7xx_HAL_Driver\stm32h7xx_hal_i2c.o
                0x0800774c                HAL_I2C_ErrorCallback
 .text.HAL_I2C_AbortCpltCallback
                0x0800774e        0x2 Drivers\STM32H7xx_HAL_Driver\stm32h7xx_hal_i2c.o
                0x0800774e                HAL_I2C_AbortCpltCallback
 .text.I2C_ITError
                0x08007750       0xe0 Drivers\STM32H7xx_HAL_Driver\stm32h7xx_hal_i2c.o
 .text.I2C_ITSlaveCplt
                0x08007830      0x100 Drivers\STM32H7xx_HAL_Driver\stm32h7xx_hal_i2c.o
 .text.I2C_Slave_ISR_IT
                0x08007930      0x1b0 Drivers\STM32H7xx_HAL_Driver\stm32h7xx_hal_i2c.o
 .text.HAL_I2C_ER_IRQHandler
                0x08007ae0       0x62 Drivers\STM32H7xx_HAL_Driver\stm32h7xx_hal_i2c.o
                0x08007ae0                HAL_I2C_ER_IRQHandler
 .text.I2C_DMAAbort
                0x08007b42       0x32 Drivers\STM32H7xx_HAL_Driver\stm32h7xx_hal_i2c.o
 .text.HAL_I2CEx_ConfigAnalogFilter
                0x08007b74       0x90 Drivers\STM32H7xx_HAL_Driver\stm32h7xx_hal_i2c_ex.o
                0x08007b74                HAL_I2CEx_ConfigAnalogFilter
 .text.HAL_I2CEx_ConfigDigitalFilter
                0x08007c04       0x8c Drivers\STM32H7xx_HAL_Driver\stm32h7xx_hal_i2c_ex.o
                0x08007c04                HAL_I2CEx_ConfigDigitalFilter
 .text.HAL_IWDG_Refresh
                0x08007c90        0xc Drivers\STM32H7xx_HAL_Driver\stm32h7xx_hal_iwdg.o
                0x08007c90                HAL_IWDG_Refresh
 .text.HAL_MDMA_Abort_IT
                0x08007c9c       0x26 Drivers\STM32H7xx_HAL_Driver\stm32h7xx_hal_mdma.o
                0x08007c9c                HAL_MDMA_Abort_IT
 .text.HAL_PWR_PVDCallback
                0x08007cc2        0x2 Drivers\STM32H7xx_HAL_Driver\stm32h7xx_hal_pwr.o
                0x08007cc2                HAL_PWR_PVDCallback
 .text.HAL_PWREx_AVDCallback
                0x08007cc4        0x2 Drivers\STM32H7xx_HAL_Driver\stm32h7xx_hal_pwr_ex.o
                0x08007cc4                HAL_PWREx_AVDCallback
 *fill*         0x08007cc6        0x2 
 .text.HAL_PWREx_PVD_AVD_IRQHandler
                0x08007cc8       0x44 Drivers\STM32H7xx_HAL_Driver\stm32h7xx_hal_pwr_ex.o
                0x08007cc8                HAL_PWREx_PVD_AVD_IRQHandler
 .text.QSPI_WaitFlagStateUntilTimeout
                0x08007d0c       0x4c Drivers\STM32H7xx_HAL_Driver\stm32h7xx_hal_qspi.o
 .text.HAL_QSPI_Init
                0x08007d58      0x190 Drivers\STM32H7xx_HAL_Driver\stm32h7xx_hal_qspi.o
                0x08007d58                HAL_QSPI_Init
 .text.HAL_QSPI_ErrorCallback
                0x08007ee8        0x2 Drivers\STM32H7xx_HAL_Driver\stm32h7xx_hal_qspi.o
                0x08007ee8                HAL_QSPI_ErrorCallback
 .text.QSPI_DMAAbortCplt
                0x08007eea       0x36 Drivers\STM32H7xx_HAL_Driver\stm32h7xx_hal_qspi.o
 .text.HAL_QSPI_AbortCpltCallback
                0x08007f20        0x2 Drivers\STM32H7xx_HAL_Driver\stm32h7xx_hal_qspi.o
                0x08007f20                HAL_QSPI_AbortCpltCallback
 .text.HAL_QSPI_CmdCpltCallback
                0x08007f22        0x2 Drivers\STM32H7xx_HAL_Driver\stm32h7xx_hal_qspi.o
                0x08007f22                HAL_QSPI_CmdCpltCallback
 .text.HAL_QSPI_RxCpltCallback
                0x08007f24        0x2 Drivers\STM32H7xx_HAL_Driver\stm32h7xx_hal_qspi.o
                0x08007f24                HAL_QSPI_RxCpltCallback
 .text.HAL_QSPI_TxCpltCallback
                0x08007f26        0x2 Drivers\STM32H7xx_HAL_Driver\stm32h7xx_hal_qspi.o
                0x08007f26                HAL_QSPI_TxCpltCallback
 .text.HAL_QSPI_FifoThresholdCallback
                0x08007f28        0x2 Drivers\STM32H7xx_HAL_Driver\stm32h7xx_hal_qspi.o
                0x08007f28                HAL_QSPI_FifoThresholdCallback
 .text.HAL_QSPI_StatusMatchCallback
                0x08007f2a        0x2 Drivers\STM32H7xx_HAL_Driver\stm32h7xx_hal_qspi.o
                0x08007f2a                HAL_QSPI_StatusMatchCallback
 .text.HAL_QSPI_TimeOutCallback
                0x08007f2c        0x2 Drivers\STM32H7xx_HAL_Driver\stm32h7xx_hal_qspi.o
                0x08007f2c                HAL_QSPI_TimeOutCallback
 *fill*         0x08007f2e        0x2 
 .text.HAL_QSPI_IRQHandler
                0x08007f30      0x1c0 Drivers\STM32H7xx_HAL_Driver\stm32h7xx_hal_qspi.o
                0x08007f30                HAL_QSPI_IRQHandler
 .text.HAL_RCC_OscConfig
                0x080080f0      0x5d0 Drivers\STM32H7xx_HAL_Driver\stm32h7xx_hal_rcc.o
                0x080080f0                HAL_RCC_OscConfig
 .text.HAL_RCC_GetSysClockFreq
                0x080086c0      0x138 Drivers\STM32H7xx_HAL_Driver\stm32h7xx_hal_rcc.o
                0x080086c0                HAL_RCC_GetSysClockFreq
 .text.HAL_RCC_ClockConfig
                0x080087f8      0x2c0 Drivers\STM32H7xx_HAL_Driver\stm32h7xx_hal_rcc.o
                0x080087f8                HAL_RCC_ClockConfig
 .text.HAL_RCC_GetHCLKFreq
                0x08008ab8       0x34 Drivers\STM32H7xx_HAL_Driver\stm32h7xx_hal_rcc.o
                0x08008ab8                HAL_RCC_GetHCLKFreq
 .text.HAL_RCC_GetPCLK1Freq
                0x08008aec       0x2c Drivers\STM32H7xx_HAL_Driver\stm32h7xx_hal_rcc.o
                0x08008aec                HAL_RCC_GetPCLK1Freq
 .text.HAL_RCC_GetPCLK2Freq
                0x08008b18       0x2c Drivers\STM32H7xx_HAL_Driver\stm32h7xx_hal_rcc.o
                0x08008b18                HAL_RCC_GetPCLK2Freq
 .text.RCCEx_PLL2_Config
                0x08008b44      0x12c Drivers\STM32H7xx_HAL_Driver\stm32h7xx_hal_rcc_ex.o
 .text.RCCEx_PLL3_Config
                0x08008c70      0x12c Drivers\STM32H7xx_HAL_Driver\stm32h7xx_hal_rcc_ex.o
 .text.HAL_RCCEx_PeriphCLKConfig
                0x08008d9c      0xa68 Drivers\STM32H7xx_HAL_Driver\stm32h7xx_hal_rcc_ex.o
                0x08008d9c                HAL_RCCEx_PeriphCLKConfig
 .text.HAL_RCCEx_GetD3PCLK1Freq
                0x08009804       0x2c Drivers\STM32H7xx_HAL_Driver\stm32h7xx_hal_rcc_ex.o
                0x08009804                HAL_RCCEx_GetD3PCLK1Freq
 .text.HAL_RCCEx_GetPLL2ClockFreq
                0x08009830      0x140 Drivers\STM32H7xx_HAL_Driver\stm32h7xx_hal_rcc_ex.o
                0x08009830                HAL_RCCEx_GetPLL2ClockFreq
 .text.HAL_RCCEx_GetPLL3ClockFreq
                0x08009970      0x140 Drivers\STM32H7xx_HAL_Driver\stm32h7xx_hal_rcc_ex.o
                0x08009970                HAL_RCCEx_GetPLL3ClockFreq
 .text.HAL_RCCEx_GetD1SysClockFreq
                0x08009ab0       0x34 Drivers\STM32H7xx_HAL_Driver\stm32h7xx_hal_rcc_ex.o
                0x08009ab0                HAL_RCCEx_GetD1SysClockFreq
 .text.HAL_RNG_ReadyDataCallback
                0x08009ae4        0x2 Drivers\STM32H7xx_HAL_Driver\stm32h7xx_hal_rng.o
                0x08009ae4                HAL_RNG_ReadyDataCallback
 .text.HAL_RNG_ErrorCallback
                0x08009ae6        0x2 Drivers\STM32H7xx_HAL_Driver\stm32h7xx_hal_rng.o
                0x08009ae6                HAL_RNG_ErrorCallback
 .text.HAL_RNG_IRQHandler
                0x08009ae8       0x4a Drivers\STM32H7xx_HAL_Driver\stm32h7xx_hal_rng.o
                0x08009ae8                HAL_RNG_IRQHandler
 .text.RTC_EnterInitMode
                0x08009b32       0x34 Drivers\STM32H7xx_HAL_Driver\stm32h7xx_hal_rtc.o
                0x08009b32                RTC_EnterInitMode
 *fill*         0x08009b66        0x2 
 .text.HAL_RTC_Init
                0x08009b68      0x11c Drivers\STM32H7xx_HAL_Driver\stm32h7xx_hal_rtc.o
                0x08009b68                HAL_RTC_Init
 .text.SD_FindSCR
                0x08009c84       0xd0 Drivers\STM32H7xx_HAL_Driver\stm32h7xx_hal_sd.o
 .text.HAL_SD_ReadBlocks
                0x08009d54      0x19c Drivers\STM32H7xx_HAL_Driver\stm32h7xx_hal_sd.o
                0x08009d54                HAL_SD_ReadBlocks
 .text.HAL_SD_WriteBlocks
                0x08009ef0      0x180 Drivers\STM32H7xx_HAL_Driver\stm32h7xx_hal_sd.o
                0x08009ef0                HAL_SD_WriteBlocks
 .text.HAL_SD_ErrorCallback
                0x0800a070        0x2 Drivers\STM32H7xx_HAL_Driver\stm32h7xx_hal_sd.o
                0x0800a070                HAL_SD_ErrorCallback
 .text.HAL_SD_DriveTransceiver_1_8V_Callback
                0x0800a072        0x2 Drivers\STM32H7xx_HAL_Driver\stm32h7xx_hal_sd.o
                0x0800a072                HAL_SD_DriveTransceiver_1_8V_Callback
 .text.HAL_SD_GetCardCSD
                0x0800a074      0x16c Drivers\STM32H7xx_HAL_Driver\stm32h7xx_hal_sd.o
                0x0800a074                HAL_SD_GetCardCSD
 .text.HAL_SD_InitCard
                0x0800a1e0      0x254 Drivers\STM32H7xx_HAL_Driver\stm32h7xx_hal_sd.o
                0x0800a1e0                HAL_SD_InitCard
 .text.HAL_SD_GetCardStatus
                0x0800a434      0x164 Drivers\STM32H7xx_HAL_Driver\stm32h7xx_hal_sd.o
                0x0800a434                HAL_SD_GetCardStatus
 .text.HAL_SD_GetCardInfo
                0x0800a598       0x24 Drivers\STM32H7xx_HAL_Driver\stm32h7xx_hal_sd.o
                0x0800a598                HAL_SD_GetCardInfo
 .text.HAL_SD_ConfigWideBusOperation
                0x0800a5bc      0x12c Drivers\STM32H7xx_HAL_Driver\stm32h7xx_hal_sd.o
                0x0800a5bc                HAL_SD_ConfigWideBusOperation
 .text.HAL_SD_GetCardState
                0x0800a6e8       0x28 Drivers\STM32H7xx_HAL_Driver\stm32h7xx_hal_sd.o
                0x0800a6e8                HAL_SD_GetCardState
 .text.HAL_SD_Init
                0x0800a710      0x314 Drivers\STM32H7xx_HAL_Driver\stm32h7xx_hal_sd.o
                0x0800a710                HAL_SD_Init
 .text.HAL_SDEx_Read_DMADoubleBuf0CpltCallback
                0x0800aa24        0x2 Drivers\STM32H7xx_HAL_Driver\stm32h7xx_hal_sd.o
                0x0800aa24                HAL_SDEx_Read_DMADoubleBuf0CpltCallback
 .text.HAL_SDEx_Read_DMADoubleBuf1CpltCallback
                0x0800aa26        0x2 Drivers\STM32H7xx_HAL_Driver\stm32h7xx_hal_sd.o
                0x0800aa26                HAL_SDEx_Read_DMADoubleBuf1CpltCallback
 .text.HAL_SDEx_Write_DMADoubleBuf0CpltCallback
                0x0800aa28        0x2 Drivers\STM32H7xx_HAL_Driver\stm32h7xx_hal_sd.o
                0x0800aa28                HAL_SDEx_Write_DMADoubleBuf0CpltCallback
 .text.HAL_SDEx_Write_DMADoubleBuf1CpltCallback
                0x0800aa2a        0x2 Drivers\STM32H7xx_HAL_Driver\stm32h7xx_hal_sd.o
                0x0800aa2a                HAL_SDEx_Write_DMADoubleBuf1CpltCallback
 .text.HAL_SD_IRQHandler
                0x0800aa2c      0x214 Drivers\STM32H7xx_HAL_Driver\stm32h7xx_hal_sd.o
                0x0800aa2c                HAL_SD_IRQHandler
 .text.SPI_CloseTransfer
                0x0800ac40       0xac Drivers\STM32H7xx_HAL_Driver\stm32h7xx_hal_spi.o
 .text.HAL_SPI_Init
                0x0800acec      0x228 Drivers\STM32H7xx_HAL_Driver\stm32h7xx_hal_spi.o
                0x0800acec                HAL_SPI_Init
 .text.HAL_SPI_Transmit
                0x0800af14      0x250 Drivers\STM32H7xx_HAL_Driver\stm32h7xx_hal_spi.o
                0x0800af14                HAL_SPI_Transmit
 .text.HAL_SPI_TransmitReceive
                0x0800b164      0x354 Drivers\STM32H7xx_HAL_Driver\stm32h7xx_hal_spi.o
                0x0800b164                HAL_SPI_TransmitReceive
 .text.HAL_SPI_Receive
                0x0800b4b8      0x23c Drivers\STM32H7xx_HAL_Driver\stm32h7xx_hal_spi.o
                0x0800b4b8                HAL_SPI_Receive
 .text.HAL_SPI_Transmit_DMA
                0x0800b6f4      0x178 Drivers\STM32H7xx_HAL_Driver\stm32h7xx_hal_spi.o
                0x0800b6f4                HAL_SPI_Transmit_DMA
 .text.HAL_SPI_TxCpltCallback
                0x0800b86c        0x2 Drivers\STM32H7xx_HAL_Driver\stm32h7xx_hal_spi.o
                0x0800b86c                HAL_SPI_TxCpltCallback
 .text.SPI_DMATransmitCplt
                0x0800b86e       0x28 Drivers\STM32H7xx_HAL_Driver\stm32h7xx_hal_spi.o
 .text.HAL_SPI_RxCpltCallback
                0x0800b896        0x2 Drivers\STM32H7xx_HAL_Driver\stm32h7xx_hal_spi.o
                0x0800b896                HAL_SPI_RxCpltCallback
 .text.HAL_SPI_TxRxCpltCallback
                0x0800b898        0x2 Drivers\STM32H7xx_HAL_Driver\stm32h7xx_hal_spi.o
                0x0800b898                HAL_SPI_TxRxCpltCallback
 .text.HAL_SPI_TxHalfCpltCallback
                0x0800b89a        0x2 Drivers\STM32H7xx_HAL_Driver\stm32h7xx_hal_spi.o
                0x0800b89a                HAL_SPI_TxHalfCpltCallback
 .text.SPI_DMAHalfTransmitCplt
                0x0800b89c        0xa Drivers\STM32H7xx_HAL_Driver\stm32h7xx_hal_spi.o
 .text.HAL_SPI_ErrorCallback
                0x0800b8a6        0x2 Drivers\STM32H7xx_HAL_Driver\stm32h7xx_hal_spi.o
                0x0800b8a6                HAL_SPI_ErrorCallback
 .text.SPI_DMAError
                0x0800b8a8       0x2c Drivers\STM32H7xx_HAL_Driver\stm32h7xx_hal_spi.o
 .text.HAL_SPI_IRQHandler
                0x0800b8d4      0x1f4 Drivers\STM32H7xx_HAL_Driver\stm32h7xx_hal_spi.o
                0x0800b8d4                HAL_SPI_IRQHandler
 .text.SPI_DMAAbortOnError
                0x0800bac8       0x1a Drivers\STM32H7xx_HAL_Driver\stm32h7xx_hal_spi.o
 .text.UART_EndRxTransfer
                0x0800bae2       0x1a Drivers\STM32H7xx_HAL_Driver\stm32h7xx_hal_uart.o
 .text.HAL_UART_TxCpltCallback
                0x0800bafc        0x2 Drivers\STM32H7xx_HAL_Driver\stm32h7xx_hal_uart.o
                0x0800bafc                HAL_UART_TxCpltCallback
 .text.HAL_UART_RxCpltCallback
                0x0800bafe        0x2 Drivers\STM32H7xx_HAL_Driver\stm32h7xx_hal_uart.o
                0x0800bafe                HAL_UART_RxCpltCallback
 .text.UART_Receive_IT
                0x0800bb00       0x6e Drivers\STM32H7xx_HAL_Driver\stm32h7xx_hal_uart.o
 .text.HAL_UART_ErrorCallback
                0x0800bb6e        0x2 Drivers\STM32H7xx_HAL_Driver\stm32h7xx_hal_uart.o
                0x0800bb6e                HAL_UART_ErrorCallback
 .text.HAL_UART_IRQHandler
                0x0800bb70      0x1b4 Drivers\STM32H7xx_HAL_Driver\stm32h7xx_hal_uart.o
                0x0800bb70                HAL_UART_IRQHandler
 .text.UART_DMAAbortOnError
                0x0800bd24       0x14 Drivers\STM32H7xx_HAL_Driver\stm32h7xx_hal_uart.o
 .text.UART_SetConfig
                0x0800bd38      0x678 Drivers\STM32H7xx_HAL_Driver\stm32h7xx_hal_uart.o
                0x0800bd38                UART_SetConfig
 .text.UART_AdvFeatureConfig
                0x0800c3b0      0x1c0 Drivers\STM32H7xx_HAL_Driver\stm32h7xx_hal_uart.o
                0x0800c3b0                UART_AdvFeatureConfig
 .text.UART_WaitOnFlagUntilTimeout
                0x0800c570       0x62 Drivers\STM32H7xx_HAL_Driver\stm32h7xx_hal_uart.o
                0x0800c570                UART_WaitOnFlagUntilTimeout
 .text.HAL_UART_Transmit
                0x0800c5d2       0xb2 Drivers\STM32H7xx_HAL_Driver\stm32h7xx_hal_uart.o
                0x0800c5d2                HAL_UART_Transmit
 .text.HAL_UART_Receive
                0x0800c684       0xe0 Drivers\STM32H7xx_HAL_Driver\stm32h7xx_hal_uart.o
                0x0800c684                HAL_UART_Receive
 .text.UART_CheckIdleState
                0x0800c764       0x64 Drivers\STM32H7xx_HAL_Driver\stm32h7xx_hal_uart.o
                0x0800c764                UART_CheckIdleState
 .text.HAL_UART_Init
                0x0800c7c8      0x110 Drivers\STM32H7xx_HAL_Driver\stm32h7xx_hal_uart.o
                0x0800c7c8                HAL_UART_Init
 .text.HAL_UARTEx_WakeupCallback
                0x0800c8d8        0x2 Drivers\STM32H7xx_HAL_Driver\stm32h7xx_hal_uart_ex.o
                0x0800c8d8                HAL_UARTEx_WakeupCallback
 *fill*         0x0800c8da        0x2 
 .text.DelayBlock_Enable
                0x0800c8dc       0xa4 Drivers\STM32H7xx_HAL_Driver\stm32h7xx_ll_delayblock.o
                0x0800c8dc                DelayBlock_Enable
 .text.SDMMC_GetCmdResp2
                0x0800c980       0x50 Drivers\STM32H7xx_HAL_Driver\stm32h7xx_ll_sdmmc.o
 .text.SDMMC_GetCmdResp3
                0x0800c9d0       0x44 Drivers\STM32H7xx_HAL_Driver\stm32h7xx_ll_sdmmc.o
 .text.SDMMC_GetCmdResp1
                0x0800ca14      0x11c Drivers\STM32H7xx_HAL_Driver\stm32h7xx_ll_sdmmc.o
 .text.SDMMC_Init
                0x0800cb30       0xa4 Drivers\STM32H7xx_HAL_Driver\stm32h7xx_ll_sdmmc.o
                0x0800cb30                SDMMC_Init
 .text.SDMMC_ReadFIFO
                0x0800cbd4        0x6 Drivers\STM32H7xx_HAL_Driver\stm32h7xx_ll_sdmmc.o
                0x0800cbd4                SDMMC_ReadFIFO
 .text.SDMMC_WriteFIFO
                0x0800cbda        0xa Drivers\STM32H7xx_HAL_Driver\stm32h7xx_ll_sdmmc.o
                0x0800cbda                SDMMC_WriteFIFO
 .text.SDMMC_PowerState_ON
                0x0800cbe4       0x14 Drivers\STM32H7xx_HAL_Driver\stm32h7xx_ll_sdmmc.o
                0x0800cbe4                SDMMC_PowerState_ON
 .text.SDMMC_GetPowerState
                0x0800cbf8        0x8 Drivers\STM32H7xx_HAL_Driver\stm32h7xx_ll_sdmmc.o
                0x0800cbf8                SDMMC_GetPowerState
 .text.SDMMC_SendCommand
                0x0800cc00       0x80 Drivers\STM32H7xx_HAL_Driver\stm32h7xx_ll_sdmmc.o
                0x0800cc00                SDMMC_SendCommand
 .text.SDMMC_GetResponse
                0x0800cc80       0x20 Drivers\STM32H7xx_HAL_Driver\stm32h7xx_ll_sdmmc.o
                0x0800cc80                SDMMC_GetResponse
 .text.SDMMC_ConfigData
                0x0800cca0       0x9c Drivers\STM32H7xx_HAL_Driver\stm32h7xx_ll_sdmmc.o
                0x0800cca0                SDMMC_ConfigData
 .text.SDMMC_CmdBlockLength
                0x0800cd3c       0x32 Drivers\STM32H7xx_HAL_Driver\stm32h7xx_ll_sdmmc.o
                0x0800cd3c                SDMMC_CmdBlockLength
 .text.SDMMC_CmdReadSingleBlock
                0x0800cd6e       0x32 Drivers\STM32H7xx_HAL_Driver\stm32h7xx_ll_sdmmc.o
                0x0800cd6e                SDMMC_CmdReadSingleBlock
 .text.SDMMC_CmdReadMultiBlock
                0x0800cda0       0x32 Drivers\STM32H7xx_HAL_Driver\stm32h7xx_ll_sdmmc.o
                0x0800cda0                SDMMC_CmdReadMultiBlock
 .text.SDMMC_CmdWriteSingleBlock
                0x0800cdd2       0x32 Drivers\STM32H7xx_HAL_Driver\stm32h7xx_ll_sdmmc.o
                0x0800cdd2                SDMMC_CmdWriteSingleBlock
 .text.SDMMC_CmdWriteMultiBlock
                0x0800ce04       0x32 Drivers\STM32H7xx_HAL_Driver\stm32h7xx_ll_sdmmc.o
                0x0800ce04                SDMMC_CmdWriteMultiBlock
 *fill*         0x0800ce36        0x2 
 .text.SDMMC_CmdStopTransfer
                0x0800ce38       0x4c Drivers\STM32H7xx_HAL_Driver\stm32h7xx_ll_sdmmc.o
                0x0800ce38                SDMMC_CmdStopTransfer
 .text.SDMMC_CmdSelDesel
                0x0800ce84       0x32 Drivers\STM32H7xx_HAL_Driver\stm32h7xx_ll_sdmmc.o
                0x0800ce84                SDMMC_CmdSelDesel
 *fill*         0x0800ceb6        0x2 
 .text.SDMMC_CmdGoIdleState
                0x0800ceb8       0x54 Drivers\STM32H7xx_HAL_Driver\stm32h7xx_ll_sdmmc.o
                0x0800ceb8                SDMMC_CmdGoIdleState
 .text.SDMMC_CmdOperCond
                0x0800cf0c       0x7c Drivers\STM32H7xx_HAL_Driver\stm32h7xx_ll_sdmmc.o
                0x0800cf0c                SDMMC_CmdOperCond
 .text.SDMMC_CmdAppCommand
                0x0800cf88       0x32 Drivers\STM32H7xx_HAL_Driver\stm32h7xx_ll_sdmmc.o
                0x0800cf88                SDMMC_CmdAppCommand
 .text.SDMMC_CmdAppOperCommand
                0x0800cfba       0x2c Drivers\STM32H7xx_HAL_Driver\stm32h7xx_ll_sdmmc.o
                0x0800cfba                SDMMC_CmdAppOperCommand
 .text.SDMMC_CmdSendSCR
                0x0800cfe6       0x32 Drivers\STM32H7xx_HAL_Driver\stm32h7xx_ll_sdmmc.o
                0x0800cfe6                SDMMC_CmdSendSCR
 .text.SDMMC_CmdSendCID
                0x0800d018       0x2c Drivers\STM32H7xx_HAL_Driver\stm32h7xx_ll_sdmmc.o
                0x0800d018                SDMMC_CmdSendCID
 .text.SDMMC_CmdSendCSD
                0x0800d044       0x2c Drivers\STM32H7xx_HAL_Driver\stm32h7xx_ll_sdmmc.o
                0x0800d044                SDMMC_CmdSendCSD
 .text.SDMMC_CmdSetRelAdd
                0x0800d070       0xa4 Drivers\STM32H7xx_HAL_Driver\stm32h7xx_ll_sdmmc.o
                0x0800d070                SDMMC_CmdSetRelAdd
 .text.SDMMC_CmdSendStatus
                0x0800d114       0x32 Drivers\STM32H7xx_HAL_Driver\stm32h7xx_ll_sdmmc.o
                0x0800d114                SDMMC_CmdSendStatus
 .text.SDMMC_CmdStatusRegister
                0x0800d146       0x32 Drivers\STM32H7xx_HAL_Driver\stm32h7xx_ll_sdmmc.o
                0x0800d146                SDMMC_CmdStatusRegister
 .text.SDMMC_CmdSwitch
                0x0800d178       0x32 Drivers\STM32H7xx_HAL_Driver\stm32h7xx_ll_sdmmc.o
                0x0800d178                SDMMC_CmdSwitch
 .text.SDMMC_CmdBusWidth
                0x0800d1aa        0x4 Drivers\STM32H7xx_HAL_Driver\stm32h7xx_ll_sdmmc.o
                0x0800d1aa                SDMMC_CmdBusWidth
 .text.SDMMC_CmdVoltageSwitch
                0x0800d1ae       0x32 Drivers\STM32H7xx_HAL_Driver\stm32h7xx_ll_sdmmc.o
                0x0800d1ae                SDMMC_CmdVoltageSwitch
 .text.USB_EnableGlobalInt
                0x0800d1e0        0xc Drivers\STM32H7xx_HAL_Driver\stm32h7xx_ll_usb.o
                0x0800d1e0                USB_EnableGlobalInt
 .text.USB_DisableGlobalInt
                0x0800d1ec        0xc Drivers\STM32H7xx_HAL_Driver\stm32h7xx_ll_usb.o
                0x0800d1ec                USB_DisableGlobalInt
 .text.USB_FlushTxFifo
                0x0800d1f8       0x24 Drivers\STM32H7xx_HAL_Driver\stm32h7xx_ll_usb.o
                0x0800d1f8                USB_FlushTxFifo
 .text.USB_FlushRxFifo
                0x0800d21c       0x20 Drivers\STM32H7xx_HAL_Driver\stm32h7xx_ll_usb.o
                0x0800d21c                USB_FlushRxFifo
 .text.USB_ReadPacket
                0x0800d23c       0x20 Drivers\STM32H7xx_HAL_Driver\stm32h7xx_ll_usb.o
                0x0800d23c                USB_ReadPacket
 .text.USB_ReadInterrupts
                0x0800d25c        0x8 Drivers\STM32H7xx_HAL_Driver\stm32h7xx_ll_usb.o
                0x0800d25c                USB_ReadInterrupts
 .text.USB_GetMode
                0x0800d264        0x8 Drivers\STM32H7xx_HAL_Driver\stm32h7xx_ll_usb.o
                0x0800d264                USB_GetMode
 .text.USB_InitFSLSPClkSel
                0x0800d26c       0x3c Drivers\STM32H7xx_HAL_Driver\stm32h7xx_ll_usb.o
                0x0800d26c                USB_InitFSLSPClkSel
 .text.USB_DriveVbus
                0x0800d2a8       0x3c Drivers\STM32H7xx_HAL_Driver\stm32h7xx_ll_usb.o
                0x0800d2a8                USB_DriveVbus
 .text.USB_HC_ReadInterrupt
                0x0800d2e4       0x1e Drivers\STM32H7xx_HAL_Driver\stm32h7xx_ll_usb.o
                0x0800d2e4                USB_HC_ReadInterrupt
 .text.USB_HC_Halt
                0x0800d302      0x208 Drivers\STM32H7xx_HAL_Driver\stm32h7xx_ll_usb.o
                0x0800d302                USB_HC_Halt
 .text.USB_StopHost
                0x0800d50a      0x108 Drivers\STM32H7xx_HAL_Driver\stm32h7xx_ll_usb.o
                0x0800d50a                USB_StopHost
 *fill*         0x0800d612        0x2 
 .text.FATFS_LinkDriverEx
                0x0800d614       0x44 Middlewares\FatFs\ff_gen_drv.o
                0x0800d614                FATFS_LinkDriverEx
 .text.FATFS_LinkDriver
                0x0800d658        0x6 Middlewares\FatFs\ff_gen_drv.o
                0x0800d658                FATFS_LinkDriver
 .text.lwip_htons
                0x0800d65e        0x6 Middlewares\LwIP\def.o
                0x0800d65e                lwip_htons
 .text.lwip_htonl
                0x0800d664        0x4 Middlewares\LwIP\def.o
                0x0800d664                lwip_htonl
 .text.etharp_free_entry
                0x0800d668       0x28 Middlewares\LwIP\etharp.o
 .text.etharp_raw
                0x0800d690       0xd8 Middlewares\LwIP\etharp.o
 .text.etharp_find_entry.isra.0
                0x0800d768      0x114 Middlewares\LwIP\etharp.o
 .text.etharp_cleanup_netif
                0x0800d87c       0x28 Middlewares\LwIP\etharp.o
                0x0800d87c                etharp_cleanup_netif
 .text.etharp_input
                0x0800d8a4      0x13c Middlewares\LwIP\etharp.o
                0x0800d8a4                etharp_input
 .text.etharp_request
                0x0800d9e0       0x2c Middlewares\LwIP\etharp.o
                0x0800d9e0                etharp_request
 .text.etharp_tmr
                0x0800da0c       0x54 Middlewares\LwIP\etharp.o
                0x0800da0c                etharp_tmr
 .text.etharp_output_to_arp_index
                0x0800da60       0xb8 Middlewares\LwIP\etharp.o
 .text.etharp_query
                0x0800db18      0x150 Middlewares\LwIP\etharp.o
                0x0800db18                etharp_query
 .text.etharp_output
                0x0800dc68      0x128 Middlewares\LwIP\etharp.o
                0x0800dc68                etharp_output
 .text.ethernet_input
                0x0800dd90       0x98 Middlewares\LwIP\ethernet.o
                0x0800dd90                ethernet_input
 .text.ethernet_output
                0x0800de28       0x70 Middlewares\LwIP\ethernet.o
                0x0800de28                ethernet_output
 .text.icmp_send_response.isra.0
                0x0800de98       0x94 Middlewares\LwIP\icmp.o
 .text.icmp_input
                0x0800df2c      0x130 Middlewares\LwIP\icmp.o
                0x0800df2c                icmp_input
 .text.icmp_dest_unreach
                0x0800e05c        0xa Middlewares\LwIP\icmp.o
                0x0800e05c                icmp_dest_unreach
 .text.icmp_time_exceeded
                0x0800e066        0xa Middlewares\LwIP\icmp.o
                0x0800e066                icmp_time_exceeded
 .text.lwip_init
                0x0800e070       0x1e Middlewares\LwIP\init.o
                0x0800e070                lwip_init
 *fill*         0x0800e08e        0x2 
 .text.ip4_route
                0x0800e090       0x58 Middlewares\LwIP\ip4.o
                0x0800e090                ip4_route
 .text.ip4_input
                0x0800e0e8      0x184 Middlewares\LwIP\ip4.o
                0x0800e0e8                ip4_input
 .text.ip4_output_if_src
                0x0800e26c       0xf0 Middlewares\LwIP\ip4.o
                0x0800e26c                ip4_output_if_src
 .text.ip4_output_if
                0x0800e35c       0x22 Middlewares\LwIP\ip4.o
                0x0800e35c                ip4_output_if
 .text.ip4_addr_isbroadcast_u32
                0x0800e37e       0x32 Middlewares\LwIP\ip4_addr.o
                0x0800e37e                ip4_addr_isbroadcast_u32
 .text.ip_reass_dequeue_datagram
                0x0800e3b0       0x44 Middlewares\LwIP\ip4_frag.o
 .text.ip_reass_free_complete_datagram
                0x0800e3f4       0xe8 Middlewares\LwIP\ip4_frag.o
 .text.ip_reass_remove_oldest_datagram
                0x0800e4dc       0x78 Middlewares\LwIP\ip4_frag.o
 .text.ip_frag_free_pbuf_custom_ref
                0x0800e554       0x2c Middlewares\LwIP\ip4_frag.o
 .text.ipfrag_free_pbuf_custom
                0x0800e580       0x34 Middlewares\LwIP\ip4_frag.o
 .text.ip_reass_tmr
                0x0800e5b4       0x28 Middlewares\LwIP\ip4_frag.o
                0x0800e5b4                ip_reass_tmr
 .text.ip4_reass
                0x0800e5dc      0x354 Middlewares\LwIP\ip4_frag.o
                0x0800e5dc                ip4_reass
 .text.ip4_frag
                0x0800e930      0x1b4 Middlewares\LwIP\ip4_frag.o
                0x0800e930                ip4_frag
 .text.mem_init
                0x0800eae4       0x40 Middlewares\LwIP\mem.o
                0x0800eae4                mem_init
 .text.mem_free
                0x0800eb24      0x154 Middlewares\LwIP\mem.o
                0x0800eb24                mem_free
 .text.mem_trim
                0x0800ec78       0xf0 Middlewares\LwIP\mem.o
                0x0800ec78                mem_trim
 .text.mem_malloc
                0x0800ed68      0x124 Middlewares\LwIP\mem.o
                0x0800ed68                mem_malloc
 .text.do_memp_malloc_pool.isra.0
                0x0800ee8c       0x2c Middlewares\LwIP\memp.o
 .text.do_memp_free_pool.isra.1
                0x0800eeb8       0x30 Middlewares\LwIP\memp.o
 .text.memp_init_pool
                0x0800eee8       0x26 Middlewares\LwIP\memp.o
                0x0800eee8                memp_init_pool
 *fill*         0x0800ef0e        0x2 
 .text.memp_init
                0x0800ef10       0x1c Middlewares\LwIP\memp.o
                0x0800ef10                memp_init
 .text.memp_malloc
                0x0800ef2c       0x38 Middlewares\LwIP\memp.o
                0x0800ef2c                memp_malloc
 .text.memp_free
                0x0800ef64       0x34 Middlewares\LwIP\memp.o
                0x0800ef64                memp_free
 .text.netif_issue_reports.part.0
                0x0800ef98       0x12 Middlewares\LwIP\netif.o
 .text.netif_init
                0x0800efaa        0x2 Middlewares\LwIP\netif.o
                0x0800efaa                netif_init
 .text.netif_set_ipaddr
                0x0800efac       0x44 Middlewares\LwIP\netif.o
                0x0800efac                netif_set_ipaddr
 .text.netif_set_addr
                0x0800eff0       0x38 Middlewares\LwIP\netif.o
                0x0800eff0                netif_set_addr
 .text.netif_add
                0x0800f028       0x7c Middlewares\LwIP\netif.o
                0x0800f028                netif_add
 .text.netif_set_default
                0x0800f0a4        0xc Middlewares\LwIP\netif.o
                0x0800f0a4                netif_set_default
 .text.netif_set_up
                0x0800f0b0       0x1e Middlewares\LwIP\netif.o
                0x0800f0b0                netif_set_up
 .text.netif_set_down
                0x0800f0ce       0x1a Middlewares\LwIP\netif.o
                0x0800f0ce                netif_set_down
 .text.netif_set_link_up
                0x0800f0e8       0x2e Middlewares\LwIP\netif.o
                0x0800f0e8                netif_set_link_up
 *fill*         0x0800f116        0x2 
 .text.pbuf_header_impl
                0x0800f118       0x9c Middlewares\LwIP\pbuf.o
 .text.pbuf_alloced_custom
                0x0800f1b4       0x70 Middlewares\LwIP\pbuf.o
                0x0800f1b4                pbuf_alloced_custom
 .text.pbuf_header
                0x0800f224        0x6 Middlewares\LwIP\pbuf.o
                0x0800f224                pbuf_header
 .text.pbuf_header_force
                0x0800f22a        0x6 Middlewares\LwIP\pbuf.o
                0x0800f22a                pbuf_header_force
 .text.pbuf_free
                0x0800f230       0xc4 Middlewares\LwIP\pbuf.o
                0x0800f230                pbuf_free
 .text.pbuf_alloc
                0x0800f2f4      0x1c0 Middlewares\LwIP\pbuf.o
                0x0800f2f4                pbuf_alloc
 .text.pbuf_realloc
                0x0800f4b4       0xe0 Middlewares\LwIP\pbuf.o
                0x0800f4b4                pbuf_realloc
 .text.pbuf_clen