Archive member included to satisfy reference by file (symbol)

c:/program files (x86)/atollic/truestudio for stm32 9.3.0/armtools/bin/../lib/gcc/arm-atollic-eabi/6.3.1/../../../../arm-atollic-eabi/lib/armv7e-m/fpu/fpv5-d16\libc_nano.a(lib_a-impure.o)
                              Application\User\DMC\dmc_print.o (_impure_ptr)
c:/program files (x86)/atollic/truestudio for stm32 9.3.0/armtools/bin/../lib/gcc/arm-atollic-eabi/6.3.1/../../../../arm-atollic-eabi/lib/armv7e-m/fpu/fpv5-d16\libc_nano.a(lib_a-init.o)
                              Application\TrueSTUDIO\startup_stm32h753xx.o (__libc_init_array)
c:/program files (x86)/atollic/truestudio for stm32 9.3.0/armtools/bin/../lib/gcc/arm-atollic-eabi/6.3.1/../../../../arm-atollic-eabi/lib/armv7e-m/fpu/fpv5-d16\libc_nano.a(lib_a-malloc.o)
                              Middlewares\USB_Host_Library\usbh_audio.o (malloc)
c:/program files (x86)/atollic/truestudio for stm32 9.3.0/armtools/bin/../lib/gcc/arm-atollic-eabi/6.3.1/../../../../arm-atollic-eabi/lib/armv7e-m/fpu/fpv5-d16\libc_nano.a(lib_a-memcmp.o)
                              Application\User\DMC\dmc_rtc_mcp79412.o (memcmp)
c:/program files (x86)/atollic/truestudio for stm32 9.3.0/armtools/bin/../lib/gcc/arm-atollic-eabi/6.3.1/../../../../arm-atollic-eabi/lib/armv7e-m/fpu/fpv5-d16\libc_nano.a(lib_a-memcpy-stub.o)
                              Application\User\DMC\dmc_rtc_mcp79412.o (memcpy)
c:/program files (x86)/atollic/truestudio for stm32 9.3.0/armtools/bin/../lib/gcc/arm-atollic-eabi/6.3.1/../../../../arm-atollic-eabi/lib/armv7e-m/fpu/fpv5-d16\libc_nano.a(lib_a-memset.o)
                              Application\User\DMC\dmc_rtc.o (memset)
c:/program files (x86)/atollic/truestudio for stm32 9.3.0/armtools/bin/../lib/gcc/arm-atollic-eabi/6.3.1/../../../../arm-atollic-eabi/lib/armv7e-m/fpu/fpv5-d16\libc_nano.a(lib_a-mktime.o)
                              Application\User\DMC\dmc_rtc.o (mktime)
c:/program files (x86)/atollic/truestudio for stm32 9.3.0/armtools/bin/../lib/gcc/arm-atollic-eabi/6.3.1/../../../../arm-atollic-eabi/lib/armv7e-m/fpu/fpv5-d16\libc_nano.a(lib_a-nano-freer.o)
                              c:/program files (x86)/atollic/truestudio for stm32 9.3.0/armtools/bin/../lib/gcc/arm-atollic-eabi/6.3.1/../../../../arm-atollic-eabi/lib/armv7e-m/fpu/fpv5-d16\libc_nano.a(lib_a-malloc.o) (_free_r)
c:/program files (x86)/atollic/truestudio for stm32 9.3.0/armtools/bin/../lib/gcc/arm-atollic-eabi/6.3.1/../../../../arm-atollic-eabi/lib/armv7e-m/fpu/fpv5-d16\libc_nano.a(lib_a-nano-mallocr.o)
                              c:/program files (x86)/atollic/truestudio for stm32 9.3.0/armtools/bin/../lib/gcc/arm-atollic-eabi/6.3.1/../../../../arm-atollic-eabi/lib/armv7e-m/fpu/fpv5-d16\libc_nano.a(lib_a-malloc.o) (_malloc_r)
c:/program files (x86)/atollic/truestudio for stm32 9.3.0/armtools/bin/../lib/gcc/arm-atollic-eabi/6.3.1/../../../../arm-atollic-eabi/lib/armv7e-m/fpu/fpv5-d16\libc_nano.a(lib_a-printf.o)
                              Application\User\DMC\dmc_fat.o (printf)
c:/program files (x86)/atollic/truestudio for stm32 9.3.0/armtools/bin/../lib/gcc/arm-atollic-eabi/6.3.1/../../../../arm-atollic-eabi/lib/armv7e-m/fpu/fpv5-d16\libc_nano.a(lib_a-puts.o)
                              Application\User\DMC\dmc_fat.o (puts)
c:/program files (x86)/atollic/truestudio for stm32 9.3.0/armtools/bin/../lib/gcc/arm-atollic-eabi/6.3.1/../../../../arm-atollic-eabi/lib/armv7e-m/fpu/fpv5-d16\libc_nano.a(lib_a-reent.o)
                              Application\TrueSTUDIO\syscalls.o (errno)
c:/program files (x86)/atollic/truestudio for stm32 9.3.0/armtools/bin/../lib/gcc/arm-atollic-eabi/6.3.1/../../../../arm-atollic-eabi/lib/armv7e-m/fpu/fpv5-d16\libc_nano.a(lib_a-sbrkr.o)
                              c:/program files (x86)/atollic/truestudio for stm32 9.3.0/armtools/bin/../lib/gcc/arm-atollic-eabi/6.3.1/../../../../arm-atollic-eabi/lib/armv7e-m/fpu/fpv5-d16\libc_nano.a(lib_a-nano-mallocr.o) (_sbrk_r)
c:/program files (x86)/atollic/truestudio for stm32 9.3.0/armtools/bin/../lib/gcc/arm-atollic-eabi/6.3.1/../../../../arm-atollic-eabi/lib/armv7e-m/fpu/fpv5-d16\libc_nano.a(lib_a-setvbuf.o)
                              Application\User\DMC\dmc_print.o (setvbuf)
c:/program files (x86)/atollic/truestudio for stm32 9.3.0/armtools/bin/../lib/gcc/arm-atollic-eabi/6.3.1/../../../../arm-atollic-eabi/lib/armv7e-m/fpu/fpv5-d16\libc_nano.a(lib_a-strcat.o)
                              Application\User\DMC\dmc_rtc.o (strcat)
c:/program files (x86)/atollic/truestudio for stm32 9.3.0/armtools/bin/../lib/gcc/arm-atollic-eabi/6.3.1/../../../../arm-atollic-eabi/lib/armv7e-m/fpu/fpv5-d16\libc_nano.a(lib_a-strcpy.o)
                              Application\User\DMC\dmc_convert.o (strcpy)
c:/program files (x86)/atollic/truestudio for stm32 9.3.0/armtools/bin/../lib/gcc/arm-atollic-eabi/6.3.1/../../../../arm-atollic-eabi/lib/armv7e-m/fpu/fpv5-d16\libc_nano.a(lib_a-strlen.o)
[...]
Memory Configuration

Name             Origin             Length             Attributes
DTCMRAM          0x20000000         0x00020000         xrw
RAM_D1           0x24000000         0x00080000         xrw
RAM_D2           0x30000000         0x00048000         xrw
RAM_D3           0x38000000         0x00010000         xrw
ITCMRAM          0x00000000         0x00010000         xrw
FLASH            0x08000000         0x00200000         xr
*default*        0x00000000         0xffffffff

Linker script and memory map

LOAD c:/program files (x86)/atollic/truestudio for stm32 9.3.0/armtools/bin/../lib/gcc/arm-atollic-eabi/6.3.1/armv7e-m/fpu/fpv5-d16/crti.o
LOAD c:/program files (x86)/atollic/truestudio for stm32 9.3.0/armtools/bin/../lib/gcc/arm-atollic-eabi/6.3.1/armv7e-m/fpu/fpv5-d16/crtbegin.o
LOAD Application\TrueSTUDIO\startup_stm32h753xx.o
LOAD Application\TrueSTUDIO\syscalls.o
LOAD Application\User\DMC\dmc_convert.o
LOAD Application\User\DMC\dmc_dipswitch.o
LOAD Application\User\DMC\dmc_errorhandler.o
LOAD Application\User\DMC\dmc_fat.o
LOAD Application\User\DMC\dmc_fifo.o
LOAD Application\User\DMC\dmc_leds.o
LOAD Application\User\DMC\dmc_mcu.o
LOAD Application\User\DMC\dmc_net.o
LOAD Application\User\DMC\dmc_print.o
LOAD Application\User\DMC\dmc_prng.o
LOAD Application\User\DMC\dmc_rtc.o
LOAD Application\User\DMC\dmc_rtc_mcp79412.o
LOAD Application\User\DMC\dmc_sram_qspi.o
LOAD Application\User\DMC\dmc_tcp.o
LOAD Application\User\DMC\dmc_tcpbase.o
LOAD Application\User\app_ethernet.o
LOAD Application\User\bsp_driver_sd.o
LOAD Application\User\crc.o
LOAD Application\User\cryp.o
LOAD Application\User\dma.o
LOAD Application\User\ethernetif.o
LOAD Application\User\fatfs.o
LOAD Application\User\fdcan.o
LOAD Application\User\gpio.o
LOAD Application\User\hash.o
LOAD Application\User\i2c.o
LOAD Application\User\iwdg.o
LOAD Application\User\lwip.o
LOAD Application\User\main.o
LOAD Application\User\quadspi.o
LOAD Application\User\rng.o
LOAD Application\User\rtc.o
LOAD Application\User\sd_diskio.o
LOAD Application\User\sdmmc.o
LOAD Application\User\spi.o
LOAD Application\User\stm32h7xx_hal_msp.o
LOAD Application\User\stm32h7xx_it.o
LOAD Application\User\tcp_echoserver.o
LOAD Application\User\usart.o
LOAD Application\User\usb_host.o
LOAD Application\User\usbh_conf.o
LOAD Drivers\BSP\Components\lan8742.o
LOAD Drivers\CMSIS\system_stm32h7xx.o
LOAD Drivers\KSZ8851SNL\KSZ8851SNL_0.o
LOAD Drivers\STM32H7xx_HAL_Driver\stm32h7xx_hal.o
LOAD Drivers\STM32H7xx_HAL_Driver\stm32h7xx_hal_cortex.o
LOAD Drivers\STM32H7xx_HAL_Driver\stm32h7xx_hal_crc.o
LOAD Drivers\STM32H7xx_HAL_Driver\stm32h7xx_hal_crc_ex.o
LOAD Drivers\STM32H7xx_HAL_Driver\stm32h7xx_hal_cryp.o
LOAD Drivers\STM32H7xx_HAL_Driver\stm32h7xx_hal_cryp_ex.o
LOAD Drivers\STM32H7xx_HAL_Driver\stm32h7xx_hal_dma.o
LOAD Drivers\STM32H7xx_HAL_Driver\stm32h7xx_hal_dma_ex.o
LOAD Drivers\STM32H7xx_HAL_Driver\stm32h7xx_hal_eth.o
LOAD Drivers\STM32H7xx_HAL_Driver\stm32h7xx_hal_eth_ex.o
LOAD Drivers\STM32H7xx_HAL_Driver\stm32h7xx_hal_fdcan.o
LOAD Drivers\STM32H7xx_HAL_Driver\stm32h7xx_hal_flash.o
LOAD Drivers\STM32H7xx_HAL_Driver\stm32h7xx_hal_flash_ex.o
LOAD Drivers\STM32H7xx_HAL_Driver\stm32h7xx_hal_gpio.o
LOAD Drivers\STM32H7xx_HAL_Driver\stm32h7xx_hal_hash.o
LOAD Drivers\STM32H7xx_HAL_Driver\stm32h7xx_hal_hash_ex.o
LOAD Drivers\STM32H7xx_HAL_Driver\stm32h7xx_hal_hcd.o
LOAD Drivers\STM32H7xx_HAL_Driver\stm32h7xx_hal_hsem.o
LOAD Drivers\STM32H7xx_HAL_Driver\stm32h7xx_hal_i2c.o
LOAD Drivers\STM32H7xx_HAL_Driver\stm32h7xx_hal_i2c_ex.o
LOAD Drivers\STM32H7xx_HAL_Driver\stm32h7xx_hal_iwdg.o
LOAD Drivers\STM32H7xx_HAL_Driver\stm32h7xx_hal_mdma.o
LOAD Drivers\STM32H7xx_HAL_Driver\stm32h7xx_hal_pwr.o
LOAD Drivers\STM32H7xx_HAL_Driver\stm32h7xx_hal_pwr_ex.o
LOAD Drivers\STM32H7xx_HAL_Driver\stm32h7xx_hal_qspi.o
LOAD Drivers\STM32H7xx_HAL_Driver\stm32h7xx_hal_rcc.o
LOAD Drivers\STM32H7xx_HAL_Driver\stm32h7xx_hal_rcc_ex.o
LOAD Drivers\STM32H7xx_HAL_Driver\stm32h7xx_hal_rng.o
LOAD Drivers\STM32H7xx_HAL_Driver\stm32h7xx_hal_rtc.o
LOAD Drivers\STM32H7xx_HAL_Driver\stm32h7xx_hal_rtc_ex.o
LOAD Drivers\STM32H7xx_HAL_Driver\stm32h7xx_hal_sd.o
LOAD Drivers\STM32H7xx_HAL_Driver\stm32h7xx_hal_sd_ex.o
LOAD Drivers\STM32H7xx_HAL_Driver\stm32h7xx_hal_smbus.o
LOAD Drivers\STM32H7xx_HAL_Driver\stm32h7xx_hal_spi.o
LOAD Drivers\STM32H7xx_HAL_Driver\stm32h7xx_hal_spi_ex.o
LOAD Drivers\STM32H7xx_HAL_Driver\stm32h7xx_hal_tim.o
LOAD Drivers\STM32H7xx_HAL_Driver\stm32h7xx_hal_tim_ex.o
LOAD Drivers\STM32H7xx_HAL_Driver\stm32h7xx_hal_uart.o
LOAD Drivers\STM32H7xx_HAL_Driver\stm32h7xx_hal_uart_ex.o
LOAD Drivers\STM32H7xx_HAL_Driver\stm32h7xx_ll_delayblock.o
LOAD Drivers\STM32H7xx_HAL_Driver\stm32h7xx_ll_sdmmc.o
LOAD Drivers\STM32H7xx_HAL_Driver\stm32h7xx_ll_usb.o
LOAD Middlewares\FatFs\diskio.o
LOAD Middlewares\FatFs\ff.o
LOAD Middlewares\FatFs\ff_gen_drv.o
LOAD Middlewares\FatFs\syscall.o
LOAD Middlewares\LwIP\api_lib.o
LOAD Middlewares\LwIP\api_msg.o
LOAD Middlewares\LwIP\auth.o
LOAD Middlewares\LwIP\autoip.o
LOAD Middlewares\LwIP\ccp.o
LOAD Middlewares\LwIP\chap-md5.o
LOAD Middlewares\LwIP\chap-new.o
LOAD Middlewares\LwIP\chap_ms.o
LOAD Middlewares\LwIP\def.o
LOAD Middlewares\LwIP\demand.o
LOAD Middlewares\LwIP\dhcp.o
LOAD Middlewares\LwIP\dhcp6.o
LOAD Middlewares\LwIP\dns.o
LOAD Middlewares\LwIP\eap.o
LOAD Middlewares\LwIP\ecp.o
LOAD Middlewares\LwIP\err.o
LOAD Middlewares\LwIP\etharp.o
LOAD Middlewares\LwIP\ethernet.o
LOAD Middlewares\LwIP\ethip6.o
LOAD Middlewares\LwIP\eui64.o
LOAD Middlewares\LwIP\fsm.o
LOAD Middlewares\LwIP\icmp.o
LOAD Middlewares\LwIP\icmp6.o
LOAD Middlewares\LwIP\igmp.o
LOAD Middlewares\LwIP\inet6.o
LOAD Middlewares\LwIP\inet_chksum.o
LOAD Middlewares\LwIP\init.o
LOAD Middlewares\LwIP\ip.o
LOAD Middlewares\LwIP\ip4.o
LOAD Middlewares\LwIP\ip4_addr.o
LOAD Middlewares\LwIP\ip4_frag.o
LOAD Middlewares\LwIP\ip6.o
LOAD Middlewares\LwIP\ip6_addr.o
LOAD Middlewares\LwIP\ip6_frag.o
LOAD Middlewares\LwIP\ipcp.o
LOAD Middlewares\LwIP\ipv6cp.o
LOAD Middlewares\LwIP\lcp.o
LOAD Middlewares\LwIP\lowpan6.o
LOAD Middlewares\LwIP\magic.o
LOAD Middlewares\LwIP\mem.o
LOAD Middlewares\LwIP\memp.o
LOAD Middlewares\LwIP\mld6.o
LOAD Middlewares\LwIP\mppe.o
LOAD Middlewares\LwIP\mqtt.o
LOAD Middlewares\LwIP\multilink.o
LOAD Middlewares\LwIP\nd6.o
LOAD Middlewares\LwIP\netbuf.o
LOAD Middlewares\LwIP\netdb.o
LOAD Middlewares\LwIP\netif.o
LOAD Middlewares\LwIP\netifapi.o
LOAD Middlewares\LwIP\pbuf.o
LOAD Middlewares\LwIP\ppp.o
LOAD Middlewares\LwIP\pppapi.o
LOAD Middlewares\LwIP\pppcrypt.o
LOAD Middlewares\LwIP\pppoe.o
LOAD Middlewares\LwIP\pppol2tp.o
LOAD Middlewares\LwIP\pppos.o
LOAD Middlewares\LwIP\raw.o
LOAD Middlewares\LwIP\slipif.o
LOAD Middlewares\LwIP\sockets.o
LOAD Middlewares\LwIP\stats.o
LOAD Middlewares\LwIP\sys.o
LOAD Middlewares\LwIP\tcp.o
LOAD Middlewares\LwIP\tcp_in.o
LOAD Middlewares\LwIP\tcp_out.o
LOAD Middlewares\LwIP\tcpip.o
LOAD Middlewares\LwIP\timeouts.o
LOAD Middlewares\LwIP\udp.o
LOAD Middlewares\LwIP\upap.o
LOAD Middlewares\LwIP\utils.o
LOAD Middlewares\LwIP\vj.o
LOAD Middlewares\USB_Host_Library\usbh_audio.o
LOAD Middlewares\USB_Host_Library\usbh_cdc.o
LOAD Middlewares\USB_Host_Library\usbh_core.o
LOAD Middlewares\USB_Host_Library\usbh_ctlreq.o
LOAD Middlewares\USB_Host_Library\usbh_hid.o
LOAD Middlewares\USB_Host_Library\usbh_hid_keybd.o
LOAD Middlewares\USB_Host_Library\usbh_hid_mouse.o
LOAD Middlewares\USB_Host_Library\usbh_hid_parser.o
LOAD Middlewares\USB_Host_Library\usbh_ioreq.o
LOAD Middlewares\USB_Host_Library\usbh_msc.o
LOAD Middlewares\USB_Host_Library\usbh_msc_bot.o
LOAD Middlewares\USB_Host_Library\usbh_msc_scsi.o
LOAD Middlewares\USB_Host_Library\usbh_mtp.o
LOAD Middlewares\USB_Host_Library\usbh_mtp_ptp.o
LOAD Middlewares\USB_Host_Library\usbh_pipes.o
                0x00000080                malloc_getpagesize_P = 0x80
START GROUP
LOAD c:/program files (x86)/atollic/truestudio for stm32 9.3.0/armtools/bin/../lib/gcc/arm-atollic-eabi/6.3.1/../../../../arm-atollic-eabi/lib/armv7e-m/fpu/fpv5-d16\libc_nano.a
LOAD c:/program files (x86)/atollic/truestudio for stm32 9.3.0/armtools/bin/../lib/gcc/arm-atollic-eabi/6.3.1/../../../../arm-atollic-eabi/lib/armv7e-m/fpu/fpv5-d16\libm.a
END GROUP
START GROUP
LOAD c:/program files (x86)/atollic/truestudio for stm32 9.3.0/armtools/bin/../lib/gcc/arm-atollic-eabi/6.3.1/armv7e-m/fpu/fpv5-d16\libgcc.a
LOAD c:/program files (x86)/atollic/truestudio for stm32 9.3.0/armtools/bin/../lib/gcc/arm-atollic-eabi/6.3.1/../../../../arm-atollic-eabi/lib/armv7e-m/fpu/fpv5-d16\libc_nano.a
END GROUP
START GROUP
LOAD c:/program files (x86)/atollic/truestudio for stm32 9.3.0/armtools/bin/../lib/gcc/arm-atollic-eabi/6.3.1/armv7e-m/fpu/fpv5-d16\libgcc.a
LOAD c:/program files (x86)/atollic/truestudio for stm32 9.3.0/armtools/bin/../lib/gcc/arm-atollic-eabi/6.3.1/../../../../arm-atollic-eabi/lib/armv7e-m/fpu/fpv5-d16\libc_nano.a
LOAD c:/program files (x86)/atollic/truestudio for stm32 9.3.0/armtools/bin/../lib/gcc/arm-atollic-eabi/6.3.1/../../../../arm-atollic-eabi/lib/armv7e-m/fpu/fpv5-d16\libnosys.a
END GROUP
START GROUP
LOAD c:/program files (x86)/atollic/truestudio for stm32 9.3.0/armtools/bin/../lib/gcc/arm-atollic-eabi/6.3.1/armv7e-m/fpu/fpv5-d16\libgcc.a
LOAD c:/program files (x86)/atollic/truestudio for stm32 9.3.0/armtools/bin/../lib/gcc/arm-atollic-eabi/6.3.1/../../../../arm-atollic-eabi/lib/armv7e-m/fpu/fpv5-d16\libc_nano.a
LOAD c:/program files (x86)/atollic/truestudio for stm32 9.3.0/armtools/bin/../lib/gcc/arm-atollic-eabi/6.3.1/../../../../arm-atollic-eabi/lib/armv7e-m/fpu/fpv5-d16\libnosys.a
END GROUP
LOAD c:/program files (x86)/atollic/truestudio for stm32 9.3.0/armtools/bin/../lib/gcc/arm-atollic-eabi/6.3.1/armv7e-m/fpu/fpv5-d16/crtend.o
LOAD c:/program files (x86)/atollic/truestudio for stm32 9.3.0/armtools/bin/../lib/gcc/arm-atollic-eabi/6.3.1/armv7e-m/fpu/fpv5-d16/crtn.o
                0x24080000                _estack = 0x24080000
                0x00002000                _Min_Heap_Size = 0x2000
                0x00004000                _Min_Stack_Size = 0x4000

.isr_vector     0x08000000      0x298
                0x08000000                . = ALIGN (0x4)
 *(.isr_vector)
 .isr_vector    0x08000000      0x298 Application\TrueSTUDIO\startup_stm32h753xx.o
                0x08000000                g_pfnVectors
                0x08000298                . = ALIGN (0x4)

.text           0x080002a0    0x13a88
                0x080002a0                . = ALIGN (0x4)
 *(.text)
 .text          0x080002a0       0x40 c:/program files (x86)/atollic/truestudio for stm32 9.3.0/armtools/bin/../lib/gcc/arm-atollic-eabi/6.3.1/armv7e-m/fpu/fpv5-d16/crtbegin.o
 .text          0x080002e0       0x10 c:/program files (x86)/atollic/truestudio for stm32 9.3.0/armtools/bin/../lib/gcc/arm-atollic-eabi/6.3.1/../../../../arm-atollic-eabi/lib/armv7e-m/fpu/fpv5-d16\libc_nano.a(lib_a-strlen.o)
                0x080002e0                strlen
 .text          0x080002f0       0xa0 c:/program files (x86)/atollic/truestudio for stm32 9.3.0/armtools/bin/../lib/gcc/arm-atollic-eabi/6.3.1/../../../../arm-atollic-eabi/lib/armv7e-m/fpu/fpv5-d16\libc_nano.a(lib_a-memchr.o)
                0x080002f0                memchr
 .text          0x08000390       0x30 c:/program files (x86)/atollic/truestudio for stm32 9.3.0/armtools/bin/../lib/gcc/arm-atollic-eabi/6.3.1/armv7e-m/fpu/fpv5-d16\libgcc.a(_aeabi_uldivmod.o)
                0x08000390                __aeabi_uldivmod
 .text          0x080003c0      0x2dc c:/program files (x86)/atollic/truestudio for stm32 9.3.0/armtools/bin/../lib/gcc/arm-atollic-eabi/6.3.1/armv7e-m/fpu/fpv5-d16\libgcc.a(_udivmoddi4.o)
                0x080003c0                __udivmoddi4
 .text          0x0800069c        0x4 c:/program files (x86)/atollic/truestudio for stm32 9.3.0/armtools/bin/../lib/gcc/arm-atollic-eabi/6.3.1/armv7e-m/fpu/fpv5-d16\libgcc.a(_dvmd_tls.o)
                0x0800069c                __aeabi_idiv0
                0x0800069c                __aeabi_ldiv0
 *(.text*)
 .text.Reset_Handler
                0x080006a0       0x50 Application\TrueSTUDIO\startup_stm32h753xx.o
                0x080006a0                Reset_Handler
 .text.Default_Handler
                0x080006f0        0x2 Application\TrueSTUDIO\startup_stm32h753xx.o
                0x080006f0                RTC_Alarm_IRQHandler
                0x080006f0                EXTI2_IRQHandler
                0x080006f0                TIM8_CC_IRQHandler
                0x080006f0                HRTIM1_Master_IRQHandler
                0x080006f0                UART8_IRQHandler
                0x080006f0                TIM1_CC_IRQHandler
                0x080006f0                BDMA_Channel6_IRQHandler
                0x080006f0                DMA2_Stream5_IRQHandler
                0x080006f0                HRTIM1_FLT_IRQHandler
                0x080006f0                JPEG_IRQHandler
                0x080006f0                BDMA_Channel1_IRQHandler
                0x080006f0                HRTIM1_TIMD_IRQHandler
                0x080006f0                TAMP_STAMP_IRQHandler
                0x080006f0                LPTIM4_IRQHandler
                0x080006f0                TIM8_TRG_COM_TIM14_IRQHandler
                0x080006f0                LPTIM2_IRQHandler
                0x080006f0                DFSDM1_FLT1_IRQHandler
                0x080006f0                DMAMUX2_OVR_IRQHandler
                0x080006f0                TIM8_UP_TIM13_IRQHandler
                0x080006f0                I2C3_ER_IRQHandler
                0x080006f0                DFSDM1_FLT2_IRQHandler
                0x080006f0                MDMA_IRQHandler
                0x080006f0                LPTIM3_IRQHandler
                0x080006f0                I2C2_EV_IRQHandler
                0x080006f0                OTG_HS_WKUP_IRQHandler
                0x080006f0                LTDC_ER_IRQHandler
                0x080006f0                HRTIM1_TIME_IRQHandler
                0x080006f0                TIM6_DAC_IRQHandler
                0x080006f0                DCMI_IRQHandler
                0x080006f0                HRTIM1_TIMC_IRQHandler
                0x080006f0                SAI2_IRQHandler
                0x080006f0                DFSDM1_FLT3_IRQHandler
                0x080006f0                USART6_IRQHandler
                0x080006f0                TIM17_IRQHandler
                0x080006f0                USART3_IRQHandler
                0x080006f0                BDMA_Channel7_IRQHandler
                0x080006f0                LPTIM5_IRQHandler
                0x080006f0                UART5_IRQHandler
                0x080006f0                ADC3_IRQHandler
                0x080006f0                TIM4_IRQHandler
                0x080006f0                BDMA_Channel2_IRQHandler
                0x080006f0                I2C1_EV_IRQHandler
                0x080006f0                DMAMUX1_OVR_IRQHandler
                0x080006f0                TIM16_IRQHandler
                0x080006f0                UART4_IRQHandler
                0x080006f0                BDMA_Channel5_IRQHandler
                0x080006f0                TIM3_IRQHandler
                0x080006f0                TIM8_BRK_TIM12_IRQHandler
                0x080006f0                TIM1_TRG_COM_IRQHandler
                0x080006f0                Default_Handler
                0x080006f0                CEC_IRQHandler
                0x080006f0                EXTI15_10_IRQHandler
                0x080006f0                BDMA_Channel0_IRQHandler
                0x080006f0                ADC_IRQHandler
                0x080006f0                HRTIM1_TIMA_IRQHandler
                0x080006f0                SPI5_IRQHandler
                0x080006f0                TIM7_IRQHandler
                0x080006f0                TIM5_IRQHandler
                0x080006f0                DMA2_Stream7_IRQHandler
                0x080006f0                TIM15_IRQHandler
                0x080006f0                I2C3_EV_IRQHandler
                0x080006f0                RTC_WKUP_IRQHandler
                0x080006f0                LTDC_IRQHandler
                0x080006f0                SAI3_IRQHandler
                0x080006f0                SPDIF_RX_IRQHandler
                0x080006f0                SPI2_IRQHandler
                0x080006f0                CRS_IRQHandler
                0x080006f0                EXTI4_IRQHandler
                0x080006f0                HRTIM1_TIMB_IRQHandler
                0x080006f0                TIM1_UP_IRQHandler
                0x080006f0                BDMA_Channel4_IRQHandler
                0x080006f0                WWDG_IRQHandler
                0x080006f0                SPI6_IRQHandler
                0x080006f0                MDIOS_IRQHandler
                0x080006f0                LPUART1_IRQHandler
                0x080006f0                TIM2_IRQHandler
                0x080006f0                OTG_FS_WKUP_IRQHandler
                0x080006f0                DMA2D_IRQHandler
                0x080006f0                TIM1_BRK_IRQHandler
                0x080006f0                EXTI1_IRQHandler
                0x080006f0                SDMMC2_IRQHandler
                0x080006f0                OTG_FS_EP1_OUT_IRQHandler
                0x080006f0                BDMA_Channel3_IRQHandler
                0x080006f0                MDIOS_WKUP_IRQHandler
                0x080006f0                DFSDM1_FLT0_IRQHandler
                0x080006f0                SAI4_IRQHandler
                0x080006f0                I2C2_ER_IRQHandler
                0x080006f0                DMA2_Stream4_IRQHandler
                0x080006f0                USART1_IRQHandler
                0x080006f0                OTG_FS_IRQHandler
                0x080006f0                SPI3_IRQHandler
                0x080006f0                WAKEUP_PIN_IRQHandler
                0x080006f0                OTG_FS_EP1_IN_IRQHandler
                0x080006f0                I2C1_ER_IRQHandler
                0x080006f0                FMC_IRQHandler
                0x080006f0                SWPMI1_IRQHandler
                0x080006f0                COMP1_IRQHandler
                0x080006f0                LPTIM1_IRQHandler
                0x080006f0                DMA2_Stream6_IRQHandler
                0x080006f0                SAI1_IRQHandler
 .text._read    0x080006f2       0x1c Application\TrueSTUDIO\syscalls.o
                0x080006f2                _read
 .text._write   0x0800070e       0x1c Application\TrueSTUDIO\syscalls.o
                0x0800070e                _write
 *fill*         0x0800072a        0x2 
 .text._sbrk    0x0800072c       0x34 Application\TrueSTUDIO\syscalls.o
                0x0800072c                _sbrk
 .text._close   0x08000760        0x6 Application\TrueSTUDIO\syscalls.o
                0x08000760                _close
 .text._fstat   0x08000766        0xa Application\TrueSTUDIO\syscalls.o
                0x08000766                _fstat
 .text._isatty  0x08000770        0x4 Application\TrueSTUDIO\syscalls.o
                0x08000770                _isatty
 .text._lseek   0x08000774        0x4 Application\TrueSTUDIO\syscalls.o
                0x08000774                _lseek
 .text.dmc_itoa
                0x08000778       0x5c Application\User\DMC\dmc_convert.o
                0x08000778                dmc_itoa
 .text.dmc_swap_case_len
                0x080007d4       0x34 Application\User\DMC\dmc_convert.o
                0x080007d4                dmc_swap_case_len
 .text.ReadDipSwitches
                0x08000808       0x48 Application\User\DMC\dmc_dipswitch.o
                0x08000808                ReadDipSwitches
 .text.DmcLedOn
                0x08000850       0x54 Application\User\DMC\dmc_leds.o
                0x08000850                DmcLedOn
 .text.DmcLedOff
                0x080008a4       0x54 Application\User\DMC\dmc_leds.o
                0x080008a4                DmcLedOff
 .text.DmcLedToggle
                0x080008f8       0x44 Application\User\DMC\dmc_leds.o
                0x080008f8                DmcLedToggle
 .text.DmcLedsOff
                0x0800093c       0x30 Application\User\DMC\dmc_leds.o
                0x0800093c                DmcLedsOff
 .text.DmcLedsOn
                0x0800096c       0x30 Application\User\DMC\dmc_leds.o
                0x0800096c                DmcLedsOn
 .text.GetMCUFamily
                0x0800099c        0x8 Application\User\DMC\dmc_mcu.o
                0x0800099c                GetMCUFamily
 .text.GetMCUType
                0x080009a4        0x8 Application\User\DMC\dmc_mcu.o
                0x080009a4                GetMCUType
 .text.dmc_put_sethuart
                0x080009ac        0xc Application\User\DMC\dmc_print.o
                0x080009ac                dmc_put_sethuart
 .text.__io_putchar
                0x080009b8       0x20 Application\User\DMC\dmc_print.o
                0x080009b8                __io_putchar
 .text.__io_getchar
                0x080009d8       0x24 Application\User\DMC\dmc_print.o
                0x080009d8                __io_getchar
 .text.dmc_putc
                0x080009fc        0x4 Application\User\DMC\dmc_print.o
                0x080009fc                dmc_putc
 .text.dmc_puts
                0x08000a00       0x12 Application\User\DMC\dmc_print.o
                0x08000a00                dmc_puts
 .text.dmc_putint
                0x08000a12       0x18 Application\User\DMC\dmc_print.o
                0x08000a12                dmc_putint
 .text.dmc_putint2
                0x08000a2a       0x28 Application\User\DMC\dmc_print.o
                0x08000a2a                dmc_putint2
 *fill*         0x08000a52        0x2 
 .text.dmc_puthex
                0x08000a54       0x70 Application\User\DMC\dmc_print.o
                0x08000a54                dmc_puthex
 .text.dmc_puthex2
                0x08000ac4       0x28 Application\User\DMC\dmc_print.o
                0x08000ac4                dmc_puthex2
 .text.dmc_puthex2cr
                0x08000aec       0x10 Application\User\DMC\dmc_print.o
                0x08000aec                dmc_puthex2cr
 .text.dmc_puthex4
                0x08000afc       0x2e Application\User\DMC\dmc_print.o
                0x08000afc                dmc_puthex4
 .text.dmc_puthex4cr
                0x08000b2a       0x10 Application\User\DMC\dmc_print.o
                0x08000b2a                dmc_puthex4cr
 .text.dmc_putscr
                0x08000b3a       0x1a Application\User\DMC\dmc_print.o
                0x08000b3a                dmc_putscr
 .text.dmc_putintcr
                0x08000b54       0x18 Application\User\DMC\dmc_print.o
                0x08000b54                dmc_putintcr
 .text.dmc_puts2
                0x08000b6c       0x22 Application\User\DMC\dmc_print.o
                0x08000b6c                dmc_puts2
 .text.dmc_puts3
                0x08000b8e       0x12 Application\User\DMC\dmc_print.o
                0x08000b8e                dmc_puts3
 .text.dmc_putstrintstr
                0x08000ba0       0x20 Application\User\DMC\dmc_print.o
                0x08000ba0                dmc_putstrintstr
 .text.DMC_I2cRtcRegisterWrite
                0x08000bc0       0x20 Application\User\DMC\dmc_rtc_mcp79412.o
                0x08000bc0                DMC_I2cRtcRegisterWrite
 .text.DMC_I2cRtcSramWrite
                0x08000be0       0x28 Application\User\DMC\dmc_rtc_mcp79412.o
                0x08000be0                DMC_I2cRtcSramWrite
 .text.DMC_I2cRtcSramRead
                0x08000c08       0x28 Application\User\DMC\dmc_rtc_mcp79412.o
                0x08000c08                DMC_I2cRtcSramRead
 .text.DMC_I2cRtcWriteSramBytes
                0x08000c30       0x54 Application\User\DMC\dmc_rtc_mcp79412.o
                0x08000c30                DMC_I2cRtcWriteSramBytes
 .text.DMC_I2cRtcWriteSramByte
                0x08000c84       0x1a Application\User\DMC\dmc_rtc_mcp79412.o
                0x08000c84                DMC_I2cRtcWriteSramByte
 *fill*         0x08000c9e        0x2 
 .text.DMC_I2cRtcReadSramBytes
                0x08000ca0       0x54 Application\User\DMC\dmc_rtc_mcp79412.o
                0x08000ca0                DMC_I2cRtcReadSramBytes
 .text.DMC_I2cRtcSquareWave
                0x08000cf4       0x3a Application\User\DMC\dmc_rtc_mcp79412.o
                0x08000cf4                DMC_I2cRtcSquareWave
 .text.DMC_I2cRtcDecToBcd
                0x08000d2e       0x10 Application\User\DMC\dmc_rtc_mcp79412.o
                0x08000d2e                DMC_I2cRtcDecToBcd
 *fill*         0x08000d3e        0x2 
 .text.DMC_I2cRtcGetDayOfWeek
                0x08000d40       0x38 Application\User\DMC\dmc_rtc_mcp79412.o
                0x08000d40                DMC_I2cRtcGetDayOfWeek
 .text.DMC_I2cRtcGetNoOfDaysInMonth
                0x08000d78       0x24 Application\User\DMC\dmc_rtc_mcp79412.o
                0x08000d78                DMC_I2cRtcGetNoOfDaysInMonth
 .text.DMC_I2cRtcSetDateTime
                0x08000d9c       0xdc Application\User\DMC\dmc_rtc_mcp79412.o
                0x08000d9c                DMC_I2cRtcSetDateTime
 .text.DMC_I2cRtcEepromWriteResetTickCounter
                0x08000e78       0x14 Application\User\DMC\dmc_rtc_mcp79412.o
                0x08000e78                DMC_I2cRtcEepromWriteResetTickCounter
 .text.DMC_I2cRtcInit
                0x08000e8c       0x48 Application\User\DMC\dmc_rtc_mcp79412.o
                0x08000e8c                DMC_I2cRtcInit
 .text.BSP_SD_Init
                0x08000ed4       0x38 Application\User\bsp_driver_sd.o
                0x08000ed4                BSP_SD_Init
 .text.BSP_SD_ReadBlocks
                0x08000f0c       0x20 Application\User\bsp_driver_sd.o
                0x08000f0c                BSP_SD_ReadBlocks
 .text.BSP_SD_WriteBlocks
                0x08000f2c       0x20 Application\User\bsp_driver_sd.o
                0x08000f2c                BSP_SD_WriteBlocks
 .text.BSP_SD_GetCardState
                0x08000f4c       0x14 Application\User\bsp_driver_sd.o
                0x08000f4c                BSP_SD_GetCardState
 .text.BSP_SD_GetCardInfo
                0x08000f60        0xc Application\User\bsp_driver_sd.o
                0x08000f60                BSP_SD_GetCardInfo
 .text.BSP_SD_WriteCpltCallback
                0x08000f6c        0x2 Application\User\bsp_driver_sd.o
                0x08000f6c                BSP_SD_WriteCpltCallback
 .text.HAL_SD_TxCpltCallback
                0x08000f6e        0x8 Application\User\bsp_driver_sd.o
                0x08000f6e                HAL_SD_TxCpltCallback
 .text.BSP_SD_ReadCpltCallback
                0x08000f76        0x2 Application\User\bsp_driver_sd.o
                0x08000f76                BSP_SD_ReadCpltCallback
 .text.HAL_SD_RxCpltCallback
                0x08000f78        0x8 Application\User\bsp_driver_sd.o
                0x08000f78                HAL_SD_RxCpltCallback
 .text.MX_CRC_Init
                0x08000f80       0x30 Application\User\crc.o
                0x08000f80                MX_CRC_Init
 .text.HAL_CRC_MspInit
                0x08000fb0       0x30 Application\User\crc.o
                0x08000fb0                HAL_CRC_MspInit
 .text.MX_CRYP_Init
                0x08000fe0       0x30 Application\User\cryp.o
                0x08000fe0                MX_CRYP_Init
 .text.HAL_CRYP_MspInit
                0x08001010       0xfc Application\User\cryp.o
                0x08001010                HAL_CRYP_MspInit
 .text.MX_DMA_Init
                0x0800110c      0x168 Application\User\dma.o
                0x0800110c                MX_DMA_Init
 .text.SCB_CleanInvalidateDCache
                0x08001274       0x54 Application\User\ethernetif.o
 .text.pbuf_free_custom
                0x080012c8       0x12 Application\User\ethernetif.o
                0x080012c8                pbuf_free_custom
 .text.ETH_PHY_IO_DeInit
                0x080012da        0x4 Application\User\ethernetif.o
                0x080012da                ETH_PHY_IO_DeInit
 *fill*         0x080012de        0x2 
 .text.low_level_output
                0x080012e0       0x58 Application\User\ethernetif.o
 .text.ETH_PHY_IO_GetTick
                0x08001338        0x4 Application\User\ethernetif.o
                0x08001338                ETH_PHY_IO_GetTick
 .text.ETH_PHY_IO_Init
                0x0800133c       0x10 Application\User\ethernetif.o
                0x0800133c                ETH_PHY_IO_Init
 .text.ETH_PHY_IO_ReadReg
                0x0800134c       0x1c Application\User\ethernetif.o
                0x0800134c                ETH_PHY_IO_ReadReg
 .text.ETH_PHY_IO_WriteReg
                0x08001368       0x1c Application\User\ethernetif.o
                0x08001368                ETH_PHY_IO_WriteReg
 .text.HAL_ETH_MspInit
                0x08001384       0xdc Application\User\ethernetif.o
                0x08001384                HAL_ETH_MspInit
 .text.ethernetif_init
                0x08001460      0x174 Application\User\ethernetif.o
                0x08001460                ethernetif_init
 .text.sys_now  0x080015d4        0x4 Application\User\ethernetif.o
                0x080015d4                sys_now
 .text.MX_FATFS_Init
                0x080015d8       0x1c Application\User\fatfs.o
                0x080015d8                MX_FATFS_Init
 .text.MX_FDCAN1_Init
                0x080015f4       0x60 Application\User\fdcan.o
                0x080015f4                MX_FDCAN1_Init
 .text.MX_FDCAN2_Init
                0x08001654       0x60 Application\User\fdcan.o
                0x08001654                MX_FDCAN2_Init
 .text.HAL_FDCAN_MspInit
                0x080016b4      0x134 Application\User\fdcan.o
                0x080016b4                HAL_FDCAN_MspInit
 .text.MX_GPIO_Init
                0x080017e8      0x270 Application\User\gpio.o
                0x080017e8                MX_GPIO_Init
 .text.MX_HASH_Init
                0x08001a58       0x1c Application\User\hash.o
                0x08001a58                MX_HASH_Init
 .text.HAL_HASH_MspInit
                0x08001a74       0x98 Application\User\hash.o
                0x08001a74                HAL_HASH_MspInit
 .text.MX_I2C4_Init
                0x08001b0c       0x58 Application\User\i2c.o
                0x08001b0c                MX_I2C4_Init
 .text.HAL_I2C_MspInit
                0x08001b64       0x90 Application\User\i2c.o
                0x08001b64                HAL_I2C_MspInit
 .text.MX_LWIP_Init
                0x08001bf4       0xdc Application\User\lwip.o
                0x08001bf4                MX_LWIP_Init
 .text.ARP_Add  0x08001cd0       0x7c Application\User\main.o
                0x08001cd0                ARP_Add
 .text.ARP_GetMACfromIP
                0x08001d4c       0x34 Application\User\main.o
                0x08001d4c                ARP_GetMACfromIP
 .text.RTC_FromEpoch
                0x08001d80      0x104 Application\User\main.o
                0x08001d80                RTC_FromEpoch
 .text.SystemClock_Config
                0x08001e84       0xd8 Application\User\main.o
                0x08001e84                SystemClock_Config
 .text.HAL_IncTicks
                0x08001f5c       0x10 Application\User\main.o
                0x08001f5c                HAL_IncTicks
 .text.HAL_StartTicks
                0x08001f6c       0x14 Application\User\main.o
                0x08001f6c                HAL_StartTicks
 .text.HAL_GetTicks
                0x08001f80       0x20 Application\User\main.o
                0x08001f80                HAL_GetTicks
 .text.HAL_StartTicks2
                0x08001fa0       0x14 Application\User\main.o
                0x08001fa0                HAL_StartTicks2
 .text.HAL_GetTicks2
                0x08001fb4       0x20 Application\User\main.o
                0x08001fb4                HAL_GetTicks2
 .text.startup.main
                0x08001fd4     0x1090 Application\User\main.o
                0x08001fd4                main
 .text.Error_Handler
                0x08003064        0x2 Application\User\main.o
                0x08003064                Error_Handler
 .text.assert_failed
                0x08003066        0x2 Application\User\main.o
                0x08003066                assert_failed
 .text.MX_QUADSPI_Init
                0x08003068       0x38 Application\User\quadspi.o
                0x08003068                MX_QUADSPI_Init
 .text.HAL_QSPI_MspInit
                0x080030a0       0xe8 Application\User\quadspi.o
                0x080030a0                HAL_QSPI_MspInit
 .text.MX_RNG_Init
                0x08003188       0x24 Application\User\rng.o
                0x08003188                MX_RNG_Init
 .text.HAL_RNG_MspInit
                0x080031ac       0x44 Application\User\rng.o
                0x080031ac                HAL_RNG_MspInit
 .text.MX_RTC_Init
                0x080031f0       0x34 Application\User\rtc.o
                0x080031f0                MX_RTC_Init
 .text.HAL_RTC_MspInit
                0x08003224       0x1c Application\User\rtc.o
                0x08003224                HAL_RTC_MspInit
 .text.SD_CheckStatus.isra.0
                0x08003240       0x20 Application\User\sd_diskio.o
 .text.SD_initialize
                0x08003260       0x1c Application\User\sd_diskio.o
                0x08003260                SD_initialize
 .text.SD_status
                0x0800327c        0x4 Application\User\sd_diskio.o
                0x0800327c                SD_status
 .text.SD_read  0x08003280       0x20 Application\User\sd_diskio.o
                0x08003280                SD_read
 .text.SD_ioctl
                0x080032a0       0x50 Application\User\sd_diskio.o
                0x080032a0                SD_ioctl
 .text.SD_write
                0x080032f0       0x20 Application\User\sd_diskio.o
                0x080032f0                SD_write
 .text.HAL_SD_MspInit
                0x08003310       0xbc Application\User\sdmmc.o
                0x08003310                HAL_SD_MspInit
 .text.MX_SPI1_Init
                0x080033cc       0x60 Application\User\spi.o
                0x080033cc                MX_SPI1_Init
 .text.MX_SPI4_Init
                0x0800342c       0x60 Application\User\spi.o
                0x0800342c                MX_SPI4_Init
 .text.HAL_SPI_MspInit
                0x0800348c      0x1fc Application\User\spi.o
                0x0800348c                HAL_SPI_MspInit
 .text.HAL_MspInit
                0x08003688       0x78 Application\User\stm32h7xx_hal_msp.o
                0x08003688                HAL_MspInit
 .text.NMI_Handler
                0x08003700        0x2 Application\User\stm32h7xx_it.o
                0x08003700                NMI_Handler
 .text.HardFault_Handler
                0x08003702        0x2 Application\User\stm32h7xx_it.o
                0x08003702                HardFault_Handler
 .text.MemManage_Handler
                0x08003704        0x2 Application\User\stm32h7xx_it.o
                0x08003704                MemManage_Handler
 .text.BusFault_Handler
                0x08003706        0x2 Application\User\stm32h7xx_it.o
                0x08003706                BusFault_Handler
 .text.UsageFault_Handler
                0x08003708        0x2 Application\User\stm32h7xx_it.o
                0x08003708                UsageFault_Handler
 .text.SVC_Handler
                0x0800370a        0x2 Application\User\stm32h7xx_it.o
                0x0800370a                SVC_Handler
 .text.DebugMon_Handler
                0x0800370c        0x2 Application\User\stm32h7xx_it.o
                0x0800370c                DebugMon_Handler
 .text.PendSV_Handler
                0x0800370e        0x2 Application\User\stm32h7xx_it.o
                0x0800370e                PendSV_Handler
 .text.SysTick_Handler
                0x08003710        0xe Application\User\stm32h7xx_it.o
                0x08003710                SysTick_Handler
 .text.PVD_AVD_IRQHandler
                0x0800371e        0x4 Application\User\stm32h7xx_it.o
                0x0800371e                PVD_AVD_IRQHandler
 .text.FLASH_IRQHandler
                0x08003722        0x4 Application\User\stm32h7xx_it.o
                0x08003722                FLASH_IRQHandler
 .text.RCC_IRQHandler
                0x08003726        0x2 Application\User\stm32h7xx_it.o
                0x08003726                RCC_IRQHandler
 .text.EXTI0_IRQHandler
                0x08003728        0x6 Application\User\stm32h7xx_it.o
                0x08003728                EXTI0_IRQHandler
 .text.EXTI9_5_IRQHandler
                0x0800372e       0x16 Application\User\stm32h7xx_it.o
                0x0800372e                EXTI9_5_IRQHandler
 .text.EXTI3_IRQHandler
                0x08003744        0x6 Application\User\stm32h7xx_it.o
                0x08003744                EXTI3_IRQHandler
 *fill*         0x0800374a        0x2 
 .text.DMA1_Stream0_IRQHandler
                0x0800374c       0x20 Application\User\stm32h7xx_it.o
                0x0800374c                DMA1_Stream0_IRQHandler
 .text.DMA1_Stream1_IRQHandler
                0x0800376c       0x20 Application\User\stm32h7xx_it.o
                0x0800376c                DMA1_Stream1_IRQHandler
 .text.DMA1_Stream2_IRQHandler
                0x0800378c       0x20 Application\User\stm32h7xx_it.o
                0x0800378c                DMA1_Stream2_IRQHandler
 .text.DMA1_Stream3_IRQHandler
                0x080037ac       0x20 Application\User\stm32h7xx_it.o
                0x080037ac                DMA1_Stream3_IRQHandler
 .text.DMA1_Stream4_IRQHandler
                0x080037cc       0x1c Application\User\stm32h7xx_it.o
                0x080037cc                DMA1_Stream4_IRQHandler
 .text.DMA1_Stream5_IRQHandler
                0x080037e8       0x1c Application\User\stm32h7xx_it.o
                0x080037e8                DMA1_Stream5_IRQHandler
 .text.DMA1_Stream6_IRQHandler
                0x08003804       0x1c Application\User\stm32h7xx_it.o
                0x08003804                DMA1_Stream6_IRQHandler
 .text.FDCAN1_IT1_IRQHandler
                0x08003820        0xc Application\User\stm32h7xx_it.o
                0x08003820                FDCAN1_IT1_IRQHandler
 .text.FDCAN1_IT0_IRQHandler
                0x0800382c        0x4 Application\User\stm32h7xx_it.o
                0x0800382c                FDCAN1_IT0_IRQHandler
 .text.FDCAN2_IT1_IRQHandler
                0x08003830        0xc Application\User\stm32h7xx_it.o
                0x08003830                FDCAN2_IT1_IRQHandler
 .text.FDCAN2_IT0_IRQHandler
                0x0800383c        0x4 Application\User\stm32h7xx_it.o
                0x0800383c                FDCAN2_IT0_IRQHandler
 .text.SPI1_IRQHandler
                0x08003840        0xc Application\User\stm32h7xx_it.o
                0x08003840                SPI1_IRQHandler
 .text.USART2_IRQHandler
                0x0800384c        0xc Application\User\stm32h7xx_it.o
                0x0800384c                USART2_IRQHandler
 .text.DMA1_Stream7_IRQHandler
                0x08003858        0xc Application\User\stm32h7xx_it.o
                0x08003858                DMA1_Stream7_IRQHandler
 .text.SDMMC1_IRQHandler
                0x08003864        0xc Application\User\stm32h7xx_it.o
                0x08003864                SDMMC1_IRQHandler
 .text.DMA2_Stream0_IRQHandler
                0x08003870        0xc Application\User\stm32h7xx_it.o
                0x08003870                DMA2_Stream0_IRQHandler
 .text.DMA2_Stream1_IRQHandler
                0x0800387c        0xc Application\User\stm32h7xx_it.o
                0x0800387c                DMA2_Stream1_IRQHandler
 .text.DMA2_Stream2_IRQHandler
                0x08003888        0xc Application\User\stm32h7xx_it.o
                0x08003888                DMA2_Stream2_IRQHandler
 .text.DMA2_Stream3_IRQHandler
                0x08003894        0xc Application\User\stm32h7xx_it.o
                0x08003894                DMA2_Stream3_IRQHandler
 .text.ETH_WKUP_IRQHandler
                0x080038a0        0xc Application\User\stm32h7xx_it.o
                0x080038a0                ETH_WKUP_IRQHandler
 .text.ETH_IRQHandler
                0x080038ac        0x4 Application\User\stm32h7xx_it.o
                0x080038ac                ETH_IRQHandler
 .text.FDCAN_CAL_IRQHandler
                0x080038b0       0x1c Application\User\stm32h7xx_it.o
                0x080038b0                FDCAN_CAL_IRQHandler
 .text.OTG_HS_IRQHandler
                0x080038cc        0xc Application\User\stm32h7xx_it.o
                0x080038cc                OTG_HS_IRQHandler
 .text.OTG_HS_EP1_IN_IRQHandler
                0x080038d8        0x4 Application\User\stm32h7xx_it.o
                0x080038d8                OTG_HS_EP1_IN_IRQHandler
 .text.OTG_HS_EP1_OUT_IRQHandler
                0x080038dc        0x4 Application\User\stm32h7xx_it.o
                0x080038dc                OTG_HS_EP1_OUT_IRQHandler
 .text.CRYP_IRQHandler
                0x080038e0        0xc Application\User\stm32h7xx_it.o
                0x080038e0                CRYP_IRQHandler
 .text.HASH_RNG_IRQHandler
                0x080038ec       0x1c Application\User\stm32h7xx_it.o
                0x080038ec                HASH_RNG_IRQHandler
 .text.FPU_IRQHandler
                0x08003908        0x2 Application\User\stm32h7xx_it.o
                0x08003908                FPU_IRQHandler
 *fill*         0x0800390a        0x2 
 .text.UART7_IRQHandler
                0x0800390c        0xc Application\User\stm32h7xx_it.o
                0x0800390c                UART7_IRQHandler
 .text.SPI4_IRQHandler
                0x08003918        0xc Application\User\stm32h7xx_it.o
                0x08003918                SPI4_IRQHandler
 .text.QUADSPI_IRQHandler
                0x08003924        0xc Application\User\stm32h7xx_it.o
                0x08003924                QUADSPI_IRQHandler
 .text.I2C4_EV_IRQHandler
                0x08003930        0xc Application\User\stm32h7xx_it.o
                0x08003930                I2C4_EV_IRQHandler
 .text.I2C4_ER_IRQHandler
                0x0800393c        0xc Application\User\stm32h7xx_it.o
                0x0800393c                I2C4_ER_IRQHandler
 .text.HSEM1_IRQHandler
                0x08003948        0x4 Application\User\stm32h7xx_it.o
                0x08003948                HSEM1_IRQHandler
 .text.MX_UART7_Init
                0x0800394c       0x44 Application\User\usart.o
                0x0800394c                MX_UART7_Init
 .text.MX_USART2_UART_Init
                0x08003990       0x44 Application\User\usart.o
                0x08003990                MX_USART2_UART_Init
 .text.HAL_UART_MspInit
                0x080039d4      0x248 Application\User\usart.o
                0x080039d4                HAL_UART_MspInit
 .text.HAL_HCD_SOF_Callback
                0x08003c1c        0x8 Application\User\usbh_conf.o
                0x08003c1c                HAL_HCD_SOF_Callback
 .text.HAL_HCD_Connect_Callback
                0x08003c24        0x8 Application\User\usbh_conf.o
                0x08003c24                HAL_HCD_Connect_Callback
 .text.HAL_HCD_Disconnect_Callback
                0x08003c2c        0x8 Application\User\usbh_conf.o
                0x08003c2c                HAL_HCD_Disconnect_Callback
 .text.HAL_HCD_HC_NotifyURBChange_Callback
                0x08003c34        0x2 Application\User\usbh_conf.o
                0x08003c34                HAL_HCD_HC_NotifyURBChange_Callback
 *fill*         0x08003c36        0x2 
 .text.USBH_LL_Start
                0x08003c38       0x1c Application\User\usbh_conf.o
                0x08003c38                USBH_LL_Start
 .text.USBH_LL_Stop
                0x08003c54       0x1c Application\User\usbh_conf.o
                0x08003c54                USBH_LL_Stop
 .text.LAN8742_RegisterBusIO
                0x08003c70       0x28 Drivers\BSP\Components\lan8742.o
                0x08003c70                LAN8742_RegisterBusIO
 .text.LAN8742_Init
                0x08003c98       0xc8 Drivers\BSP\Components\lan8742.o
                0x08003c98                LAN8742_Init
 .text.SystemInit
                0x08003d60       0x64 Drivers\CMSIS\system_stm32h7xx.o
                0x08003d60                SystemInit
 .text.ksz8851_interface_init_0
                0x08003dc4       0x74 Drivers\KSZ8851SNL\KSZ8851SNL_0.o
                0x08003dc4                ksz8851_interface_init_0
 .text.ksz8851_reg_read_0
                0x08003e38       0x6c Drivers\KSZ8851SNL\KSZ8851SNL_0.o
                0x08003e38                ksz8851_reg_read_0
 .text.ksz8851_reg_write_0
                0x08003ea4       0x64 Drivers\KSZ8851SNL\KSZ8851SNL_0.o
                0x08003ea4                ksz8851_reg_write_0
 .text.ksz8851_reg_setbits_0
                0x08003f08       0x1a Drivers\KSZ8851SNL\KSZ8851SNL_0.o
                0x08003f08                ksz8851_reg_setbits_0
 .text.ksz8851_reg_clrbits_0
                0x08003f22       0x1a Drivers\KSZ8851SNL\KSZ8851SNL_0.o
                0x08003f22                ksz8851_reg_clrbits_0
 .text.ksz8851_IntEnable_0
                0x08003f3c        0xa Drivers\KSZ8851SNL\KSZ8851SNL_0.o
                0x08003f3c                ksz8851_IntEnable_0
 *fill*         0x08003f46        0x2 
 .text.ksz8851_init_0
                0x08003f48      0x20c Drivers\KSZ8851SNL\KSZ8851SNL_0.o
                0x08003f48                ksz8851_init_0
 .text.ksz8851_IntDisable_0
                0x08004154        0x8 Drivers\KSZ8851SNL\KSZ8851SNL_0.o
                0x08004154                ksz8851_IntDisable_0
 .text.ksz8851snl_reset_rx_0
                0x0800415c       0x36 Drivers\KSZ8851SNL\KSZ8851SNL_0.o
                0x0800415c                ksz8851snl_reset_rx_0
 .text.ksz8851snl_reset_tx_0
                0x08004192       0x36 Drivers\KSZ8851SNL\KSZ8851SNL_0.o
                0x08004192                ksz8851snl_reset_tx_0
 .text.ksz8851_ReleaseIncosistentFrame_0
                0x080041c8       0x16 Drivers\KSZ8851SNL\KSZ8851SNL_0.o
                0x080041c8                ksz8851_ReleaseIncosistentFrame_0
 *fill*         0x080041de        0x2 
 .text.ksz8851_Send_0
                0x080041e0       0xe0 Drivers\KSZ8851SNL\KSZ8851SNL_0.o
                0x080041e0                ksz8851_Send_0
 .text.ksz8851_Receive_0
                0x080042c0       0xdc Drivers\KSZ8851SNL\KSZ8851SNL_0.o
                0x080042c0                ksz8851_Receive_0
 .text.set_dma_tx_ended_0
                0x0800439c       0x18 Drivers\KSZ8851SNL\KSZ8851SNL_0.o
                0x0800439c                set_dma_tx_ended_0
 .text.set_dma_rx_ended_0
                0x080043b4       0x18 Drivers\KSZ8851SNL\KSZ8851SNL_0.o
                0x080043b4                set_dma_rx_ended_0
 .text.HAL_InitTick
                0x080043cc       0x48 Drivers\STM32H7xx_HAL_Driver\stm32h7xx_hal.o
                0x080043cc                HAL_InitTick
 .text.HAL_Init
                0x08004414       0x1e Drivers\STM32H7xx_HAL_Driver\stm32h7xx_hal.o
                0x08004414                HAL_Init
 *fill*         0x08004432        0x2 
 .text.HAL_IncTick
                0x08004434       0x18 Drivers\STM32H7xx_HAL_Driver\stm32h7xx_hal.o
                0x08004434                HAL_IncTick
 .text.HAL_GetTick
                0x0800444c        0xc Drivers\STM32H7xx_HAL_Driver\stm32h7xx_hal.o
                0x0800444c                HAL_GetTick
 .text.HAL_Delay
                0x08004458       0x24 Drivers\STM32H7xx_HAL_Driver\stm32h7xx_hal.o
                0x08004458                HAL_Delay
 .text.HAL_SYSCFG_ETHInterfaceSelect
                0x0800447c       0x2c Drivers\STM32H7xx_HAL_Driver\stm32h7xx_hal.o
                0x0800447c                HAL_SYSCFG_ETHInterfaceSelect
 .text.HAL_NVIC_SetPriorityGrouping
                0x080044a8       0x3c Drivers\STM32H7xx_HAL_Driver\stm32h7xx_hal_cortex.o
                0x080044a8                HAL_NVIC_SetPriorityGrouping
 .text.HAL_NVIC_SetPriority
                0x080044e4       0x90 Drivers\STM32H7xx_HAL_Driver\stm32h7xx_hal_cortex.o
                0x080044e4                HAL_NVIC_SetPriority
 .text.HAL_NVIC_EnableIRQ
                0x08004574       0x28 Drivers\STM32H7xx_HAL_Driver\stm32h7xx_hal_cortex.o
                0x08004574                HAL_NVIC_EnableIRQ
 .text.HAL_SYSTICK_Config
                0x0800459c       0x2c Drivers\STM32H7xx_HAL_Driver\stm32h7xx_hal_cortex.o
                0x0800459c                HAL_SYSTICK_Config
 .text.HAL_CRC_Init
                0x080045c8       0xe0 Drivers\STM32H7xx_HAL_Driver\stm32h7xx_hal_crc.o
                0x080045c8                HAL_CRC_Init
 .text.HAL_CRCEx_Polynomial_Set
                0x080046a8       0x5c Drivers\STM32H7xx_HAL_Driver\stm32h7xx_hal_crc_ex.o
                0x080046a8                HAL_CRCEx_Polynomial_Set
 .text.HAL_CRYP_Init
                0x08004704       0x9c Drivers\STM32H7xx_HAL_Driver\stm32h7xx_hal_cryp.o
                0x08004704                HAL_CRYP_Init
 .text.HAL_CRYP_InCpltCallback
                0x080047a0        0x2 Drivers\STM32H7xx_HAL_Driver\stm32h7xx_hal_cryp.o
                0x080047a0                HAL_CRYP_InCpltCallback
 .text.HAL_CRYP_OutCpltCallback
                0x080047a2        0x2 Drivers\STM32H7xx_HAL_Driver\stm32h7xx_hal_cryp.o
                0x080047a2                HAL_CRYP_OutCpltCallback
 .text.HAL_CRYP_IRQHandler
                0x080047a4      0x3be Drivers\STM32H7xx_HAL_Driver\stm32h7xx_hal_cryp.o
                0x080047a4                HAL_CRYP_IRQHandler
 *fill*         0x08004b62        0x2 
 .text.DMA_CalcBaseAndBitshift
                0x08004b64       0x2c Drivers\STM32H7xx_HAL_Driver\stm32h7xx_hal_dma.o
 .text.DMA_CalcDMAMUXChannelBaseAndMask
                0x08004b90       0x60 Drivers\STM32H7xx_HAL_Driver\stm32h7xx_hal_dma.o
 .text.DMA_CalcDMAMUXRequestGenBaseAndMask
                0x08004bf0       0x48 Drivers\STM32H7xx_HAL_Driver\stm32h7xx_hal_dma.o
 .text.HAL_DMA_Init
                0x08004c38      0x35c Drivers\STM32H7xx_HAL_Driver\stm32h7xx_hal_dma.o
                0x08004c38                HAL_DMA_Init
 .text.HAL_DMA_Abort_IT
                0x08004f94       0x8c Drivers\STM32H7xx_HAL_Driver\stm32h7xx_hal_dma.o
                0x08004f94                HAL_DMA_Abort_IT
 .text.HAL_DMA_IRQHandler
                0x08005020      0x268 Drivers\STM32H7xx_HAL_Driver\stm32h7xx_hal_dma.o
                0x08005020                HAL_DMA_IRQHandler
 .text.HAL_DMAEx_ConfigMuxSync
                0x08005288      0x1bc Drivers\STM32H7xx_HAL_Driver\stm32h7xx_hal_dma_ex.o
                0x08005288                HAL_DMAEx_ConfigMuxSync
 .text.ETH_SetMACConfig
                0x08005444      0x1ba Drivers\STM32H7xx_HAL_Driver\stm32h7xx_hal_eth.o
 *fill*         0x080055fe        0x2 
 .text.ETH_SetDMAConfig
                0x08005600       0x90 Drivers\STM32H7xx_HAL_Driver\stm32h7xx_hal_eth.o
 .text.ETH_Prepare_Tx_Descriptors
                0x08005690      0x2b0 Drivers\STM32H7xx_HAL_Driver\stm32h7xx_hal_eth.o
 .text.HAL_ETH_DescAssignMemory
                0x08005940       0x38 Drivers\STM32H7xx_HAL_Driver\stm32h7xx_hal_eth.o
                0x08005940                HAL_ETH_DescAssignMemory
 .text.HAL_ETH_Start
                0x08005978       0x66 Drivers\STM32H7xx_HAL_Driver\stm32h7xx_hal_eth.o
                0x08005978                HAL_ETH_Start
 .text.HAL_ETH_Transmit
                0x080059de       0xa4 Drivers\STM32H7xx_HAL_Driver\stm32h7xx_hal_eth.o
                0x080059de                HAL_ETH_Transmit
 .text.HAL_ETH_IsRxDataAvailable
                0x08005a82       0xe8 Drivers\STM32H7xx_HAL_Driver\stm32h7xx_hal_eth.o
                0x08005a82                HAL_ETH_IsRxDataAvailable
 .text.HAL_ETH_TxCpltCallback
                0x08005b6a        0x2 Drivers\STM32H7xx_HAL_Driver\stm32h7xx_hal_eth.o
                0x08005b6a                HAL_ETH_TxCpltCallback
 .text.HAL_ETH_RxCpltCallback
                0x08005b6c        0x2 Drivers\STM32H7xx_HAL_Driver\stm32h7xx_hal_eth.o
                0x08005b6c                HAL_ETH_RxCpltCallback
 .text.HAL_ETH_DMAErrorCallback
                0x08005b6e        0x2 Drivers\STM32H7xx_HAL_Driver\stm32h7xx_hal_eth.o
                0x08005b6e                HAL_ETH_DMAErrorCallback
 .text.HAL_ETH_MACErrorCallback
                0x08005b70        0x2 Drivers\STM32H7xx_HAL_Driver\stm32h7xx_hal_eth.o
                0x08005b70                HAL_ETH_MACErrorCallback
 .text.HAL_ETH_PMTCallback
                0x08005b72        0x2 Drivers\STM32H7xx_HAL_Driver\stm32h7xx_hal_eth.o
                0x08005b72                HAL_ETH_PMTCallback
 .text.HAL_ETH_EEECallback
                0x08005b74        0x2 Drivers\STM32H7xx_HAL_Driver\stm32h7xx_hal_eth.o
                0x08005b74                HAL_ETH_EEECallback
 .text.HAL_ETH_WakeUpCallback
                0x08005b76        0x2 Drivers\STM32H7xx_HAL_Driver\stm32h7xx_hal_eth.o
                0x08005b76                HAL_ETH_WakeUpCallback
 .text.HAL_ETH_IRQHandler
                0x08005b78      0x13c Drivers\STM32H7xx_HAL_Driver\stm32h7xx_hal_eth.o
                0x08005b78                HAL_ETH_IRQHandler
 .text.HAL_ETH_ReadPHYRegister
                0x08005cb4       0x5a Drivers\STM32H7xx_HAL_Driver\stm32h7xx_hal_eth.o
                0x08005cb4                HAL_ETH_ReadPHYRegister
 *fill*         0x08005d0e        0x2 
 .text.HAL_ETH_WritePHYRegister
                0x08005d10       0x60 Drivers\STM32H7xx_HAL_Driver\stm32h7xx_hal_eth.o
                0x08005d10                HAL_ETH_WritePHYRegister
 .text.ETH_MAC_MDIO_ClkConfig
                0x08005d70       0x78 Drivers\STM32H7xx_HAL_Driver\stm32h7xx_hal_eth.o
                0x08005d70                HAL_ETH_SetMDIOClockRange
 .text.HAL_ETH_Init
                0x08005de8      0x280 Drivers\STM32H7xx_HAL_Driver\stm32h7xx_hal_eth.o
                0x08005de8                HAL_ETH_Init
 .text.HAL_FDCAN_Init
                0x08006068      0x594 Drivers\STM32H7xx_HAL_Driver\stm32h7xx_hal_fdcan.o
                0x08006068                HAL_FDCAN_Init
 .text.HAL_FDCAN_ClockCalibrationCallback
                0x080065fc        0x2 Drivers\STM32H7xx_HAL_Driver\stm32h7xx_hal_fdcan.o
                0x080065fc                HAL_FDCAN_ClockCalibrationCallback
 .text.HAL_FDCAN_TxEventFifoCallback
                0x080065fe        0x2 Drivers\STM32H7xx_HAL_Driver\stm32h7xx_hal_fdcan.o
                0x080065fe                HAL_FDCAN_TxEventFifoCallback
 .text.HAL_FDCAN_RxFifo0Callback
                0x08006600        0x2 Drivers\STM32H7xx_HAL_Driver\stm32h7xx_hal_fdcan.o
                0x08006600                HAL_FDCAN_RxFifo0Callback
 .text.HAL_FDCAN_RxFifo1Callback
                0x08006602        0x2 Drivers\STM32H7xx_HAL_Driver\stm32h7xx_hal_fdcan.o
                0x08006602                HAL_FDCAN_RxFifo1Callback
 .text.HAL_FDCAN_TxFifoEmptyCallback
                0x08006604        0x2 Drivers\STM32H7xx_HAL_Driver\stm32h7xx_hal_fdcan.o
                0x08006604                HAL_FDCAN_TxFifoEmptyCallback
 .text.HAL_FDCAN_TxBufferCompleteCallback
                0x08006606        0x2 Drivers\STM32H7xx_HAL_Driver\stm32h7xx_hal_fdcan.o
                0x08006606                HAL_FDCAN_TxBufferCompleteCallback
 .text.HAL_FDCAN_TxBufferAbortCallback
                0x08006608        0x2 Drivers\STM32H7xx_HAL_Driver\stm32h7xx_hal_fdcan.o
                0x08006608                HAL_FDCAN_TxBufferAbortCallback
 .text.HAL_FDCAN_RxBufferNewMessageCallback
                0x0800660a        0x2 Drivers\STM32H7xx_HAL_Driver\stm32h7xx_hal_fdcan.o
                0x0800660a                HAL_FDCAN_RxBufferNewMessageCallback
 .text.HAL_FDCAN_TimestampWraparoundCallback
                0x0800660c        0x2 Drivers\STM32H7xx_HAL_Driver\stm32h7xx_hal_fdcan.o
                0x0800660c                HAL_FDCAN_TimestampWraparoundCallback
 .text.HAL_FDCAN_TimeoutOccurredCallback
                0x0800660e        0x2 Drivers\STM32H7xx_HAL_Driver\stm32h7xx_hal_fdcan.o
                0x0800660e                HAL_FDCAN_TimeoutOccurredCallback
 .text.HAL_FDCAN_HighPriorityMessageCallback
                0x08006610        0x2 Drivers\STM32H7xx_HAL_Driver\stm32h7xx_hal_fdcan.o
                0x08006610                HAL_FDCAN_HighPriorityMessageCallback
 .text.HAL_FDCAN_ErrorCallback
                0x08006612        0x2 Drivers\STM32H7xx_HAL_Driver\stm32h7xx_hal_fdcan.o
                0x08006612                HAL_FDCAN_ErrorCallback
 .text.HAL_FDCAN_TT_ScheduleSyncCallback
                0x08006614        0x2 Drivers\STM32H7xx_HAL_Driver\stm32h7xx_hal_fdcan.o
                0x08006614                HAL_FDCAN_TT_ScheduleSyncCallback
 .text.HAL_FDCAN_TT_TimeMarkCallback
                0x08006616        0x2 Drivers\STM32H7xx_HAL_Driver\stm32h7xx_hal_fdcan.o
                0x08006616                HAL_FDCAN_TT_TimeMarkCallback
 .text.HAL_FDCAN_TT_StopWatchCallback
                0x08006618        0x2 Drivers\STM32H7xx_HAL_Driver\stm32h7xx_hal_fdcan.o
                0x08006618                HAL_FDCAN_TT_StopWatchCallback
 .text.HAL_FDCAN_TT_GlobalTimeCallback
                0x0800661a        0x2 Drivers\STM32H7xx_HAL_Driver\stm32h7xx_hal_fdcan.o
                0x0800661a                HAL_FDCAN_TT_GlobalTimeCallback
 .text.HAL_FDCAN_IRQHandler
                0x0800661c      0x37c Drivers\STM32H7xx_HAL_Driver\stm32h7xx_hal_fdcan.o
                0x0800661c                HAL_FDCAN_IRQHandler
 .text.FLASH_SetErrorCode
                0x08006998      0x14c Drivers\STM32H7xx_HAL_Driver\stm32h7xx_hal_flash.o
 .text.HAL_FLASH_EndOfOperationCallback
                0x08006ae4        0x2 Drivers\STM32H7xx_HAL_Driver\stm32h7xx_hal_flash.o
                0x08006ae4                HAL_FLASH_EndOfOperationCallback
 .text.HAL_FLASH_OperationErrorCallback
                0x08006ae6        0x2 Drivers\STM32H7xx_HAL_Driver\stm32h7xx_hal_flash.o
                0x08006ae6                HAL_FLASH_OperationErrorCallback
 .text.HAL_FLASH_IRQHandler
                0x08006ae8      0x1dc Drivers\STM32H7xx_HAL_Driver\stm32h7xx_hal_flash.o
                0x08006ae8                HAL_FLASH_IRQHandler
 .text.FLASH_Erase_Sector
                0x08006cc4       0xb0 Drivers\STM32H7xx_HAL_Driver\stm32h7xx_hal_flash_ex.o
                0x08006cc4                FLASH_Erase_Sector
 .text.HAL_GPIO_Init
                0x08006d74      0x2a8 Drivers\STM32H7xx_HAL_Driver\stm32h7xx_hal_gpio.o
                0x08006d74                HAL_GPIO_Init
 .text.HAL_GPIO_ReadPin
                0x0800701c       0x24 Drivers\STM32H7xx_HAL_Driver\stm32h7xx_hal_gpio.o
                0x0800701c                HAL_GPIO_ReadPin
 .text.HAL_GPIO_WritePin
                0x08007040       0x34 Drivers\STM32H7xx_HAL_Driver\stm32h7xx_hal_gpio.o
                0x08007040                HAL_GPIO_WritePin
 .text.HAL_GPIO_TogglePin
                0x08007074       0x20 Drivers\STM32H7xx_HAL_Driver\stm32h7xx_hal_gpio.o
                0x08007074                HAL_GPIO_TogglePin
 .text.HAL_GPIO_EXTI_Callback
                0x08007094        0x2 Drivers\STM32H7xx_HAL_Driver\stm32h7xx_hal_gpio.o
                0x08007094                HAL_GPIO_EXTI_Callback
 *fill*         0x08007096        0x2 
 .text.HAL_GPIO_EXTI_IRQHandler
                0x08007098       0x18 Drivers\STM32H7xx_HAL_Driver\stm32h7xx_hal_gpio.o
                0x08007098                HAL_GPIO_EXTI_IRQHandler
 .text.HASH_GetDigest
                0x080070b0       0xc4 Drivers\STM32H7xx_HAL_Driver\stm32h7xx_hal_hash.o
 .text.HASH_WaitOnFlagUntilTimeout
                0x08007174       0x9c Drivers\STM32H7xx_HAL_Driver\stm32h7xx_hal_hash.o
 .text.HAL_HASH_Init
                0x08007210       0x6c Drivers\STM32H7xx_HAL_Driver\stm32h7xx_hal_hash.o
                0x08007210                HAL_HASH_Init
 .text.HAL_HASH_InCpltCallback
                0x0800727c        0x2 Drivers\STM32H7xx_HAL_Driver\stm32h7xx_hal_hash.o
                0x0800727c                HAL_HASH_InCpltCallback
 .text.HAL_HASH_DgstCpltCallback
                0x0800727e        0x2 Drivers\STM32H7xx_HAL_Driver\stm32h7xx_hal_hash.o
                0x0800727e                HAL_HASH_DgstCpltCallback
 .text.HAL_HASH_ErrorCallback
                0x08007280        0x2 Drivers\STM32H7xx_HAL_Driver\stm32h7xx_hal_hash.o
                0x08007280                HAL_HASH_ErrorCallback
 *fill*         0x08007282        0x2 
 .text.HAL_HASH_IRQHandler
                0x08007284      0x1c0 Drivers\STM32H7xx_HAL_Driver\stm32h7xx_hal_hash.o
                0x08007284                HAL_HASH_IRQHandler
 .text.HAL_HCD_IRQHandler
                0x08007444      0x628 Drivers\STM32H7xx_HAL_Driver\stm32h7xx_hal_hcd.o
                0x08007444                HAL_HCD_IRQHandler
 .text.HAL_HCD_Start
                0x08007a6c       0x2c Drivers\STM32H7xx_HAL_Driver\stm32h7xx_hal_hcd.o
                0x08007a6c                HAL_HCD_Start
 .text.HAL_HCD_Stop
                0x08007a98       0x24 Drivers\STM32H7xx_HAL_Driver\stm32h7xx_hal_hcd.o
                0x08007a98                HAL_HCD_Stop
 .text.HAL_HSEM_FreeCallback
                0x08007abc        0x2 Drivers\STM32H7xx_HAL_Driver\stm32h7xx_hal_hsem.o
                0x08007abc                HAL_HSEM_FreeCallback
 *fill*         0x08007abe        0x2 
 .text.HAL_HSEM_IRQHandler
                0x08007ac0       0x28 Drivers\STM32H7xx_HAL_Driver\stm32h7xx_hal_hsem.o
                0x08007ac0                HAL_HSEM_IRQHandler
 .text.I2C_Flush_TXDR
                0x08007ae8       0x1c Drivers\STM32H7xx_HAL_Driver\stm32h7xx_hal_i2c.o
 .text.I2C_Disable_IRQ
                0x08007b04       0x5e Drivers\STM32H7xx_HAL_Driver\stm32h7xx_hal_i2c.o
 *fill*         0x08007b62        0x2 
 .text.I2C_TransferConfig
                0x08007b64       0xb0 Drivers\STM32H7xx_HAL_Driver\stm32h7xx_hal_i2c.o
 .text.I2C_WaitOnFlagUntilTimeout
                0x08007c14       0x4e Drivers\STM32H7xx_HAL_Driver\stm32h7xx_hal_i2c.o
 .text.I2C_IsAcknowledgeFailed
                0x08007c62       0x7a Drivers\STM32H7xx_HAL_Driver\stm32h7xx_hal_i2c.o
 .text.I2C_WaitOnTXISFlagUntilTimeout
                0x08007cdc       0x52 Drivers\STM32H7xx_HAL_Driver\stm32h7xx_hal_i2c.o
 *fill*         0x08007d2e        0x2 
 .text.I2C_RequestMemoryWrite
                0x08007d30       0x6c Drivers\STM32H7xx_HAL_Driver\stm32h7xx_hal_i2c.o
 .text.I2C_RequestMemoryRead
                0x08007d9c       0x68 Drivers\STM32H7xx_HAL_Driver\stm32h7xx_hal_i2c.o
 .text.I2C_WaitOnSTOPFlagUntilTimeout
                0x08007e04       0x4e Drivers\STM32H7xx_HAL_Driver\stm32h7xx_hal_i2c.o
 *fill*         0x08007e52        0x2 
 .text.HAL_I2C_Init
                0x08007e54      0x154 Drivers\STM32H7xx_HAL_Driver\stm32h7xx_hal_i2c.o
                0x08007e54                HAL_I2C_Init
 .text.HAL_I2C_Master_Transmit
                0x08007fa8      0x130 Drivers\STM32H7xx_HAL_Driver\stm32h7xx_hal_i2c.o
                0x08007fa8                HAL_I2C_Master_Transmit
 .text.HAL_I2C_Mem_Write
                0x080080d8      0x184 Drivers\STM32H7xx_HAL_Driver\stm32h7xx_hal_i2c.o
                0x080080d8                HAL_I2C_Mem_Write
 .text.HAL_I2C_Mem_Read
                0x0800825c      0x190 Drivers\STM32H7xx_HAL_Driver\stm32h7xx_hal_i2c.o
                0x0800825c                HAL_I2C_Mem_Read
 .text.HAL_I2C_EV_IRQHandler
                0x080083ec        0xe Drivers\STM32H7xx_HAL_Driver\stm32h7xx_hal_i2c.o
                0x080083ec                HAL_I2C_EV_IRQHandler
 .text.HAL_I2C_SlaveTxCpltCallback
                0x080083fa        0x2 Drivers\STM32H7xx_HAL_Driver\stm32h7xx_hal_i2c.o
                0x080083fa                HAL_I2C_SlaveTxCpltCallback
 .text.HAL_I2C_SlaveRxCpltCallback
                0x080083fc        0x2 Drivers\STM32H7xx_HAL_Driver\stm32h7xx_hal_i2c.o
                0x080083fc                HAL_I2C_SlaveRxCpltCallback
 .text.I2C_ITSlaveSequentialCplt
                0x080083fe       0x52 Drivers\STM32H7xx_HAL_Driver\stm32h7xx_hal_i2c.o
 .text.HAL_I2C_AddrCallback
                0x08008450        0x2 Drivers\STM32H7xx_HAL_Driver\stm32h7xx_hal_i2c.o
                0x08008450                HAL_I2C_AddrCallback
 .text.HAL_I2C_ListenCpltCallback
                0x08008452        0x2 Drivers\STM32H7xx_HAL_Driver\stm32h7xx_hal_i2c.o
                0x08008452                HAL_I2C_ListenCpltCallback
 .text.I2C_ITListenCplt
                0x08008454       0x60 Drivers\STM32H7xx_HAL_Driver\stm32h7xx_hal_i2c.o
 .text.HAL_I2C_ErrorCallback
                0x080084b4        0x2 Drivers\STM32H7xx_HAL_Driver\stm32h7xx_hal_i2c.o
                0x080084b4                HAL_I2C_ErrorCallback
 .text.HAL_I2C_AbortCpltCallback
                0x080084b6        0x2 Drivers\STM32H7xx_HAL_Driver\stm32h7xx_hal_i2c.o
                0x080084b6                HAL_I2C_AbortCpltCallback
 .text.I2C_ITError
                0x080084b8       0xe0 Drivers\STM32H7xx_HAL_Driver\stm32h7xx_hal_i2c.o
 .text.I2C_ITSlaveCplt
                0x08008598      0x100 Drivers\STM32H7xx_HAL_Driver\stm32h7xx_hal_i2c.o
 .text.I2C_Slave_ISR_IT
                0x08008698      0x1b0 Drivers\STM32H7xx_HAL_Driver\stm32h7xx_hal_i2c.o
 .text.HAL_I2C_ER_IRQHandler
                0x08008848       0x62 Drivers\STM32H7xx_HAL_Driver\stm32h7xx_hal_i2c.o
                0x08008848                HAL_I2C_ER_IRQHandler
 .text.I2C_DMAAbort
                0x080088aa       0x32 Drivers\STM32H7xx_HAL_Driver\stm32h7xx_hal_i2c.o
 .text.HAL_I2CEx_ConfigAnalogFilter
                0x080088dc       0x90 Drivers\STM32H7xx_HAL_Driver\stm32h7xx_hal_i2c_ex.o
                0x080088dc                HAL_I2CEx_ConfigAnalogFilter
 .text.HAL_I2CEx_ConfigDigitalFilter
                0x0800896c       0x8c Drivers\STM32H7xx_HAL_Driver\stm32h7xx_hal_i2c_ex.o
                0x0800896c                HAL_I2CEx_ConfigDigitalFilter
 .text.HAL_IWDG_Refresh
                0x080089f8        0xc Drivers\STM32H7xx_HAL_Driver\stm32h7xx_hal_iwdg.o
                0x080089f8                HAL_IWDG_Refresh
 .text.HAL_MDMA_Abort_IT
                0x08008a04       0x26 Drivers\STM32H7xx_HAL_Driver\stm32h7xx_hal_mdma.o
                0x08008a04                HAL_MDMA_Abort_IT
 .text.HAL_PWR_PVDCallback
                0x08008a2a        0x2 Drivers\STM32H7xx_HAL_Driver\stm32h7xx_hal_pwr.o
                0x08008a2a                HAL_PWR_PVDCallback
 .text.HAL_PWREx_AVDCallback
                0x08008a2c        0x2 Drivers\STM32H7xx_HAL_Driver\stm32h7xx_hal_pwr_ex.o
                0x08008a2c                HAL_PWREx_AVDCallback
 *fill*         0x08008a2e        0x2 
 .text.HAL_PWREx_PVD_AVD_IRQHandler
                0x08008a30       0x44 Drivers\STM32H7xx_HAL_Driver\stm32h7xx_hal_pwr_ex.o
                0x08008a30                HAL_PWREx_PVD_AVD_IRQHandler
 .text.QSPI_WaitFlagStateUntilTimeout
                0x08008a74       0x4c Drivers\STM32H7xx_HAL_Driver\stm32h7xx_hal_qspi.o
 .text.HAL_QSPI_Init
                0x08008ac0      0x190 Drivers\STM32H7xx_HAL_Driver\stm32h7xx_hal_qspi.o
                0x08008ac0                HAL_QSPI_Init
 .text.HAL_QSPI_ErrorCallback
                0x08008c50        0x2 Drivers\STM32H7xx_HAL_Driver\stm32h7xx_hal_qspi.o
                0x08008c50                HAL_QSPI_ErrorCallback
 .text.QSPI_DMAAbortCplt
                0x08008c52       0x36 Drivers\STM32H7xx_HAL_Driver\stm32h7xx_hal_qspi.o
 .text.HAL_QSPI_AbortCpltCallback
                0x08008c88        0x2 Drivers\STM32H7xx_HAL_Driver\stm32h7xx_hal_qspi.o
                0x08008c88                HAL_QSPI_AbortCpltCallback
 .text.HAL_QSPI_CmdCpltCallback
                0x08008c8a        0x2 Drivers\STM32H7xx_HAL_Driver\stm32h7xx_hal_qspi.o
                0x08008c8a                HAL_QSPI_CmdCpltCallback
 .text.HAL_QSPI_RxCpltCallback
                0x08008c8c        0x2 Drivers\STM32H7xx_HAL_Driver\stm32h7xx_hal_qspi.o
                0x08008c8c                HAL_QSPI_RxCpltCallback
 .text.HAL_QSPI_TxCpltCallback
                0x08008c8e        0x2 Drivers\STM32H7xx_HAL_Driver\stm32h7xx_hal_qspi.o
                0x08008c8e                HAL_QSPI_TxCpltCallback
 .text.HAL_QSPI_FifoThresholdCallback
                0x08008c90        0x2 Drivers\STM32H7xx_HAL_Driver\stm32h7xx_hal_qspi.o
                0x08008c90                HAL_QSPI_FifoThresholdCallback
 .text.HAL_QSPI_StatusMatchCallback
                0x08008c92        0x2 Drivers\STM32H7xx_HAL_Driver\stm32h7xx_hal_qspi.o
                0x08008c92                HAL_QSPI_StatusMatchCallback
 .text.HAL_QSPI_TimeOutCallback
                0x08008c94        0x2 Drivers\STM32H7xx_HAL_Driver\stm32h7xx_hal_qspi.o
                0x08008c94                HAL_QSPI_TimeOutCallback
 *fill*         0x08008c96        0x2 
 .text.HAL_QSPI_IRQHandler
                0x08008c98      0x1c0 Drivers\STM32H7xx_HAL_Driver\stm32h7xx_hal_qspi.o
                0x08008c98                HAL_QSPI_IRQHandler
 .text.HAL_RCC_OscConfig
                0x08008e58      0x5d0 Drivers\STM32H7xx_HAL_Driver\stm32h7xx_hal_rcc.o
                0x08008e58                HAL_RCC_OscConfig
 .text.HAL_RCC_GetSysClockFreq
                0x08009428      0x138 Drivers\STM32H7xx_HAL_Driver\stm32h7xx_hal_rcc.o
                0x08009428                HAL_RCC_GetSysClockFreq
 .text.HAL_RCC_ClockConfig
                0x08009560      0x2c0 Drivers\STM32H7xx_HAL_Driver\stm32h7xx_hal_rcc.o
                0x08009560                HAL_RCC_ClockConfig
 .text.HAL_RCC_GetHCLKFreq
                0x08009820       0x34 Drivers\STM32H7xx_HAL_Driver\stm32h7xx_hal_rcc.o
                0x08009820                HAL_RCC_GetHCLKFreq
 .text.HAL_RCC_GetPCLK1Freq
                0x08009854       0x2c Drivers\STM32H7xx_HAL_Driver\stm32h7xx_hal_rcc.o
                0x08009854                HAL_RCC_GetPCLK1Freq
 .text.HAL_RCC_GetPCLK2Freq
                0x08009880       0x2c Drivers\STM32H7xx_HAL_Driver\stm32h7xx_hal_rcc.o
                0x08009880                HAL_RCC_GetPCLK2Freq
 .text.RCCEx_PLL2_Config
                0x080098ac      0x12c Drivers\STM32H7xx_HAL_Driver\stm32h7xx_hal_rcc_ex.o
 .text.RCCEx_PLL3_Config
                0x080099d8      0x12c Drivers\STM32H7xx_HAL_Driver\stm32h7xx_hal_rcc_ex.o
 .text.HAL_RCCEx_PeriphCLKConfig
                0x08009b04      0xa68 Drivers\STM32H7xx_HAL_Driver\stm32h7xx_hal_rcc_ex.o
                0x08009b04                HAL_RCCEx_PeriphCLKConfig
 .text.HAL_RCCEx_GetD3PCLK1Freq
                0x0800a56c       0x2c Drivers\STM32H7xx_HAL_Driver\stm32h7xx_hal_rcc_ex.o
                0x0800a56c                HAL_RCCEx_GetD3PCLK1Freq
 .text.HAL_RCCEx_GetPLL2ClockFreq
                0x0800a598      0x140 Drivers\STM32H7xx_HAL_Driver\stm32h7xx_hal_rcc_ex.o
                0x0800a598                HAL_RCCEx_GetPLL2ClockFreq
 .text.HAL_RCCEx_GetPLL3ClockFreq
                0x0800a6d8      0x140 Drivers\STM32H7xx_HAL_Driver\stm32h7xx_hal_rcc_ex.o
                0x0800a6d8                HAL_RCCEx_GetPLL3ClockFreq
 .text.HAL_RCCEx_GetD1SysClockFreq
                0x0800a818       0x34 Drivers\STM32H7xx_HAL_Driver\stm32h7xx_hal_rcc_ex.o
                0x0800a818                HAL_RCCEx_GetD1SysClockFreq
 .text.HAL_RNG_Init
                0x0800a84c       0x64 Drivers\STM32H7xx_HAL_Driver\stm32h7xx_hal_rng.o
                0x0800a84c                HAL_RNG_Init
 .text.HAL_RNG_ReadyDataCallback
                0x0800a8b0        0x2 Drivers\STM32H7xx_HAL_Driver\stm32h7xx_hal_rng.o
                0x0800a8b0                HAL_RNG_ReadyDataCallback
 .text.HAL_RNG_ErrorCallback
                0x0800a8b2        0x2 Drivers\STM32H7xx_HAL_Driver\stm32h7xx_hal_rng.o
                0x0800a8b2                HAL_RNG_ErrorCallback
 .text.HAL_RNG_IRQHandler
                0x0800a8b4       0x4a Drivers\STM32H7xx_HAL_Driver\stm32h7xx_hal_rng.o
                0x0800a8b4                HAL_RNG_IRQHandler
 .text.RTC_EnterInitMode
                0x0800a8fe       0x34 Drivers\STM32H7xx_HAL_Driver\stm32h7xx_hal_rtc.o
                0x0800a8fe                RTC_EnterInitMode
 *fill*         0x0800a932        0x2 
 .text.HAL_RTC_Init
                0x0800a934      0x11c Drivers\STM32H7xx_HAL_Driver\stm32h7xx_hal_rtc.o
                0x0800a934                HAL_RTC_Init
 .text.SD_FindSCR
                0x0800aa50       0xd0 Drivers\STM32H7xx_HAL_Driver\stm32h7xx_hal_sd.o
 .text.HAL_SD_ReadBlocks
                0x0800ab20      0x19c Drivers\STM32H7xx_HAL_Driver\stm32h7xx_hal_sd.o
                0x0800ab20                HAL_SD_ReadBlocks
 .text.HAL_SD_WriteBlocks
                0x0800acbc      0x180 Drivers\STM32H7xx_HAL_Driver\stm32h7xx_hal_sd.o
                0x0800acbc                HAL_SD_WriteBlocks
 .text.HAL_SD_ErrorCallback
                0x0800ae3c        0x2 Drivers\STM32H7xx_HAL_Driver\stm32h7xx_hal_sd.o
                0x0800ae3c                HAL_SD_ErrorCallback
 .text.HAL_SD_DriveTransceiver_1_8V_Callback
                0x0800ae3e        0x2 Drivers\STM32H7xx_HAL_Driver\stm32h7xx_hal_sd.o
                0x0800ae3e                HAL_SD_DriveTransceiver_1_8V_Callback
 .text.HAL_SD_GetCardCSD
                0x0800ae40      0x16c Drivers\STM32H7xx_HAL_Driver\stm32h7xx_hal_sd.o
                0x0800ae40                HAL_SD_GetCardCSD
 .text.HAL_SD_InitCard
                0x0800afac      0x254 Drivers\STM32H7xx_HAL_Driver\stm32h7xx_hal_sd.o
                0x0800afac                HAL_SD_InitCard
 .text.HAL_SD_GetCardStatus
                0x0800b200      0x164 Drivers\STM32H7xx_HAL_Driver\stm32h7xx_hal_sd.o
                0x0800b200                HAL_SD_GetCardStatus
 .text.HAL_SD_GetCardInfo
                0x0800b364       0x24 Drivers\STM32H7xx_HAL_Driver\stm32h7xx_hal_sd.o
                0x0800b364                HAL_SD_GetCardInfo
 .text.HAL_SD_ConfigWideBusOperation
                0x0800b388      0x12c Drivers\STM32H7xx_HAL_Driver\stm32h7xx_hal_sd.o
                0x0800b388                HAL_SD_ConfigWideBusOperation
 .text.HAL_SD_GetCardState
                0x0800b4b4       0x28 Drivers\STM32H7xx_HAL_Driver\stm32h7xx_hal_sd.o
                0x0800b4b4                HAL_SD_GetCardState
 .text.HAL_SD_Init
                0x0800b4dc      0x314 Drivers\STM32H7xx_HAL_Driver\stm32h7xx_hal_sd.o
                0x0800b4dc                HAL_SD_Init
 .text.HAL_SDEx_Read_DMADoubleBuf0CpltCallback
                0x0800b7f0        0x2 Drivers\STM32H7xx_HAL_Driver\stm32h7xx_hal_sd.o
                0x0800b7f0                HAL_SDEx_Read_DMADoubleBuf0CpltCallback
 .text.HAL_SDEx_Read_DMADoubleBuf1CpltCallback
                0x0800b7f2        0x2 Drivers\STM32H7xx_HAL_Driver\stm32h7xx_hal_sd.o
                0x0800b7f2                HAL_SDEx_Read_DMADoubleBuf1CpltCallback
 .text.HAL_SDEx_Write_DMADoubleBuf0CpltCallback
                0x0800b7f4        0x2 Drivers\STM32H7xx_HAL_Driver\stm32h7xx_hal_sd.o
                0x0800b7f4                HAL_SDEx_Write_DMADoubleBuf0CpltCallback
 .text.HAL_SDEx_Write_DMADoubleBuf1CpltCallback
                0x0800b7f6        0x2 Drivers\STM32H7xx_HAL_Driver\stm32h7xx_hal_sd.o
                0x0800b7f6                HAL_SDEx_Write_DMADoubleBuf1CpltCallback
 .text.HAL_SD_IRQHandler
                0x0800b7f8      0x214 Drivers\STM32H7xx_HAL_Driver\stm32h7xx_hal_sd.o
                0x0800b7f8                HAL_SD_IRQHandler
 .text.SPI_CloseTransfer
                0x0800ba0c       0xac Drivers\STM32H7xx_HAL_Driver\stm32h7xx_hal_spi.o
 .text.HAL_SPI_Init
                0x0800bab8      0x228 Drivers\STM32H7xx_HAL_Driver\stm32h7xx_hal_spi.o
                0x0800bab8                HAL_SPI_Init
 .text.HAL_SPI_Transmit
                0x0800bce0      0x250 Drivers\STM32H7xx_HAL_Driver\stm32h7xx_hal_spi.o
                0x0800bce0                HAL_SPI_Transmit
 .text.HAL_SPI_TransmitReceive
                0x0800bf30      0x354 Drivers\STM32H7xx_HAL_Driver\stm32h7xx_hal_spi.o
                0x0800bf30                HAL_SPI_TransmitReceive
 .text.HAL_SPI_TxCpltCallback
                0x0800c284        0x2 Drivers\STM32H7xx_HAL_Driver\stm32h7xx_hal_spi.o
                0x0800c284                HAL_SPI_TxCpltCallback
 .text.HAL_SPI_RxCpltCallback
                0x0800c286        0x2 Drivers\STM32H7xx_HAL_Driver\stm32h7xx_hal_spi.o
                0x0800c286                HAL_SPI_RxCpltCallback
 .text.HAL_SPI_TxRxCpltCallback
                0x0800c288        0x2 Drivers\STM32H7xx_HAL_Driver\stm32h7xx_hal_spi.o
                0x0800c288                HAL_SPI_TxRxCpltCallback
 .text.HAL_SPI_ErrorCallback
                0x0800c28a        0x2 Drivers\STM32H7xx_HAL_Driver\stm32h7xx_hal_spi.o
                0x0800c28a                HAL_SPI_ErrorCallback
 .text.HAL_SPI_IRQHandler
                0x0800c28c      0x1f4 Drivers\STM32H7xx_HAL_Driver\stm32h7xx_hal_spi.o
                0x0800c28c                HAL_SPI_IRQHandler
 .text.SPI_DMAAbortOnError
                0x0800c480       0x1a Drivers\STM32H7xx_HAL_Driver\stm32h7xx_hal_spi.o
 .text.UART_EndRxTransfer
                0x0800c49a       0x1a Drivers\STM32H7xx_HAL_Driver\stm32h7xx_hal_uart.o
 .text.HAL_UART_TxCpltCallback
                0x0800c4b4        0x2 Drivers\STM32H7xx_HAL_Driver\stm32h7xx_hal_uart.o
                0x0800c4b4                HAL_UART_TxCpltCallback
 .text.HAL_UART_RxCpltCallback
                0x0800c4b6        0x2 Drivers\STM32H7xx_HAL_Driver\stm32h7xx_hal_uart.o
                0x0800c4b6                HAL_UART_RxCpltCallback
 .text.UART_Receive_IT
                0x0800c4b8       0x6e Drivers\STM32H7xx_HAL_Driver\stm32h7xx_hal_uart.o
 .text.HAL_UART_ErrorCallback
                0x0800c526        0x2 Drivers\STM32H7xx_HAL_Driver\stm32h7xx_hal_uart.o
                0x0800c526                HAL_UART_ErrorCallback
 .text.HAL_UART_IRQHandler
                0x0800c528      0x1b4 Drivers\STM32H7xx_HAL_Driver\stm32h7xx_hal_uart.o
                0x0800c528                HAL_UART_IRQHandler
 .text.UART_DMAAbortOnError
                0x0800c6dc       0x14 Drivers\STM32H7xx_HAL_Driver\stm32h7xx_hal_uart.o
 .text.UART_SetConfig
                0x0800c6f0      0x678 Drivers\STM32H7xx_HAL_Driver\stm32h7xx_hal_uart.o
                0x0800c6f0                UART_SetConfig
 .text.UART_AdvFeatureConfig
                0x0800cd68      0x1c0 Drivers\STM32H7xx_HAL_Driver\stm32h7xx_hal_uart.o
                0x0800cd68                UART_AdvFeatureConfig
 .text.UART_WaitOnFlagUntilTimeout
                0x0800cf28       0x62 Drivers\STM32H7xx_HAL_Driver\stm32h7xx_hal_uart.o
                0x0800cf28                UART_WaitOnFlagUntilTimeout
 .text.HAL_UART_Transmit
                0x0800cf8a       0xb2 Drivers\STM32H7xx_HAL_Driver\stm32h7xx_hal_uart.o
                0x0800cf8a                HAL_UART_Transmit
 .text.HAL_UART_Receive
                0x0800d03c       0xe0 Drivers\STM32H7xx_HAL_Driver\stm32h7xx_hal_uart.o
                0x0800d03c                HAL_UART_Receive
 .text.UART_CheckIdleState
                0x0800d11c       0x64 Drivers\STM32H7xx_HAL_Driver\stm32h7xx_hal_uart.o
                0x0800d11c                UART_CheckIdleState
 .text.HAL_UART_Init
                0x0800d180      0x110 Drivers\STM32H7xx_HAL_Driver\stm32h7xx_hal_uart.o
                0x0800d180                HAL_UART_Init
 .text.HAL_UARTEx_WakeupCallback
                0x0800d290        0x2 Drivers\STM32H7xx_HAL_Driver\stm32h7xx_hal_uart_ex.o
                0x0800d290                HAL_UARTEx_WakeupCallback
 *fill*         0x0800d292        0x2 
 .text.DelayBlock_Enable
                0x0800d294       0xa4 Drivers\STM32H7xx_HAL_Driver\stm32h7xx_ll_delayblock.o
                0x0800d294                DelayBlock_Enable
 .text.SDMMC_GetCmdResp2
                0x0800d338       0x50 Drivers\STM32H7xx_HAL_Driver\stm32h7xx_ll_sdmmc.o
 .text.SDMMC_GetCmdResp3
                0x0800d388       0x44 Drivers\STM32H7xx_HAL_Driver\stm32h7xx_ll_sdmmc.o
 .text.SDMMC_GetCmdResp1
                0x0800d3cc      0x11c Drivers\STM32H7xx_HAL_Driver\stm32h7xx_ll_sdmmc.o
 .text.SDMMC_Init
                0x0800d4e8       0xa4 Drivers\STM32H7xx_HAL_Driver\stm32h7xx_ll_sdmmc.o
                0x0800d4e8                SDMMC_Init
 .text.SDMMC_ReadFIFO
                0x0800d58c        0x6 Drivers\STM32H7xx_HAL_Driver\stm32h7xx_ll_sdmmc.o
                0x0800d58c                SDMMC_ReadFIFO
 .text.SDMMC_WriteFIFO
                0x0800d592        0xa Drivers\STM32H7xx_HAL_Driver\stm32h7xx_ll_sdmmc.o
                0x0800d592                SDMMC_WriteFIFO
 .text.SDMMC_PowerState_ON
                0x0800d59c       0x14 Drivers\STM32H7xx_HAL_Driver\stm32h7xx_ll_sdmmc.o
                0x0800d59c                SDMMC_PowerState_ON
 .text.SDMMC_GetPowerState
                0x0800d5b0        0x8 Drivers\STM32H7xx_HAL_Driver\stm32h7xx_ll_sdmmc.o
                0x0800d5b0                SDMMC_GetPowerState
 .text.SDMMC_SendCommand
                0x0800d5b8       0x80 Drivers\STM32H7xx_HAL_Driver\stm32h7xx_ll_sdmmc.o
                0x0800d5b8                SDMMC_SendCommand
 .text.SDMMC_GetResponse
                0x0800d638       0x20 Drivers\STM32H7xx_HAL_Driver\stm32h7xx_ll_sdmmc.o
                0x0800d638                SDMMC_GetResponse
 .text.SDMMC_ConfigData
                0x0800d658       0x9c Drivers\STM32H7xx_HAL_Driver\stm32h7xx_ll_sdmmc.o
                0x0800d658                SDMMC_ConfigData
 .text.SDMMC_CmdBlockLength
                0x0800d6f4       0x32 Drivers\STM32H7xx_HAL_Driver\stm32h7xx_ll_sdmmc.o
                0x0800d6f4                SDMMC_CmdBlockLength
 .text.SDMMC_CmdReadSingleBlock
                0x0800d726       0x32 Drivers\STM32H7xx_HAL_Driver\stm32h7xx_ll_sdmmc.o
                0x0800d726                SDMMC_CmdReadSingleBlock
 .text.SDMMC_CmdReadMultiBlock
                0x0800d758       0x32 Drivers\STM32H7xx_HAL_Driver\stm32h7xx_ll_sdmmc.o
                0x0800d758                SDMMC_CmdReadMultiBlock
 .text.SDMMC_CmdWriteSingleBlock
                0x0800d78a       0x32 Drivers\STM32H7xx_HAL_Driver\stm32h7xx_ll_sdmmc.o
                0x0800d78a                SDMMC_CmdWriteSingleBlock
 .text.SDMMC_CmdWriteMultiBlock
                0x0800d7bc       0x32 Drivers\STM32H7xx_HAL_Driver\stm32h7xx_ll_sdmmc.o
                0x0800d7bc                SDMMC_CmdWriteMultiBlock
 *fill*         0x0800d7ee        0x2 
 .text.SDMMC_CmdStopTransfer
                0x0800d7f0       0x4c Drivers\STM32H7xx_HAL_Driver\stm32h7xx_ll_sdmmc.o
                0x0800d7f0                SDMMC_CmdStopTransfer
 .text.SDMMC_CmdSelDesel
                0x0800d83c       0x32 Drivers\STM32H7xx_HAL_Driver\stm32h7xx_ll_sdmmc.o
                0x0800d83c                SDMMC_CmdSelDesel
 *fill*         0x0800d86e        0x2 
 .text.SDMMC_CmdGoIdleState
                0x0800d870       0x54 Drivers\STM32H7xx_HAL_Driver\stm32h7xx_ll_sdmmc.o
                0x0800d870                SDMMC_CmdGoIdleState
 .text.SDMMC_CmdOperCond
                0x0800d8c4       0x7c Drivers\STM32H7xx_HAL_Driver\stm32h7xx_ll_sdmmc.o
                0x0800d8c4                SDMMC_CmdOperCond
 .text.SDMMC_CmdAppCommand
                0x0800d940       0x32 Drivers\STM32H7xx_HAL_Driver\stm32h7xx_ll_sdmmc.o
                0x0800d940                SDMMC_CmdAppCommand
 .text.SDMMC_CmdAppOperCommand
                0x0800d972       0x2c Drivers\STM32H7xx_HAL_Driver\stm32h7xx_ll_sdmmc.o
                0x0800d972                SDMMC_CmdAppOperCommand
 .text.SDMMC_CmdSendSCR
                0x0800d99e       0x32 Drivers\STM32H7xx_HAL_Driver\stm32h7xx_ll_sdmmc.o
                0x0800d99e                SDMMC_CmdSendSCR
 .text.SDMMC_CmdSendCID
                0x0800d9d0       0x2c Drivers\STM32H7xx_HAL_Driver\stm32h7xx_ll_sdmmc.o
                0x0800d9d0                SDMMC_CmdSendCID
 .text.SDMMC_CmdSendCSD
                0x0800d9fc       0x2c Drivers\STM32H7xx_HAL_Driver\stm32h7xx_ll_sdmmc.o
                0x0800d9fc                SDMMC_CmdSendCSD
 .text.SDMMC_CmdSetRelAdd
                0x0800da28       0xa4 Drivers\STM32H7xx_HAL_Driver\stm32h7xx_ll_sdmmc.o
                0x0800da28                SDMMC_CmdSetRelAdd
 .text.SDMMC_CmdSendStatus
                0x0800dacc       0x32 Drivers\STM32H7xx_HAL_Driver\stm32h7xx_ll_sdmmc.o
                0x0800dacc                SDMMC_CmdSendStatus
 .text.SDMMC_CmdStatusRegister
                0x0800dafe       0x32 Drivers\STM32H7xx_HAL_Driver\stm32h7xx_ll_sdmmc.o
                0x0800dafe                SDMMC_CmdStatusRegister
 .text.SDMMC_CmdSwitch
                0x0800db30       0x32 Drivers\STM32H7xx_HAL_Driver\stm32h7xx_ll_sdmmc.o
                0x0800db30                SDMMC_CmdSwitch
 .text.SDMMC_CmdBusWidth
                0x0800db62        0x4 Drivers\STM32H7xx_HAL_Driver\stm32h7xx_ll_sdmmc.o
                0x0800db62                SDMMC_CmdBusWidth
 .text.SDMMC_CmdVoltageSwitch
                0x0800db66       0x32 Drivers\STM32H7xx_HAL_Driver\stm32h7xx_ll_sdmmc.o
                0x0800db66                SDMMC_CmdVoltageSwitch
 .text.USB_EnableGlobalInt
                0x0800db98        0xc Drivers\STM32H7xx_HAL_Driver\stm32h7xx_ll_usb.o
                0x0800db98                USB_EnableGlobalInt
 .text.USB_DisableGlobalInt
                0x0800dba4        0xc Drivers\STM32H7xx_HAL_Driver\stm32h7xx_ll_usb.o
                0x0800dba4                USB_DisableGlobalInt
 .text.USB_FlushTxFifo
                0x0800dbb0       0x24 Drivers\STM32H7xx_HAL_Driver\stm32h7xx_ll_usb.o
                0x0800dbb0                USB_FlushTxFifo
 .text.USB_FlushRxFifo
                0x0800dbd4       0x20 Drivers\STM32H7xx_HAL_Driver\stm32h7xx_ll_usb.o
                0x0800dbd4                USB_FlushRxFifo
 .text.USB_ReadPacket
                0x0800dbf4       0x20 Drivers\STM32H7xx_HAL_Driver\stm32h7xx_ll_usb.o
                0x0800dbf4                USB_ReadPacket
 .text.USB_ReadInterrupts
                0x0800dc14        0x8 Drivers\STM32H7xx_HAL_Driver\stm32h7xx_ll_usb.o
                0x0800dc14                USB_ReadInterrupts
 .text.USB_GetMode
                0x0800dc1c        0x8 Drivers\STM32H7xx_HAL_Driver\stm32h7xx_ll_usb.o
                0x0800dc1c                USB_GetMode
 .text.USB_InitFSLSPClkSel
                0x0800dc24       0x3c Drivers\STM32H7xx_HAL_Driver\stm32h7xx_ll_usb.o
                0x0800dc24                USB_InitFSLSPClkSel
 .text.USB_DriveVbus
                0x0800dc60       0x3c Drivers\STM32H7xx_HAL_Driver\stm32h7xx_ll_usb.o
                0x0800dc60                USB_DriveVbus
 .text.USB_HC_ReadInterrupt
                0x0800dc9c       0x1e Drivers\STM32H7xx_HAL_Driver\stm32h7xx_ll_usb.o
                0x0800dc9c                USB_HC_ReadInterrupt
 .text.USB_HC_Halt
                0x0800dcba      0x208 Drivers\STM32H7xx_HAL_Driver\stm32h7xx_ll_usb.o
                0x0800dcba                USB_HC_Halt
 .text.USB_StopHost
                0x0800dec2      0x108 Drivers\STM32H7xx_HAL_Driver\stm32h7xx_ll_usb.o
                0x0800dec2                USB_StopHost
 *fill*         0x0800dfca        0x2 
 .text.FATFS_LinkDriverEx
                0x0800dfcc       0x44 Middlewares\FatFs\ff_gen_drv.o
                0x0800dfcc                FATFS_LinkDriverEx
 .text.FATFS_LinkDriver
                0x0800e010        0x6 Middlewares\FatFs\ff_gen_drv.o
                0x0800e010                FATFS_LinkDriver
 .text.lwip_htons
                0x0800e016        0x6 Middlewares\LwIP\def.o
                0x0800e016                lwip_htons
 .text.lwip_htonl
                0x0800e01c        0x4 Middlewares\LwIP\def.o
                0x0800e01c                lwip_htonl
 .text.etharp_free_entry
                0x0800e020       0x28 Middlewares\LwIP\etharp.o
 .text.etharp_raw
                0x0800e048       0xd8 Middlewares\LwIP\etharp.o
 .text.etharp_find_entry.isra.0
                0x0800e120      0x114 Middlewares\LwIP\etharp.o
 .text.etharp_cleanup_netif
                0x0800e234       0x28 Middlewares\LwIP\etharp.o
                0x0800e234                etharp_cleanup_netif
 .text.etharp_input
                0x0800e25c      0x13c Middlewares\LwIP\etharp.o
                0x0800e25c                etharp_input
 .text.etharp_request
                0x0800e398       0x2c Middlewares\LwIP\etharp.o
                0x0800e398                etharp_request
 .text.etharp_tmr
                0x0800e3c4       0x54 Middlewares\LwIP\etharp.o
                0x0800e3c4                etharp_tmr
 .text.etharp_output_to_arp_index
                0x0800e418       0xb8 Middlewares\LwIP\etharp.o
 .text.etharp_query
                0x0800e4d0      0x150 Middlewares\LwIP\etharp.o
                0x0800e4d0                etharp_query
 .text.etharp_output
                0x0800e620      0x128 Middlewares\LwIP\etharp.o
                0x0800e620                etharp_output
 .text.ethernet_input
                0x0800e748       0x98 Middlewares\LwIP\ethernet.o
                0x0800e748                ethernet_input
 .text.ethernet_output
                0x0800e7e0       0x70 Middlewares\LwIP\ethernet.o
                0x0800e7e0                ethernet_output
 .text.icmp_send_response.isra.0
                0x0800e850       0x94 Middlewares\LwIP\icmp.o
 .text.icmp_input
                0x0800e8e4      0x130 Middlewares\LwIP\icmp.o
                0x0800e8e4                icmp_input
 .text.icmp_dest_unreach
                0x0800ea14        0xa Middlewares\LwIP\icmp.o
                0x0800ea14                icmp_dest_unreach
 .text.icmp_time_exceeded
                0x0800ea1e        0xa Middlewares\LwIP\icmp.o
                0x0800ea1e                icmp_time_exceeded
 .text.lwip_init
                0x0800ea28       0x1e Middlewares\LwIP\init.o
                0x0800ea28                lwip_init
 *fill*         0x0800ea46        0x2 
 .text.ip4_route
                0x0800ea48       0x58 Middlewares\LwIP\ip4.o
                0x0800ea48                ip4_route
 .text.ip4_input
                0x0800eaa0      0x184 Middlewares\LwIP\ip4.o
                0x0800eaa0                ip4_input
 .text.ip4_output_if_src
                0x0800ec24       0xf0 Middlewares\LwIP\ip4.o
                0x0800ec24                ip4_output_if_src
 .text.ip4_output_if
                0x0800ed14       0x22 Middlewares\LwIP\ip4.o
                0x0800ed14                ip4_output_if
 .text.ip4_addr_isbroadcast_u32
                0x0800ed36       0x32 Middlewares\LwIP\ip4_addr.o
                0x0800ed36                ip4_addr_isbroadcast_u32
 .text.ip_reass_dequeue_datagram
                0x0800ed68       0x44 Middlewares\LwIP\ip4_frag.o
 .text.ip_reass_free_complete_datagram
                0x0800edac       0xe8 Middlewares\LwIP\ip4_frag.o
 .text.ip_reass_remove_oldest_datagram
                0x0800ee94       0x78 Middlewares\LwIP\ip4_frag.o
 .text.ip_frag_free_pbuf_custom_ref
                0x0800ef0c       0x2c Middlewares\LwIP\ip4_frag.o
 .text.ipfrag_free_pbuf_custom
                0x0800ef38       0x34 Middlewares\LwIP\ip4_frag.o
 .text.ip_reass_tmr
                0x0800ef6c       0x28 Middlewares\LwIP\ip4_frag.o
                0x0800ef6c                ip_reass_tmr
 .text.ip4_reass
                0x0800ef94      0x354 Middlewares\LwIP\ip4_frag.o
                0x0800ef94                ip4_reass
 .text.ip4_frag
                0x0800f2e8      0x1b4 Middlewares\LwIP\ip4_frag.o
                0x0800f2e8                ip4_frag
 .text.mem_init
                0x0800f49c       0x40 Middlewares\LwIP\mem.o
                0x0800f49c                mem_init
 .text.mem_free
                0x0800f4dc      0x154 Middlewares\LwIP\mem.o
                0x0800f4dc                mem_free
 .text.mem_trim
                0x0800f630       0xf0 Middlewares\LwIP\mem.o
                0x0800f630                mem_trim
 .text.mem_malloc
                0x0800f720      0x124 Middlewares\LwIP\mem.o
                0x0800f720                mem_malloc
 .text.do_memp_malloc_pool.isra.0
                0x0800f844       0x2c Middlewares\LwIP\memp.o
 .text.do_memp_free_pool.isra.1
                0x0800f870       0x30 Middlewares\LwIP\memp.o
 .text.memp_init_pool
                0x0800f8a0       0x26 Middlewares\LwIP\memp.o
                0x0800f8a0                memp_init_pool
 *fill*         0x0800f8c6        0x2 
 .text.memp_init
                0x0800f8c8       0x1c Middlewares\LwIP\memp.o
                0x0800f8c8                memp_init
 .text.memp_malloc
                0x0800f8e4       0x38 Middlewares\LwIP\memp.o
                0x0800f8e4                memp_malloc
 .text.memp_free
                0x0800f91c       0x34 Middlewares\LwIP\memp.o
                0x0800f91c                memp_free
 .text.netif_issue_reports.part.0
                0x0800f950       0x12 Middlewares\LwIP\netif.o
 .text.netif_init
                0x0800f962        0x2 Middlewares\LwIP\netif.o
                0x0800f962                netif_init
 .text.netif_set_ipaddr
                0x0800f964       0x44 Middlewares\LwIP\netif.o
                0x0800f964                netif_set_ipaddr
 .text.netif_set_addr
                0x0800f9a8       0x38 Middlewares\LwIP\netif.o
                0x0800f9a8                netif_set_addr
 .text.netif_add
                0x0800f9e0       0x7c Middlewares\LwIP\netif.o
                0x0800f9e0                netif_add
 .text.netif_set_default
                0x0800fa5c        0xc Middlewares\LwIP\netif.o
                0x0800fa5c                netif_set_default
 .text.netif_set_up
                0x0800fa68       0x1e Middlewares\LwIP\netif.o
                0x0800fa68                netif_set_up
 .text.netif_set_down
                0x0800fa86       0x1a Middlewares\LwIP\netif.o
                0x0800fa86                netif_set_down
 .text.netif_set_link_up
                0x0800faa0       0x2e Middlewares\LwIP\netif.o
                0x0800faa0                netif_set_link_up
 *fill*         0x0800face        0x2 
 .text.pbuf_header_impl
                0x0800fad0       0x9c Middlewares\LwIP\pbuf.o
 .text.pbuf_alloced_custom
                0x0800fb6c       0x70 Middlewares\LwIP\pbuf.o
                0x0800fb6c                pbuf_alloced_custom
 .text.pbuf_header
                0x0800fbdc        0x6 Middlewares\LwIP\pbuf.o
                0x0800fbdc                pbuf_header
 .text.pbuf_header_force
                0x0800fbe2        0x6 Middlewares\LwIP\pbuf.o
                0x0800fbe2                pbuf_header_force
 .text.pbuf_free
                0x0800fbe8       0xc4 Middlewares\LwIP\pbuf.o
                0x0800fbe8                pbuf_free
 .text.pbuf_alloc