dmc_print.c:10:6:dmc_put_sethuart	0	static
dmc_print.c:15:5:__io_putchar	16	static
dmc_print.c:24:5:__io_getchar	16	static
dmc_print.c:36:6:VprintUart	208	static
dmc_print.c:46:6:debugPrint	16	static
dmc_print.c:51:6:debugPrintln	24	static
dmc_print.c:58:6:printfUart	16	static
dmc_print.c:89:6:enableFlushAfterPrintf	8	static
dmc_print.c:536:6:dmc_puta	0	static
dmc_print.c:541:6:dmc_put2a	8	static
dmc_print.c:547:6:dmc_put2a2	16	static
dmc_print.c:555:6:dmc_put4a	8	static
dmc_print.c:563:6:dmc_putc	0	static
dmc_print.c:568:6:dmc_putccr	8	static
dmc_print.c:574:6:dmc_putcr	0	static
dmc_print.c:579:6:dmc_puts	8	static
dmc_print.c:95:6:dmc_putint	40	static
dmc_print.c:109:6:dmc_putint2	40	static
dmc_print.c:131:6:dmc_putint4	48	static
dmc_print.c:155:6:dmc_putint6	48	static
dmc_print.c:179:6:dmc_putint8	48	static
dmc_print.c:203:6:dmc_putintstr	40	static
dmc_print.c:240:6:dmc_putbin8cr	40	static
dmc_print.c:253:6:dmc_putbin16cr	40	static
dmc_print.c:266:6:dmc_putbin32cr	40	static
dmc_print.c:354:6:dmc_puthex	40	static
dmc_print.c:406:6:dmc_puthexcr	8	static
dmc_print.c:371:6:dmc_puthex2	40	static
dmc_print.c:412:6:dmc_puthex2cr	8	static
dmc_print.c:382:6:dmc_puthex4	40	static
dmc_print.c:418:6:dmc_puthex4cr	8	static
dmc_print.c:394:6:dmc_puthex8	40	static
dmc_print.c:424:6:dmc_puthex8cr	8	static
dmc_print.c:587:6:dmc_putscr	8	static
dmc_print.c:102:6:dmc_putintcr	40	static
dmc_print.c:120:6:dmc_putint2cr	40	static
dmc_print.c:143:6:dmc_putint4cr	48	static
dmc_print.c:167:6:dmc_putint6cr	48	static
dmc_print.c:191:6:dmc_putint8cr	48	static
dmc_print.c:211:6:dmc_putintstrcr	40	static
dmc_print.c:596:6:dmc_putslen	16	static
dmc_print.c:604:6:dmc_putslencr	16	static
dmc_print.c:613:6:dmc_puts2	16	static
dmc_print.c:219:6:dmc_putstrint	40	static
dmc_print.c:279:6:dmc_putbin8str	48	static
dmc_print.c:291:6:dmc_putbin16str	48	static
dmc_print.c:303:6:dmc_putbin32str	48	static
dmc_print.c:315:6:dmc_putstrbin8str	48	static
dmc_print.c:328:6:dmc_putstrbin16str	48	static
dmc_print.c:341:6:dmc_putstrbin32str	48	static
dmc_print.c:430:6:dmc_puthexstr	40	static
dmc_print.c:447:6:dmc_puthex2str	40	static
dmc_print.c:458:6:dmc_puthex4str	48	static
dmc_print.c:470:6:dmc_puthex8str	48	static
dmc_print.c:482:6:dmc_putstrhexstr	48	static
dmc_print.c:500:6:dmc_putstrhex2str	48	static
dmc_print.c:510:6:dmc_putstrhex4str	48	static
dmc_print.c:523:6:dmc_putstrhex8str	48	static
dmc_print.c:625:6:dmc_puts2cr	8	static
dmc_print.c:226:6:dmc_putstrintcr	40	static
dmc_print.c:631:6:dmc_puts3	8	static
dmc_print.c:233:6:dmc_putstrintstr	48	static
dmc_print.c:637:6:dmc_puts3cr	8	static
dmc_print.c:643:6:dmc_puts4	16	static
dmc_print.c:649:6:dmc_puts4cr	8	static
