dmc_net.c:8:6:checksum_init	0	static
dmc_net.c:13:6:checksum_step	12	static
dmc_net.c:23:10:checksum_end	0	static
dmc_net.c:34:10:checksum	20	static
dmc_net.c:57:10:be16	0	static
dmc_net.c:62:10:be32	0	static
dmc_net.c:73:6:build_ethernet	8	static
dmc_net.c:89:6:reply_ethernet	0	static
dmc_net.c:95:6:swap_ethernet	20	static
dmc_net.c:103:6:get_ethernet	8	static
dmc_net.c:115:9:ethernet_checkdest	8	static
dmc_net.c:124:10:get_ethertype	0	static
dmc_net.c:131:6:process_arp	16	static
dmc_net.c:174:6:build_ip	16	static
dmc_net.c:193:6:build_ipv6	12	static
dmc_net.c:206:9:get_ipproto	16	static
dmc_net.c:223:6:swap_ip	0	static
dmc_net.c:234:6:process_icmp	16	static
dmc_net.c:266:6:build_udp	0	static
dmc_net.c:274:6:build_udp_checksum_v6	24	static
dmc_net.c:290:6:swap_udp	0	static
