dmc_rtc_mcp79412.c:66:6:DMC_I2cRtcIncSysTick	0	static
dmc_rtc_mcp79412.c:71:6:DMC_I2cRtcResetSysTick	0	static
dmc_rtc_mcp79412.c:76:10:DMC_I2cRtcGetSysTick	0	static
dmc_rtc_mcp79412.c:81:6:DMC_I2cRtcSetI2cHandle	8	static
dmc_rtc_mcp79412.c:99:6:DMC_I2cRtcSetTimeOffset	0	static
dmc_rtc_mcp79412.c:104:10:DMC_I2cRtcGetTimeOffset	0	static
dmc_rtc_mcp79412.c:116:6:DMC_I2cRtcFromEpoch	40	static
dmc_rtc_mcp79412.c:276:9:DMC_I2cRtcRegisterWrite	16	static
dmc_rtc_mcp79412.c:281:9:DMC_I2cRtcRegisterRead	16	static
dmc_rtc_mcp79412.c:289:9:DMC_I2cRtcSramWrite	24	static
dmc_rtc_mcp79412.c:294:9:DMC_I2cRtcSramRead	24	static
dmc_rtc_mcp79412.c:299:9:DMC_I2cRtcEepromWrite	24	static
dmc_rtc_mcp79412.c:304:9:DMC_I2cRtcEepromRead	24	static
dmc_rtc_mcp79412.c:309:6:DMC_I2cRtcSetFrequency	0	static
dmc_rtc_mcp79412.c:328:9:DMC_I2cRtcGetFlag	32	static
dmc_rtc_mcp79412.c:351:6:DMC_I2cRtcSetFlag	40	static
dmc_rtc_mcp79412.c:370:5:DMC_I2cRtcReadRegister	24	static
dmc_rtc_mcp79412.c:381:6:DMC_I2cRtcReadRegisters	32	static
dmc_rtc_mcp79412.c:391:6:DMC_I2cRtcWriteRegister	16	static
dmc_rtc_mcp79412.c:401:6:DMC_I2cRtcWriteRegisters	40	static
dmc_rtc_mcp79412.c:414:6:DMC_I2cRtcGetMacAddress	24	static
dmc_rtc_mcp79412.c:439:6:DMC_I2cRtcUnlockUniqueID	24	static
dmc_rtc_mcp79412.c:424:6:DMC_I2cRtcSetMacAddress	16	static
dmc_rtc_mcp79412.c:616:9:DMC_I2cRtcWriteSramBytes	32	static
dmc_rtc_mcp79412.c:606:6:DMC_I2cRtcWriteSramByte	16	static
dmc_rtc_mcp79412.c:651:9:DMC_I2cRtcReadSramBytes	32	static
dmc_rtc_mcp79412.c:639:9:DMC_I2cRtcReadSramByte	16	static
dmc_rtc_mcp79412.c:730:9:DMC_I2cRtcReadEepromBytes	32	static
dmc_rtc_mcp79412.c:718:9:DMC_I2cRtcReadEepromByte	16	static
dmc_rtc_mcp79412.c:751:6:DMC_I2cRtcWaitEepromWriteIsReady	16	static
dmc_rtc_mcp79412.c:684:9:DMC_I2cRtcWriteEepromBytes	40	static
dmc_rtc_mcp79412.c:674:6:DMC_I2cRtcWriteEepromByte	16	static
dmc_rtc_mcp79412.c:777:5:DMC_I2cRtcCalibrationRead	8	static
dmc_rtc_mcp79412.c:793:6:DMC_I2cRtcCalibrationWrite	0	static
dmc_rtc_mcp79412.c:814:6:DMC_I2cRtcReadUniqueId	24	static
dmc_rtc_mcp79412.c:830:6:DMC_I2cRtcGetEUI64	16	static
dmc_rtc_mcp79412.c:870:9:DMC_I2cRtcCheckPowerFail	0	static
dmc_rtc_mcp79412.c:926:6:DMC_I2cRtcSquareWave	16	static
dmc_rtc_mcp79412.c:946:6:DMC_I2cRtcSetAlarm	0	static
dmc_rtc_mcp79412.c:971:6:DMC_I2cRtcEnableAlarm	32	static
dmc_rtc_mcp79412.c:997:9:DMC_I2cRtcCheckAlarm	16	static
dmc_rtc_mcp79412.c:1016:6:DMC_I2cRtcSetOutLevelMPF	16	static
dmc_rtc_mcp79412.c:1040:6:DMC_I2cRtcSetAlarmPolarityMPF	16	static
dmc_rtc_mcp79412.c:1056:9:DMC_I2cRtcCheckIsRunning	24	static
dmc_rtc_mcp79412.c:1071:6:DMC_I2cRtcSetVBATENBit	16	static
dmc_rtc_mcp79412.c:1178:11:DMC_I2cRtcSetSystemDateTime	12	static
dmc_rtc_mcp79412.c:1207:6:DMC_I2cRtcGetSystemDateTime	12	static
dmc_rtc_mcp79412.c:1232:6:DMC_I2cRtcSetRTCToSystemDateTime	0	static
dmc_rtc_mcp79412.c:1251:6:DMC_I2cRtcSetSystemToRTCDateTime	0	static
dmc_rtc_mcp79412.c:1271:6:RTC_SetRTCFromTm	0	static
dmc_rtc_mcp79412.c:1292:11:RTC_GetTmFromRTC	0	static
dmc_rtc_mcp79412.c:1313:8:RTC_GetSecondsEpoch	0	static
dmc_rtc_mcp79412.c:1319:6:RTC_SetSecondsEpoch	0	static
dmc_rtc_mcp79412.c:1325:6:RTC_GetRtcDateTimeAsTm	0	static
dmc_rtc_mcp79412.c:1347:8:DMC_I2cRtcConvertDateTimeToTimestamp	0	static
dmc_rtc_mcp79412.c:1402:5:DMC_I2cRtcBcdToDec	0	static
dmc_rtc_mcp79412.c:253:6:DMC_I2cRtcGetDateAndTime	32	static
dmc_rtc_mcp79412.c:523:9:DMC_I2cRtcCheckTimeLost	24	static
dmc_rtc_mcp79412.c:545:6:DMC_I2cRtcEnableClock	32	static
dmc_rtc_mcp79412.c:565:6:DMC_I2cRtcDisableClock	32	static
dmc_rtc_mcp79412.c:1408:5:DMC_I2cRtcDecToBcd	0	static
dmc_rtc_mcp79412.c:203:6:DMC_I2cRtcSetDateAndTime	32	static
dmc_rtc_mcp79412.c:177:6:DMC_I2cRtcSetRtcFromEpoch	32	static
dmc_rtc_mcp79412.c:585:6:DMC_I2cRtcEnableBattery	32	static
dmc_rtc_mcp79412.c:1413:9:DMC_I2cRtcGetDayOfWeek	8	static
dmc_rtc_mcp79412.c:1434:8:DMC_I2cRtcGetDayOfWeekString	8	static
dmc_rtc_mcp79412.c:1439:9:DMC_I2cRtcYearYYYYIsLeap	0	static
dmc_rtc_mcp79412.c:1444:9:DMC_I2cRtcYearIsLeap	0	static
dmc_rtc_mcp79412.c:1449:10:DMC_I2cRtcGetDayOfYear	0	static
dmc_rtc_mcp79412.c:1466:9:DMC_I2cRtcGetNoOfDaysInMonth	0	static
dmc_rtc_mcp79412.c:464:6:DMC_I2cRtcSetDateTime	32	static
dmc_rtc_mcp79412.c:1483:10:DMC_I2cRtcGetNoOfDaysInYear	0	static
dmc_rtc_mcp79412.c:498:6:DMC_I2cRtcGetDateTime	32	static
dmc_rtc_mcp79412.c:1499:7:DMC_I2cRtcGetDateTimeString	40	static
dmc_rtc_mcp79412.c:1553:9:DMC_I2cRtcCompareSramBytes	80	static
dmc_rtc_mcp79412.c:1561:9:DMC_I2cRtcCompareEepromBytes	144	static
dmc_rtc_mcp79412.c:1580:6:DMC_I2cRtcEepromWriteResetTickCounter	0	static
dmc_rtc_mcp79412.c:86:6:DMC_I2cRtcInit	8	static
dmc_rtc_mcp79412.c:1569:6:DMC_I2cRtcEepromWriteRequest	8	static
dmc_rtc_mcp79412.c:1586:6:DMC_I2cRtcEepromWriteTick	0	static
dmc_rtc_mcp79412.c:1603:6:DMC_I2cRtcEepromWritePlanned	8	static
