dmc_rtc.c:19:6:DMC_McuRtcInit	8	static
dmc_rtc.c:38:6:DMC_McuRtcSetTimeOffset	0	static
dmc_rtc.c:43:10:DMC_McuRtcGetTimeOffset	0	static
dmc_rtc.c:54:6:DMC_McuRtcFromEpoch	40	static
dmc_rtc.c:115:6:DMC_McuRtcSetRtcFromEpoch	32	static
dmc_rtc.c:134:6:DMC_McuRtcShowRtc	40	static
dmc_rtc.c:212:6:DMC_McuRtcGetDateAndTime	16	static
dmc_rtc.c:218:6:DMC_McuRtcSetAlarmA	48	static
dmc_rtc.c:236:6:DMC_McuRtcSetAlarmB	48	static
dmc_rtc.c:254:6:DMC_McuRtcDisableAlarmA	0	static
dmc_rtc.c:259:6:DMC_McuRtcDisableAlarmB	0	static
dmc_rtc.c:334:5:DMC_McuRtcBcdToDec	0	static
dmc_rtc.c:340:5:DMC_McuRtcDecToBcd	0	static
dmc_rtc.c:345:9:DMC_McuRtcGetDayOfWeek	8	static
dmc_rtc.c:366:8:DMC_McuRtcGetDayOfWeekString	56	static
dmc_rtc.c:372:9:DMC_McuRtcYearYYYYIsLeap	0	static
dmc_rtc.c:377:9:DMC_McuRtcYearIsLeap	0	static
dmc_rtc.c:382:10:DMC_McuRtcGetDayOfYear	0	static
dmc_rtc.c:399:9:DMC_McuRtcGetNoOfDaysInMonth	0	static
dmc_rtc.c:416:10:DMC_McuRtcGetNoOfDaysInYear	0	static
dmc_rtc.c:160:6:DMC_McuRtcSetDateTime	48	static
dmc_rtc.c:188:6:DMC_McuRtcGetDateTime	48	static
dmc_rtc.c:315:8:DMC_McuRtcGetTimeStamp	24	static
dmc_rtc.c:264:6:DMC_McuRtcAddSecond	16	static
dmc_rtc.c:437:7:DMC_McuRtcGetTimeString	24	static
dmc_rtc.c:463:7:DMC_McuRtcGetDateTimeString	32	static
dmc_rtc.c:517:6:DMC_McuRtcWriteUint32BKPSRAM	0	static
dmc_rtc.c:522:10:DMC_McuRtcReadUint32BKPSRAM	0	static
dmc_rtc.c:527:6:DMC_McuRtcWriteBackupRegister	0	static
dmc_rtc.c:533:10:DMC_McuRtcReadBackupRegister	0	static
