KSZ8851SNL.c:77:9:ksz8851_interface_init	80	static
KSZ8851SNL.c:552:6:ksz8851_hard_reset	0	static
KSZ8851SNL.c:597:10:ksz8851_reg_read	32	static
KSZ8851SNL.c:647:6:ksz8851_reg_write	24	static
KSZ8851SNL.c:696:6:ksz8851_reg_setbits	16	static
KSZ8851SNL.c:712:6:ksz8851_reg_clrbits	16	static
KSZ8851SNL.c:573:6:ksz8851_soft_reset	8	static
KSZ8851SNL.c:723:6:ksz8851_IntEnable	0	static
KSZ8851SNL.c:263:9:ksz8851_init_chip	32	static
KSZ8851SNL.c:58:6:ksz8851_init	12	static
KSZ8851SNL.c:738:6:ksz8851_IntDisable	0	static
KSZ8851SNL.c:743:6:ksz8851_IntClearAll	0	static
KSZ8851SNL.c:748:6:ksz8851_IntClearFlags	0	static
KSZ8851SNL.c:753:6:ksz8851_set_pm	16	static
KSZ8851SNL.c:858:9:ksz8851_has_data	16	static
KSZ8851SNL.c:871:9:ksz8851_get_spi_state	8	static
KSZ8851SNL.c:899:10:ksz8851_fifo_read	40	static
KSZ8851SNL.c:773:10:ksz8851_read_packet	48	static
KSZ8851SNL.c:1137:6:ksz8851_show_packet_headers	32	static
KSZ8851SNL.c:1198:10:ksz8851_MIBCountersRead	16	static
KSZ8851SNL.c:1219:6:KSZ8851SNL_ReadMIBCounters	32	static
KSZ8851SNL.c:1239:6:ksz8851_AllRegistersDump	24	static
KSZ8851SNL.c:1258:6:ksz8851_RegistersDump	16	static
KSZ8851SNL.c:1383:6:ksz8851_PMECRStatusClear	16	static
KSZ8851SNL.c:1389:10:ksz8851_RXQCRGet	0	static
KSZ8851SNL.c:1394:10:ksz8851_FrameCounterSet	8	static
KSZ8851SNL.c:1403:6:ksz8851_TxQueueReset	16	static
KSZ8851SNL.c:1426:6:ksz8851_RxQueueReset	16	static
KSZ8851SNL.c:1447:6:ksz8851snl_reset_rx	8	static
KSZ8851SNL.c:1470:6:ksz8851snl_reset_tx	8	static
KSZ8851SNL.c:1495:6:ksz8851_Enable	8	static
KSZ8851SNL.c:1512:6:ksz8851_TransmitBegin	24	static
KSZ8851SNL.c:1594:6:ksz8851_ReleaseIncosistentFrame	8	static
KSZ8851SNL.c:1872:10:ksz8851_Receive	32	static
KSZ8851SNL.c:2412:10:ksz8851_PHYStatusGet	0	static
KSZ8851SNL.c:2417:6:ksz8851_SetDigitalLoopbackMode	8	static
KSZ8851SNL.c:2437:6:ksz8851_EnableInterrupts	0	static
KSZ8851SNL.c:2454:10:ksz8851_CheckIrqStat	16	static
KSZ8851SNL.c:2606:9:ksz8851_DwordAllignDiff	0	static
KSZ8851SNL.c:2624:10:ksz8851_CalcCrc	16	static
KSZ8851SNL.c:2768:6:ksz8851_clr_irq	8	static
KSZ8851SNL.c:2777:6:ksz8851_ClearRxInterrupt	0	static
KSZ8851SNL.c:2783:6:ksz8851_EnableRxInterrupt	8	static
KSZ8851SNL.c:2791:6:ksz8851_DisableRxInterrupt	0	static
KSZ8851SNL.c:2797:10:ksz8851_ReadRxFrameCount	8	static
KSZ8851SNL.c:2812:10:ksz8851_ReadRxByteCount	8	static
KSZ8851SNL.c:2652:6:ksz8851_irq	16	static
KSZ8851SNL.c:2585:10:ksz8851_CurrFrameSize	0	static
KSZ8851SNL.c:2820:10:ksz8851_ReadRxHeaderStatus	8	static
KSZ8851SNL.c:2844:6:ksz8851_ClearRxFramePointer	8	static
KSZ8851SNL.c:2856:6:ksz8851_SetRxFramePointerAutoIncrement	8	static
KSZ8851SNL.c:2864:6:ksz8851_ClrRxFramePointerAutoIncrement	8	static
KSZ8851SNL.c:2872:6:ksz8851_EnableRXQReadAccess	0	static
KSZ8851SNL.c:2878:6:ksz8851_DisableRXQReadAccess	0	static
KSZ8851SNL.c:2884:10:ksz8851_ReadRxInterruptSource	8	static
KSZ8851SNL.c:2926:10:ksz8851_read_id	8	static
KSZ8851SNL.c:2934:10:ksz8851_ReadIntRegisterValue	0	static
KSZ8851SNL.c:1378:10:ksz8851_IntGet	0	static
KSZ8851SNL.c:2939:6:ksz8851_IntHandler	0	static
KSZ8851SNL.c:3079:9:ksz8851_has_isr_RXI	0	static
KSZ8851SNL.c:3088:6:ksz8851_show_isr	16	static
KSZ8851SNL.c:3179:6:ksz8851_CheckQMUTXQHasSpace	16	static
KSZ8851SNL.c:3215:6:clr_dma_tx_ended	0	static
KSZ8851SNL.c:3221:6:set_dma_tx_ended	0	static
KSZ8851SNL.c:3236:6:wait_dma_tx_ended	0	static
KSZ8851SNL.c:3252:6:clr_dma_rx_ended	0	static
KSZ8851SNL.c:3258:6:set_dma_rx_ended	0	static
KSZ8851SNL.c:3264:6:wait_dma_rx_ended	0	static
KSZ8851SNL.c:3270:6:clr_spi_irq	0	static
KSZ8851SNL.c:3276:6:set_spi_irq	0	static
KSZ8851SNL.c:3282:6:wait_spi_irq	0	static
KSZ8851SNL.c:1033:6:ksz8851_fifo_write	32	static
KSZ8851SNL.c:764:6:ksz8851_send_packet	16	static
KSZ8851SNL.c:1563:6:ksz8851_Transmit	0	static
KSZ8851SNL.c:1570:6:ksz8851_TransmitEnd	16	static
KSZ8851SNL.c:1614:6:ksz8851_Send	16	static
KSZ8851SNL.c:3288:10:KSZ8851_GetLinkState	8	static
