stm32h7xx_hal_qspi.c:1935:13:QSPI_DMARxCplt	0	static
stm32h7xx_hal_qspi.c:1949:13:QSPI_DMATxCplt	0	static
stm32h7xx_hal_qspi.c:2054:13:QSPI_Config	32	static
stm32h7xx_hal_qspi.c:2021:26:QSPI_WaitFlagStateUntilTimeout	24	static
stm32h7xx_hal_qspi.c:359:13:HAL_QSPI_MspInit	0	static
stm32h7xx_hal_qspi.c:243:19:HAL_QSPI_Init	24	static
stm32h7xx_hal_qspi.c:374:13:HAL_QSPI_MspDeInit	0	static
stm32h7xx_hal_qspi.c:325:19:HAL_QSPI_DeInit	8	static
stm32h7xx_hal_qspi.c:632:19:HAL_QSPI_Command	40	static
stm32h7xx_hal_qspi.c:722:19:HAL_QSPI_Command_IT	32	static
stm32h7xx_hal_qspi.c:822:19:HAL_QSPI_Transmit	32	static
stm32h7xx_hal_qspi.c:904:19:HAL_QSPI_Receive	32	static
stm32h7xx_hal_qspi.c:987:19:HAL_QSPI_Transmit_IT	8	static
stm32h7xx_hal_qspi.c:1047:19:HAL_QSPI_Receive_IT	12	static
stm32h7xx_hal_qspi.c:1115:19:HAL_QSPI_Transmit_DMA	24	static
stm32h7xx_hal_qspi.c:1201:19:HAL_QSPI_Receive_DMA	32	static
stm32h7xx_hal_qspi.c:1298:19:HAL_QSPI_AutoPolling	40	static
stm32h7xx_hal_qspi.c:1398:19:HAL_QSPI_AutoPolling_IT	32	static
stm32h7xx_hal_qspi.c:1502:19:HAL_QSPI_MemoryMapped	32	static
stm32h7xx_hal_qspi.c:1588:13:HAL_QSPI_ErrorCallback	0	static
stm32h7xx_hal_qspi.c:1983:13:QSPI_DMAAbortCplt	8	static
stm32h7xx_hal_qspi.c:1603:13:HAL_QSPI_AbortCpltCallback	0	static
stm32h7xx_hal_qspi.c:1618:13:HAL_QSPI_CmdCpltCallback	0	static
stm32h7xx_hal_qspi.c:1633:13:HAL_QSPI_RxCpltCallback	0	static
stm32h7xx_hal_qspi.c:1648:14:HAL_QSPI_TxCpltCallback	0	static
stm32h7xx_hal_qspi.c:1663:13:HAL_QSPI_RxHalfCpltCallback	0	static
stm32h7xx_hal_qspi.c:1678:13:HAL_QSPI_TxHalfCpltCallback	0	static
stm32h7xx_hal_qspi.c:1693:13:HAL_QSPI_FifoThresholdCallback	0	static
stm32h7xx_hal_qspi.c:1708:13:HAL_QSPI_StatusMatchCallback	0	static
stm32h7xx_hal_qspi.c:1723:13:HAL_QSPI_TimeOutCallback	0	static
stm32h7xx_hal_qspi.c:413:6:HAL_QSPI_IRQHandler	8	static
stm32h7xx_hal_qspi.c:1760:23:HAL_QSPI_GetState	0	static
stm32h7xx_hal_qspi.c:1771:10:HAL_QSPI_GetError	0	static
stm32h7xx_hal_qspi.c:1781:19:HAL_QSPI_Abort	24	static
stm32h7xx_hal_qspi.c:1834:19:HAL_QSPI_Abort_IT	8	static
stm32h7xx_hal_qspi.c:1963:13:QSPI_DMAError	0	static
stm32h7xx_hal_qspi.c:1879:6:HAL_QSPI_SetTimeout	0	static
stm32h7xx_hal_qspi.c:1889:19:HAL_QSPI_SetFifoThreshold	8	static
stm32h7xx_hal_qspi.c:1921:10:HAL_QSPI_GetFifoThreshold	0	static
