stm32h7xx_hal_rng.c:188:13:HAL_RNG_MspInit	0	static
stm32h7xx_hal_rng.c:115:19:HAL_RNG_Init	8	static
stm32h7xx_hal_rng.c:203:13:HAL_RNG_MspDeInit	0	static
stm32h7xx_hal_rng.c:156:19:HAL_RNG_DeInit	8	static
stm32h7xx_hal_rng.c:242:19:HAL_RNG_GenerateRandomNumber	24	static
stm32h7xx_hal_rng.c:296:19:HAL_RNG_GenerateRandomNumber_IT	0	static
stm32h7xx_hal_rng.c:388:10:HAL_RNG_ReadLastRandomNumber	0	static
stm32h7xx_hal_rng.c:400:13:HAL_RNG_ReadyDataCallback	0	static
stm32h7xx_hal_rng.c:416:13:HAL_RNG_ErrorCallback	0	static
stm32h7xx_hal_rng.c:347:6:HAL_RNG_IRQHandler	8	static
stm32h7xx_hal_rng.c:450:22:HAL_RNG_GetState	0	static
