stm32h7xx_hal_hcd.c:181:19:HAL_HCD_HC_Init	40	static
stm32h7xx_hal_hcd.c:220:19:HAL_HCD_HC_Halt	8	static
stm32h7xx_hal_hcd.c:261:14:HAL_HCD_MspInit	0	static
stm32h7xx_hal_hcd.c:124:19:HAL_HCD_Init	64	static
stm32h7xx_hal_hcd.c:276:14:HAL_HCD_MspDeInit	0	static
stm32h7xx_hal_hcd.c:236:19:HAL_HCD_DeInit	8	static
stm32h7xx_hal_hcd.c:328:19:HAL_HCD_HC_SubmitRequest	20	static
stm32h7xx_hal_hcd.c:555:13:HAL_HCD_SOF_Callback	0	static
stm32h7xx_hal_hcd.c:570:13:HAL_HCD_Connect_Callback	0	static
stm32h7xx_hal_hcd.c:585:13:HAL_HCD_Disconnect_Callback	0	static
stm32h7xx_hal_hcd.c:610:13:HAL_HCD_HC_NotifyURBChange_Callback	0	static
stm32h7xx_hal_hcd.c:452:6:HAL_HCD_IRQHandler	64	static
stm32h7xx_hal_hcd.c:646:19:HAL_HCD_Start	16	static
stm32h7xx_hal_hcd.c:661:19:HAL_HCD_Stop	8	static
stm32h7xx_hal_hcd.c:674:19:HAL_HCD_ResetPort	0	static
stm32h7xx_hal_hcd.c:703:18:HAL_HCD_GetState	0	static
stm32h7xx_hal_hcd.c:722:21:HAL_HCD_HC_GetURBState	0	static
stm32h7xx_hal_hcd.c:735:10:HAL_HCD_HC_GetXferCount	0	static
stm32h7xx_hal_hcd.c:757:21:HAL_HCD_HC_GetState	0	static
stm32h7xx_hal_hcd.c:767:10:HAL_HCD_GetCurrentFrame	0	static
stm32h7xx_hal_hcd.c:777:10:HAL_HCD_GetCurrentSpeed	0	static
