stm32h7xx_hal_sd.c:2622:17:SD_FindSCR	64	static
stm32h7xx_hal_sd.c:460:13:HAL_SD_MspInit	0	static
stm32h7xx_hal_sd.c:475:13:HAL_SD_MspDeInit	0	static
stm32h7xx_hal_sd.c:516:19:HAL_SD_ReadBlocks	56	static
stm32h7xx_hal_sd.c:701:19:HAL_SD_WriteBlocks	64	static
stm32h7xx_hal_sd.c:887:19:HAL_SD_ReadBlocks_IT	48	static
stm32h7xx_hal_sd.c:990:19:HAL_SD_WriteBlocks_IT	48	static
stm32h7xx_hal_sd.c:1095:19:HAL_SD_ReadBlocks_DMA	48	static
stm32h7xx_hal_sd.c:1203:19:HAL_SD_WriteBlocks_DMA	48	static
stm32h7xx_hal_sd.c:1307:19:HAL_SD_Erase	24	static
stm32h7xx_hal_sd.c:1592:21:HAL_SD_GetState	0	static
stm32h7xx_hal_sd.c:1603:10:HAL_SD_GetError	0	static
stm32h7xx_hal_sd.c:1613:13:HAL_SD_TxCpltCallback	0	static
stm32h7xx_hal_sd.c:1628:13:HAL_SD_RxCpltCallback	0	static
stm32h7xx_hal_sd.c:1643:13:HAL_SD_ErrorCallback	0	static
stm32h7xx_hal_sd.c:1658:13:HAL_SD_AbortCallback	0	static
stm32h7xx_hal_sd.c:1674:14:HAL_SD_DriveTransceiver_1_8V_Callback	0	static
stm32h7xx_hal_sd.c:424:19:HAL_SD_DeInit	8	static
stm32h7xx_hal_sd.c:1711:19:HAL_SD_GetCardCID	8	static
stm32h7xx_hal_sd.c:1744:19:HAL_SD_GetCardCSD	8	static
stm32h7xx_hal_sd.c:366:19:HAL_SD_InitCard	112	static
stm32h7xx_hal_sd.c:1858:19:HAL_SD_GetCardStatus	112	static
stm32h7xx_hal_sd.c:1910:19:HAL_SD_GetCardInfo	0	static
stm32h7xx_hal_sd.c:1935:19:HAL_SD_ConfigWideBusOperation	48	static
stm32h7xx_hal_sd.c:2026:25:HAL_SD_GetCardState	8	static
stm32h7xx_hal_sd.c:234:19:HAL_SD_Init	144	static
stm32h7xx_hal_sd.c:2049:19:HAL_SD_Abort	8	static
stm32h7xx_hal_sd.c:2086:19:HAL_SD_Abort_IT	16	static
stm32h7xx_hal_sd.c:3011:13:HAL_SDEx_Read_DMADoubleBuf0CpltCallback	0	static
stm32h7xx_hal_sd.c:3026:13:HAL_SDEx_Read_DMADoubleBuf1CpltCallback	0	static
stm32h7xx_hal_sd.c:3041:13:HAL_SDEx_Write_DMADoubleBuf0CpltCallback	0	static
stm32h7xx_hal_sd.c:3056:13:HAL_SDEx_Write_DMADoubleBuf1CpltCallback	0	static
stm32h7xx_hal_sd.c:1409:6:HAL_SD_IRQHandler	32	static
