stm32h7xx_hal_cryp.c:3141:26:CRYP_GCMCCM_SetHeaderPhase_DMA	32	static
stm32h7xx_hal_cryp.c:3660:26:CRYP_WaitOnOFNEFlag	16	static
stm32h7xx_hal_cryp.c:3604:26:CRYP_WaitOnIFEMFlag	16	static
stm32h7xx_hal_cryp.c:3631:26:CRYP_WaitOnBUSYFlag	16	static
stm32h7xx_hal_cryp.c:3016:26:CRYP_GCMCCM_SetHeaderPhase	16	static
stm32h7xx_hal_cryp.c:1964:13:CRYP_SetDMAConfig	24	static
stm32h7xx_hal_cryp.c:2138:13:CRYP_SetKey.isra.0	0	static
stm32h7xx_hal_cryp.c:2323:26:CRYP_AESGCM_Process_IT	16	static
stm32h7xx_hal_cryp.c:2665:26:CRYP_AESCCM_Process_IT	16	static
stm32h7xx_hal_cryp.c:2388:26:CRYP_AESGCM_Process_DMA	24	static
stm32h7xx_hal_cryp.c:2755:26:CRYP_AESCCM_Process_DMA	24	static
stm32h7xx_hal_cryp.c:450:19:HAL_CRYP_SetConfig	24	static
stm32h7xx_hal_cryp.c:517:19:HAL_CRYP_GetConfig	8	static
stm32h7xx_hal_cryp.c:568:13:HAL_CRYP_MspInit	0	static
stm32h7xx_hal_cryp.c:366:19:HAL_CRYP_Init	8	static
stm32h7xx_hal_cryp.c:584:13:HAL_CRYP_MspDeInit	0	static
stm32h7xx_hal_cryp.c:410:19:HAL_CRYP_DeInit	16	static
stm32h7xx_hal_cryp.c:870:19:HAL_CRYP_Encrypt_IT	24	static
stm32h7xx_hal_cryp.c:975:19:HAL_CRYP_Decrypt_IT	32	static
stm32h7xx_hal_cryp.c:1083:19:HAL_CRYP_Encrypt_DMA	24	static
stm32h7xx_hal_cryp.c:1204:19:HAL_CRYP_Decrypt_DMA	32	static
stm32h7xx_hal_cryp.c:1368:10:HAL_CRYP_GetError	0	static
stm32h7xx_hal_cryp.c:1379:23:HAL_CRYP_GetState	0	static
stm32h7xx_hal_cryp.c:1390:13:HAL_CRYP_InCpltCallback	0	static
stm32h7xx_hal_cryp.c:1896:13:CRYP_DMAInCplt	8	static
stm32h7xx_hal_cryp.c:1406:13:HAL_CRYP_OutCpltCallback	0	static
stm32h7xx_hal_cryp.c:1913:13:CRYP_DMAOutCplt	8	static
stm32h7xx_hal_cryp.c:1329:6:HAL_CRYP_IRQHandler	16	static
stm32h7xx_hal_cryp.c:1422:14:HAL_CRYP_ErrorCallback	0	static
stm32h7xx_hal_cryp.c:1447:26:CRYP_TDES_Process	24	static
stm32h7xx_hal_cryp.c:1998:26:CRYP_AES_ProcessData	8	static
stm32h7xx_hal_cryp.c:3353:13:CRYP_Workaround	72	static
stm32h7xx_hal_cryp.c:2179:26:CRYP_AESGCM_Process	24	static
stm32h7xx_hal_cryp.c:2489:26:CRYP_AESCCM_Process	24	static
stm32h7xx_hal_cryp.c:638:19:HAL_CRYP_Encrypt	24	static
stm32h7xx_hal_cryp.c:754:19:HAL_CRYP_Decrypt	24	static
stm32h7xx_hal_cryp.c:1941:13:CRYP_DMAError	8	static
