stm32h7xx_hal_hash_ex.c:159:19:HAL_HASHEx_SHA224_Start	16	static
stm32h7xx_hal_hash_ex.c:184:19:HAL_HASHEx_SHA224_Accumulate	0	static
stm32h7xx_hal_hash_ex.c:200:19:HAL_HASHEx_SHA256_Start	16	static
stm32h7xx_hal_hash_ex.c:225:19:HAL_HASHEx_SHA256_Accumulate	0	static
stm32h7xx_hal_hash_ex.c:264:19:HAL_HASHEx_SHA224_Start_IT	16	static
stm32h7xx_hal_hash_ex.c:279:19:HAL_HASHEx_SHA256_Start_IT	16	static
stm32h7xx_hal_hash_ex.c:330:19:HAL_HASHEx_SHA224_Start_DMA	0	static
stm32h7xx_hal_hash_ex.c:345:19:HAL_HASHEx_SHA224_Finish	0	static
stm32h7xx_hal_hash_ex.c:360:19:HAL_HASHEx_SHA256_Start_DMA	0	static
stm32h7xx_hal_hash_ex.c:375:19:HAL_HASHEx_SHA256_Finish	0	static
stm32h7xx_hal_hash_ex.c:417:19:HAL_HMACEx_SHA224_Start	16	static
stm32h7xx_hal_hash_ex.c:435:19:HAL_HMACEx_SHA256_Start	16	static
stm32h7xx_hal_hash_ex.c:477:19:HAL_HMACEx_SHA224_Start_IT	16	static
stm32h7xx_hal_hash_ex.c:494:19:HAL_HMACEx_SHA256_Start_IT	16	static
stm32h7xx_hal_hash_ex.c:551:19:HAL_HMACEx_SHA224_Start_DMA	0	static
stm32h7xx_hal_hash_ex.c:575:19:HAL_HMACEx_SHA256_Start_DMA	0	static
stm32h7xx_hal_hash_ex.c:650:19:HAL_HMACEx_MD5_Step1_2_DMA	0	static
stm32h7xx_hal_hash_ex.c:671:19:HAL_HMACEx_MD5_Step2_DMA	0	static
stm32h7xx_hal_hash_ex.c:697:19:HAL_HMACEx_MD5_Step2_3_DMA	4	static
stm32h7xx_hal_hash_ex.c:720:19:HAL_HMACEx_SHA1_Step1_2_DMA	0	static
stm32h7xx_hal_hash_ex.c:741:19:HAL_HMACEx_SHA1_Step2_DMA	0	static
stm32h7xx_hal_hash_ex.c:767:19:HAL_HMACEx_SHA1_Step2_3_DMA	4	static
stm32h7xx_hal_hash_ex.c:789:19:HAL_HMACEx_SHA224_Step1_2_DMA	0	static
stm32h7xx_hal_hash_ex.c:810:19:HAL_HMACEx_SHA224_Step2_DMA	0	static
stm32h7xx_hal_hash_ex.c:836:19:HAL_HMACEx_SHA224_Step2_3_DMA	4	static
stm32h7xx_hal_hash_ex.c:858:19:HAL_HMACEx_SHA256_Step1_2_DMA	0	static
stm32h7xx_hal_hash_ex.c:879:19:HAL_HMACEx_SHA256_Step2_DMA	0	static
stm32h7xx_hal_hash_ex.c:905:19:HAL_HMACEx_SHA256_Step2_3_DMA	4	static
