stm32h7xx_hal_hash.c:1299:26:HASH_WriteData	24	static
stm32h7xx_hal_hash.c:1363:13:HASH_GetDigest	0	static
stm32h7xx_hal_hash.c:1437:26:HASH_WaitOnFlagUntilTimeout	24	static
stm32h7xx_hal_hash.c:336:13:HAL_HASH_MspInit	0	static
stm32h7xx_hal_hash.c:247:19:HAL_HASH_Init	16	static
stm32h7xx_hal_hash.c:351:13:HAL_HASH_MspDeInit	0	static
stm32h7xx_hal_hash.c:297:19:HAL_HASH_DeInit	16	static
stm32h7xx_hal_hash.c:372:13:HAL_HASH_InCpltCallback	0	static
stm32h7xx_hal_hash.c:1159:13:HASH_DMAXferCplt	16	static
stm32h7xx_hal_hash.c:389:13:HAL_HASH_DgstCpltCallback	0	static
stm32h7xx_hal_hash.c:406:13:HAL_HASH_ErrorCallback	0	static
stm32h7xx_hal_hash.c:1270:13:HASH_DMAError	8	static
stm32h7xx_hal_hash.c:599:6:HAL_HASH_IRQHandler	16	static
stm32h7xx_hal_hash.c:942:23:HAL_HASH_GetState	0	static
stm32h7xx_hal_hash.c:955:19:HAL_HASH_GetStatus	0	static
stm32h7xx_hal_hash.c:973:6:HAL_HASH_ContextSaving	0	static
stm32h7xx_hal_hash.c:1013:6:HAL_HASH_ContextRestoring	0	static
stm32h7xx_hal_hash.c:1056:6:HAL_HASH_SwFeed_ProcessSuspend	0	static
stm32h7xx_hal_hash.c:1071:19:HAL_HASH_DMAFeed_ProcessSuspend	16	static
stm32h7xx_hal_hash.c:1871:19:HASH_Start	24	static
stm32h7xx_hal_hash.c:459:19:HAL_HASH_MD5_Start	16	static
stm32h7xx_hal_hash.c:500:19:HAL_HASH_SHA1_Start	16	static
stm32h7xx_hal_hash.c:2001:19:HASH_Accumulate	24	static
stm32h7xx_hal_hash.c:484:19:HAL_HASH_MD5_Accumulate	0	static
stm32h7xx_hal_hash.c:525:19:HAL_HASH_SHA1_Accumulate	0	static
stm32h7xx_hal_hash.c:2098:19:HASH_Start_IT	16	static
stm32h7xx_hal_hash.c:569:19:HAL_HASH_MD5_Start_IT	16	static
stm32h7xx_hal_hash.c:585:19:HAL_HASH_SHA1_Start_IT	16	static
stm32h7xx_hal_hash.c:2177:19:HASH_Start_DMA	24	static
stm32h7xx_hal_hash.c:654:19:HAL_HASH_MD5_Start_DMA	0	static
stm32h7xx_hal_hash.c:684:19:HAL_HASH_SHA1_Start_DMA	0	static
stm32h7xx_hal_hash.c:2279:19:HASH_Finish	16	static
stm32h7xx_hal_hash.c:700:19:HAL_HASH_SHA1_Finish	0	static
stm32h7xx_hal_hash.c:669:19:HAL_HASH_MD5_Finish	0	static
stm32h7xx_hal_hash.c:2337:19:HMAC_Start	24	static
stm32h7xx_hal_hash.c:741:19:HAL_HMAC_MD5_Start	16	static
stm32h7xx_hal_hash.c:759:19:HAL_HMAC_SHA1_Start	16	static
stm32h7xx_hal_hash.c:2406:19:HMAC_Start_IT	20	static
stm32h7xx_hal_hash.c:800:19:HAL_HMAC_MD5_Start_IT	16	static
stm32h7xx_hal_hash.c:817:19:HAL_HMAC_SHA1_Start_IT	16	static
stm32h7xx_hal_hash.c:2511:19:HMAC_Start_DMA	24	static
stm32h7xx_hal_hash.c:870:19:HAL_HMAC_MD5_Start_DMA	0	static
stm32h7xx_hal_hash.c:895:19:HAL_HMAC_SHA1_Start_DMA	0	static
