stm32h7xx_hal_uart.c:2500:13:UART_EndRxTransfer	0	static
stm32h7xx_hal_uart.c:544:13:HAL_UART_MspInit	0	static
stm32h7xx_hal_uart.c:559:13:HAL_UART_MspDeInit	0	static
stm32h7xx_hal_uart.c:506:19:HAL_UART_DeInit	16	static
stm32h7xx_hal_uart.c:798:19:HAL_UART_Transmit_IT	0	static
stm32h7xx_hal_uart.c:848:19:HAL_UART_Receive_IT	0	static
stm32h7xx_hal_uart.c:906:19:HAL_UART_Transmit_DMA	16	static
stm32h7xx_hal_uart.c:968:19:HAL_UART_Receive_DMA	16	static
stm32h7xx_hal_uart.c:1028:19:HAL_UART_DMAPause	0	static
stm32h7xx_hal_uart.c:1061:19:HAL_UART_DMAResume	0	static
stm32h7xx_hal_uart.c:1095:19:HAL_UART_DMAStop	8	static
stm32h7xx_hal_uart.c:1149:19:HAL_UART_Abort	8	static
stm32h7xx_hal_uart.c:1216:19:HAL_UART_AbortTransmit	8	static
stm32h7xx_hal_uart.c:1259:19:HAL_UART_AbortReceive	8	static
stm32h7xx_hal_uart.c:1725:13:HAL_UART_TxCpltCallback	0	static
stm32h7xx_hal_uart.c:2516:13:UART_DMATransmitCplt	8	static
stm32h7xx_hal_uart.c:1740:13:HAL_UART_TxHalfCpltCallback	0	static
stm32h7xx_hal_uart.c:2545:13:UART_DMATxHalfCplt	8	static
stm32h7xx_hal_uart.c:1755:13:HAL_UART_RxCpltCallback	0	static
stm32h7xx_hal_uart.c:2557:13:UART_DMAReceiveCplt	8	static
stm32h7xx_hal_uart.c:2853:26:UART_Receive_IT	8	static
stm32h7xx_hal_uart.c:1770:13:HAL_UART_RxHalfCpltCallback	0	static
stm32h7xx_hal_uart.c:2586:13:UART_DMARxHalfCplt	8	static
stm32h7xx_hal_uart.c:1785:13:HAL_UART_ErrorCallback	0	static
stm32h7xx_hal_uart.c:2598:13:UART_DMAError	8	static
stm32h7xx_hal_uart.c:1561:6:HAL_UART_IRQHandler	16	static
stm32h7xx_hal_uart.c:2632:13:UART_DMAAbortOnError	8	static
stm32h7xx_hal_uart.c:1800:13:HAL_UART_AbortCpltCallback	0	static
stm32h7xx_hal_uart.c:1307:19:HAL_UART_Abort_IT	8	static
stm32h7xx_hal_uart.c:2691:13:UART_DMARxAbortCallback	8	static
stm32h7xx_hal_uart.c:2649:13:UART_DMATxAbortCallback	8	static
stm32h7xx_hal_uart.c:1815:13:HAL_UART_AbortTransmitCpltCallback	0	static
stm32h7xx_hal_uart.c:1432:19:HAL_UART_AbortTransmit_IT	8	static
stm32h7xx_hal_uart.c:2733:13:UART_DMATxOnlyAbortCallback	8	static
stm32h7xx_hal_uart.c:1830:13:HAL_UART_AbortReceiveCpltCallback	0	static
stm32h7xx_hal_uart.c:1498:19:HAL_UART_AbortReceive_IT	8	static
stm32h7xx_hal_uart.c:2754:13:UART_DMARxOnlyAbortCallback	8	static
stm32h7xx_hal_uart.c:1914:6:HAL_MultiProcessor_EnterMuteMode	0	static
stm32h7xx_hal_uart.c:1924:19:HAL_HalfDuplex_EnableTransmitter	0	static
stm32h7xx_hal_uart.c:1948:19:HAL_HalfDuplex_EnableReceiver	0	static
stm32h7xx_hal_uart.c:1972:19:HAL_LIN_SendBreak	8	static
stm32h7xx_hal_uart.c:2020:23:HAL_UART_GetState	0	static
stm32h7xx_hal_uart.c:2035:10:HAL_UART_GetError	0	static
stm32h7xx_hal_uart.c:2056:19:UART_SetConfig	56	static
stm32h7xx_hal_uart.c:2328:6:UART_AdvFeatureConfig	8	static
stm32h7xx_hal_uart.c:2452:19:UART_WaitOnFlagUntilTimeout	24	static
stm32h7xx_hal_uart.c:658:19:HAL_UART_Transmit	32	static
stm32h7xx_hal_uart.c:727:19:HAL_UART_Receive	32	static
stm32h7xx_hal_uart.c:2402:19:UART_CheckIdleState	24	static
stm32h7xx_hal_uart.c:229:19:HAL_UART_Init	8	static
stm32h7xx_hal_uart.c:292:19:HAL_HalfDuplex_Init	8	static
stm32h7xx_hal_uart.c:355:19:HAL_LIN_Init	16	static
stm32h7xx_hal_uart.c:442:19:HAL_MultiProcessor_Init	16	static
stm32h7xx_hal_uart.c:1872:19:HAL_MultiProcessor_EnableMuteMode	0	static
stm32h7xx_hal_uart.c:1893:19:HAL_MultiProcessor_DisableMuteMode	0	static
