stm32h7xx_hal_rtc_ex.c:177:19:HAL_RTCEx_SetTimeStamp	16	static
stm32h7xx_hal_rtc_ex.c:233:19:HAL_RTCEx_SetTimeStamp_IT	16	static
stm32h7xx_hal_rtc_ex.c:283:19:HAL_RTCEx_DeactivateTimeStamp	0	static
stm32h7xx_hal_rtc_ex.c:322:19:HAL_RTCEx_SetInternalTimeStamp	0	static
stm32h7xx_hal_rtc_ex.c:354:19:HAL_RTCEx_DeactivateInternalTimeStamp	0	static
stm32h7xx_hal_rtc_ex.c:390:19:HAL_RTCEx_GetTimeStamp	24	static
stm32h7xx_hal_rtc_ex.c:442:19:HAL_RTCEx_SetTamper	16	static
stm32h7xx_hal_rtc_ex.c:530:19:HAL_RTCEx_SetTamper_IT	16	static
stm32h7xx_hal_rtc_ex.c:625:19:HAL_RTCEx_DeactivateTamper	16	static
stm32h7xx_hal_rtc_ex.c:738:13:HAL_RTCEx_TimeStampEventCallback	0	static
stm32h7xx_hal_rtc_ex.c:752:13:HAL_RTCEx_Tamper1EventCallback	0	static
stm32h7xx_hal_rtc_ex.c:766:13:HAL_RTCEx_Tamper2EventCallback	0	static
stm32h7xx_hal_rtc_ex.c:780:13:HAL_RTCEx_Tamper3EventCallback	0	static
stm32h7xx_hal_rtc_ex.c:666:6:HAL_RTCEx_TamperTimeStampIRQHandler	8	static
stm32h7xx_hal_rtc_ex.c:795:19:HAL_RTCEx_PollForTimeStampEvent	16	static
stm32h7xx_hal_rtc_ex.c:834:19:HAL_RTCEx_PollForTamper1Event	16	static
stm32h7xx_hal_rtc_ex.c:866:19:HAL_RTCEx_PollForTamper2Event	16	static
stm32h7xx_hal_rtc_ex.c:898:19:HAL_RTCEx_PollForTamper3Event	16	static
stm32h7xx_hal_rtc_ex.c:949:19:HAL_RTCEx_SetWakeUpTimer	24	static
stm32h7xx_hal_rtc_ex.c:1038:19:HAL_RTCEx_SetWakeUpTimer_IT	24	static
stm32h7xx_hal_rtc_ex.c:1138:10:HAL_RTCEx_DeactivateWakeUpTimer	16	static
stm32h7xx_hal_rtc_ex.c:1190:10:HAL_RTCEx_GetWakeUpTimer	0	static
stm32h7xx_hal_rtc_ex.c:1224:13:HAL_RTCEx_WakeUpTimerEventCallback	0	static
stm32h7xx_hal_rtc_ex.c:1201:6:HAL_RTCEx_WakeUpTimerIRQHandler	8	static
stm32h7xx_hal_rtc_ex.c:1240:19:HAL_RTCEx_PollForWakeUpTimerEvent	16	static
stm32h7xx_hal_rtc_ex.c:1306:6:HAL_RTCEx_BKUPWrite	16	static
stm32h7xx_hal_rtc_ex.c:1328:10:HAL_RTCEx_BKUPRead	16	static
stm32h7xx_hal_rtc_ex.c:1361:19:HAL_RTCEx_SetSmoothCalib	24	static
stm32h7xx_hal_rtc_ex.c:1429:19:HAL_RTCEx_SetSynchroShift	24	static
stm32h7xx_hal_rtc_ex.c:1522:19:HAL_RTCEx_SetCalibrationOutPut	16	static
stm32h7xx_hal_rtc_ex.c:1560:19:HAL_RTCEx_DeactivateCalibrationOutPut	0	static
stm32h7xx_hal_rtc_ex.c:1589:19:HAL_RTCEx_SetRefClock	16	static
stm32h7xx_hal_rtc_ex.c:1638:19:HAL_RTCEx_DeactivateRefClock	16	static
stm32h7xx_hal_rtc_ex.c:1689:19:HAL_RTCEx_EnableBypassShadow	0	static
stm32h7xx_hal_rtc_ex.c:1721:19:HAL_RTCEx_DisableBypassShadow	0	static
stm32h7xx_hal_rtc_ex.c:1770:13:HAL_RTCEx_AlarmBEventCallback	0	static
stm32h7xx_hal_rtc_ex.c:1786:19:HAL_RTCEx_PollForAlarmBEvent	16	static
