stm32h7xx_hal_rtc.c:363:13:HAL_RTC_MspInit	0	static
stm32h7xx_hal_rtc.c:378:13:HAL_RTC_MspDeInit	0	static
stm32h7xx_hal_rtc.c:1128:19:HAL_RTC_DeactivateAlarm	16	static
stm32h7xx_hal_rtc.c:1318:13:HAL_RTC_AlarmAEventCallback	0	static
stm32h7xx_hal_rtc.c:1273:6:HAL_RTC_AlarmIRQHandler	8	static
stm32h7xx_hal_rtc.c:1334:19:HAL_RTC_PollForAlarmAEvent	16	static
stm32h7xx_hal_rtc.c:1393:19:HAL_RTC_WaitForSynchro	16	static
stm32h7xx_hal_rtc.c:1437:21:HAL_RTC_GetState	0	static
stm32h7xx_hal_rtc.c:1461:19:RTC_EnterInitMode	16	static
stm32h7xx_hal_rtc.c:184:19:HAL_RTC_Init	16	static
stm32h7xx_hal_rtc.c:260:19:HAL_RTC_DeInit	16	static
stm32h7xx_hal_rtc.c:1491:9:RTC_ByteToBcd2	0	static
stm32h7xx_hal_rtc.c:1509:9:RTC_Bcd2ToByte	0	static
stm32h7xx_hal_rtc.c:416:19:HAL_RTC_SetTime	24	static
stm32h7xx_hal_rtc.c:551:19:HAL_RTC_GetTime	24	static
stm32h7xx_hal_rtc.c:595:19:HAL_RTC_SetDate	16	static
stm32h7xx_hal_rtc.c:706:19:HAL_RTC_GetDate	16	static
stm32h7xx_hal_rtc.c:760:19:HAL_RTC_SetAlarm	24	static
stm32h7xx_hal_rtc.c:944:19:HAL_RTC_SetAlarm_IT	24	static
stm32h7xx_hal_rtc.c:1222:19:HAL_RTC_GetAlarm	24	static
