stm32h7xx_ll_usb.c:98:19:USB_CoreInit	16	static
stm32h7xx_ll_usb.c:145:19:USB_EnableGlobalInt	0	static
stm32h7xx_ll_usb.c:158:19:USB_DisableGlobalInt	0	static
stm32h7xx_ll_usb.c:174:19:USB_SetCurrentMode	8	static
stm32h7xx_ll_usb.c:199:19:USB_DevInit	24	static
stm32h7xx_ll_usb.c:332:19:USB_FlushTxFifo	0	static
stm32h7xx_ll_usb.c:356:19:USB_FlushRxFifo	0	static
stm32h7xx_ll_usb.c:386:19:USB_SetDevSpeed	0	static
stm32h7xx_ll_usb.c:401:9:USB_GetDevSpeed	0	static
stm32h7xx_ll_usb.c:428:19:USB_ActivateEndpoint	12	static
stm32h7xx_ll_usb.c:459:19:USB_ActivateDedicatedEndpoint	20	static
stm32h7xx_ll_usb.c:502:19:USB_DeactivateEndpoint	8	static
stm32h7xx_ll_usb.c:527:19:USB_DeactivateDedicatedEndpoint	8	static
stm32h7xx_ll_usb.c:553:19:USB_EPStartXfer	32	static
stm32h7xx_ll_usb.c:675:19:USB_EP0StartXfer	20	static
stm32h7xx_ll_usb.c:764:19:USB_WritePacket	8	static
stm32h7xx_ll_usb.c:793:7:USB_ReadPacket	8	static
stm32h7xx_ll_usb.c:813:19:USB_EPSetStall	0	static
stm32h7xx_ll_usb.c:841:19:USB_EPClearStall	0	static
stm32h7xx_ll_usb.c:867:19:USB_StopDevice	16	static
stm32h7xx_ll_usb.c:898:20:USB_SetDevAddress	0	static
stm32h7xx_ll_usb.c:911:20:USB_DevConnect	8	static
stm32h7xx_ll_usb.c:924:20:USB_DevDisconnect	8	static
stm32h7xx_ll_usb.c:937:11:USB_ReadInterrupts	0	static
stm32h7xx_ll_usb.c:951:10:USB_ReadDevAllOutEpInterrupt	0	static
stm32h7xx_ll_usb.c:964:10:USB_ReadDevAllInEpInterrupt	0	static
stm32h7xx_ll_usb.c:979:10:USB_ReadDevOutEPInterrupt	0	static
stm32h7xx_ll_usb.c:994:10:USB_ReadDevInEPInterrupt	8	static
stm32h7xx_ll_usb.c:1011:7:USB_ClearInterrupts	0	static
stm32h7xx_ll_usb.c:1024:10:USB_GetMode	0	static
stm32h7xx_ll_usb.c:1035:20:USB_ActivateSetup	0	static
stm32h7xx_ll_usb.c:1060:19:USB_EP0_OutStart	8	static
stm32h7xx_ll_usb.c:1083:26:USB_CoreReset	0	static
stm32h7xx_ll_usb.c:1122:19:USB_HostInit	16	static
stm32h7xx_ll_usb.c:1204:19:USB_InitFSLSPClkSel	8	static
stm32h7xx_ll_usb.c:1227:19:USB_ResetPort	16	static
stm32h7xx_ll_usb.c:1250:19:USB_DriveVbus	8	static
stm32h7xx_ll_usb.c:1279:10:USB_GetHostSpeed	8	static
stm32h7xx_ll_usb.c:1292:10:USB_GetCurrentFrame	0	static
stm32h7xx_ll_usb.c:1321:19:USB_HC_Init	20	static
stm32h7xx_ll_usb.c:1425:19:USB_HC_StartXfer	48	static
stm32h7xx_ll_usb.c:1536:10:USB_HC_ReadInterrupt	16	static
stm32h7xx_ll_usb.c:1548:19:USB_HC_Halt	24	static
stm32h7xx_ll_usb.c:1610:19:USB_DoPing	24	static
stm32h7xx_ll_usb.c:1632:19:USB_StopHost	32	static
