stm32h7xx_hal_eth.c:2019:13:ETH_SetMACConfig	56	static
stm32h7xx_hal_eth.c:2096:13:ETH_SetDMAConfig	12	static
stm32h7xx_hal_eth.c:2344:17:ETH_Prepare_Tx_Descriptors	36	static
stm32h7xx_hal_eth.c:355:13:HAL_ETH_MspInit	0	static
stm32h7xx_hal_eth.c:370:13:HAL_ETH_MspDeInit	0	static
stm32h7xx_hal_eth.c:334:19:HAL_ETH_DeInit	8	static
stm32h7xx_hal_eth.c:389:19:HAL_ETH_DescAssignMemory	0	static
stm32h7xx_hal_eth.c:448:19:HAL_ETH_Start	8	static
stm32h7xx_hal_eth.c:489:19:HAL_ETH_Start_IT	8	static
stm32h7xx_hal_eth.c:552:19:HAL_ETH_Stop	0	static
stm32h7xx_hal_eth.c:592:19:HAL_ETH_Stop_IT	8	static
stm32h7xx_hal_eth.c:650:19:HAL_ETH_Transmit	24	static
stm32h7xx_hal_eth.c:726:19:HAL_ETH_Transmit_IT	8	static
stm32h7xx_hal_eth.c:765:9:HAL_ETH_IsRxDataAvailable	20	static
stm32h7xx_hal_eth.c:888:19:HAL_ETH_GetRxDataBuffer	24	static
stm32h7xx_hal_eth.c:993:19:HAL_ETH_GetRxDataLength	16	static
stm32h7xx_hal_eth.c:1025:19:HAL_ETH_GetRxDataInfo	16	static
stm32h7xx_hal_eth.c:1098:19:HAL_ETH_BuildRxDescriptors	20	static
stm32h7xx_hal_eth.c:1283:13:HAL_ETH_TxCpltCallback	0	static
stm32h7xx_hal_eth.c:1298:13:HAL_ETH_RxCpltCallback	0	static
stm32h7xx_hal_eth.c:1313:13:HAL_ETH_DMAErrorCallback	0	static
stm32h7xx_hal_eth.c:1326:13:HAL_ETH_MACErrorCallback	0	static
stm32h7xx_hal_eth.c:1341:13:HAL_ETH_PMTCallback	0	static
stm32h7xx_hal_eth.c:1356:13:HAL_ETH_EEECallback	0	static
stm32h7xx_hal_eth.c:1371:13:HAL_ETH_WakeUpCallback	0	static
stm32h7xx_hal_eth.c:1161:6:HAL_ETH_IRQHandler	8	static
stm32h7xx_hal_eth.c:1389:19:HAL_ETH_ReadPHYRegister	16	static
stm32h7xx_hal_eth.c:1443:19:HAL_ETH_WritePHYRegister	16	static
stm32h7xx_hal_eth.c:1514:19:HAL_ETH_GetMACConfig	0	static
stm32h7xx_hal_eth.c:1581:19:HAL_ETH_GetDMAConfig	0	static
stm32h7xx_hal_eth.c:1615:19:HAL_ETH_SetMACConfig	8	static
stm32h7xx_hal_eth.c:1642:19:HAL_ETH_SetDMAConfig	8	static
stm32h7xx_hal_eth.c:1719:19:HAL_ETH_SetMACFilterConfig	20	static
stm32h7xx_hal_eth.c:1753:19:HAL_ETH_GetMACFilterConfig	0	static
stm32h7xx_hal_eth.c:1787:19:HAL_ETH_SetSourceMACAddrMatch	8	static
stm32h7xx_hal_eth.c:1820:19:HAL_ETH_SetHashTable	0	static
stm32h7xx_hal_eth.c:1842:6:HAL_ETH_SetRxVLANIdentifier	0	static
stm32h7xx_hal_eth.c:1864:6:HAL_ETH_EnterPowerDownMode	20	static
stm32h7xx_hal_eth.c:1886:6:HAL_ETH_ExitPowerDownMode	0	static
stm32h7xx_hal_eth.c:1909:19:HAL_ETH_SetWakeUpFilter	0	static
stm32h7xx_hal_eth.c:1958:22:HAL_ETH_GetState	0	static
stm32h7xx_hal_eth.c:1973:10:HAL_ETH_GetError	0	static
stm32h7xx_hal_eth.c:1984:10:HAL_ETH_GetDMAError	0	static
stm32h7xx_hal_eth.c:1995:10:HAL_ETH_GetMACError	0	static
stm32h7xx_hal_eth.c:2006:10:HAL_ETH_GetMACWakeUpSource	0	static
stm32h7xx_hal_eth.c:2211:13:ETH_MAC_MDIO_ClkConfig	16	static
stm32h7xx_hal_eth.c:231:19:HAL_ETH_Init	160	static
