stm32h7xx_hal_eth_ex.c:108:6:HAL_ETHEx_EnableARPOffload	0	static
stm32h7xx_hal_eth_ex.c:119:6:HAL_ETHEx_DisableARPOffload	0	static
stm32h7xx_hal_eth_ex.c:131:6:HAL_ETHEx_SetARPAddressMatch	0	static
stm32h7xx_hal_eth_ex.c:149:19:HAL_ETHEx_SetL4FilterConfig	16	static
stm32h7xx_hal_eth_ex.c:188:19:HAL_ETHEx_GetL4FilterConfig	8	static
stm32h7xx_hal_eth_ex.c:220:19:HAL_ETHEx_SetL3FilterConfig	16	static
stm32h7xx_hal_eth_ex.c:273:19:HAL_ETHEx_GetL3FilterConfig	12	static
stm32h7xx_hal_eth_ex.c:308:6:HAL_ETHEx_EnableL3L4Filtering	0	static
stm32h7xx_hal_eth_ex.c:320:6:HAL_ETHEx_DisableL3L4Filtering	0	static
stm32h7xx_hal_eth_ex.c:334:19:HAL_ETHEx_GetRxVLANConfig	0	static
stm32h7xx_hal_eth_ex.c:362:19:HAL_ETHEx_SetRxVLANConfig	0	static
stm32h7xx_hal_eth_ex.c:390:6:HAL_ETHEx_SetVLANHashTable	0	static
stm32h7xx_hal_eth_ex.c:406:19:HAL_ETHEx_GetTxVLANConfig	0	static
stm32h7xx_hal_eth_ex.c:440:19:HAL_ETHEx_SetTxVLANConfig	12	static
stm32h7xx_hal_eth_ex.c:470:6:HAL_ETHEx_SetTxVLANIdentifier	0	static
stm32h7xx_hal_eth_ex.c:488:6:HAL_ETHEx_EnableVLANProcessing	0	static
stm32h7xx_hal_eth_ex.c:500:6:HAL_ETHEx_DisableVLANProcessing	0	static
stm32h7xx_hal_eth_ex.c:514:6:HAL_ETHEx_EnterLPIMode	0	static
stm32h7xx_hal_eth_ex.c:531:6:HAL_ETHEx_ExitLPIMode	0	static
stm32h7xx_hal_eth_ex.c:547:10:HAL_ETHEx_GetMACLPIEvent	0	static
