usbh_mtp_ptp.c:810:13:PTP_GetString	8	static
usbh_mtp_ptp.c:836:17:PTP_GetArray16	12	static
usbh_mtp_ptp.c:489:13:PTP_DecodeDeviceInfo	24	static
usbh_mtp_ptp.c:442:6:PTP_BufferFullCallback	16	static
usbh_mtp_ptp.c:683:13:PTP_GetDevicePropValue.isra.1	48	static
usbh_mtp_ptp.c:857:17:PTP_GetArray32.constprop	12	static
usbh_mtp_ptp.c:125:20:USBH_PTP_Init	0	static
usbh_mtp_ptp.c:391:20:USBH_PTP_SendRequest	16	static
usbh_mtp_ptp.c:419:20:USBH_PTP_GetResponse	0	static
usbh_mtp_ptp.c:143:20:USBH_PTP_Process	72	static
usbh_mtp_ptp.c:882:20:USBH_PTP_OpenSession	56	static
usbh_mtp_ptp.c:933:20:USBH_PTP_GetDevicePropDesc	64	static
usbh_mtp_ptp.c:995:20:USBH_PTP_GetDeviceInfo	64	static
usbh_mtp_ptp.c:1052:20:USBH_PTP_GetStorageIds	64	static
usbh_mtp_ptp.c:1109:20:USBH_PTP_GetStorageInfo	72	static
usbh_mtp_ptp.c:1167:20:USBH_PTP_GetNumObjects	64	static
usbh_mtp_ptp.c:1227:20:USBH_PTP_GetObjectHandles	64	static
usbh_mtp_ptp.c:1293:20:USBH_PTP_GetObjectInfo	64	static
usbh_mtp_ptp.c:1353:20:USBH_PTP_DeleteObject	64	static
usbh_mtp_ptp.c:1405:20:USBH_PTP_GetObject	64	static
usbh_mtp_ptp.c:1474:20:USBH_PTP_GetPartialObject	64	static
usbh_mtp_ptp.c:1548:20:USBH_PTP_GetObjectPropsSupported	64	static
usbh_mtp_ptp.c:1609:20:USBH_PTP_GetObjectPropDesc	72	static
usbh_mtp_ptp.c:1671:20:USBH_PTP_GetObjectPropList	80	static
usbh_mtp_ptp.c:1739:20:USBH_PTP_SendObject	64	static
