usbh_cdc.c:411:27:USBH_CDC_SOFProcess	0	static
usbh_cdc.c:269:20:USBH_CDC_InterfaceDeInit	16	static
usbh_cdc.c:151:27:USBH_CDC_InterfaceInit	40	static
usbh_cdc.c:310:27:USBH_CDC_ClassRequest	16	static
usbh_cdc.c:423:21:USBH_CDC_Stop	16	static
usbh_cdc.c:486:20:USBH_CDC_SetLineCoding	0	static
usbh_cdc.c:506:21:USBH_CDC_GetLineCoding	0	static
usbh_cdc.c:526:10:USBH_CDC_GetLastReceivedDataSize	8	static
usbh_cdc.c:545:21:USBH_CDC_Transmit	0	static
usbh_cdc.c:570:21:USBH_CDC_Receive	0	static
usbh_cdc.c:728:13:USBH_CDC_TransmitCallback	0	static
usbh_cdc.c:738:13:USBH_CDC_ReceiveCallback	0	static
usbh_cdc.c:748:13:USBH_CDC_LineCodingChanged	0	static
usbh_cdc.c:331:27:USBH_CDC_Process	24	static
