usbh_mtp.c:499:27:USBH_MTP_SOFProcess	0	static
usbh_mtp.c:333:20:USBH_MTP_InterfaceDeInit	16	static
usbh_mtp.c:143:27:USBH_MTP_InterfaceInit	64	static
usbh_mtp.c:373:27:USBH_MTP_ClassRequest	0	static
usbh_mtp.c:512:9:USBH_MTP_IsReady	0	static
usbh_mtp.c:525:20:USBH_MTP_GetNumStorage	0	static
usbh_mtp.c:545:20:USBH_MTP_SelectStorage	0	static
usbh_mtp.c:565:20:USBH_MTP_GetStorageInfo	8	static
usbh_mtp.c:584:20:USBH_MTP_GetNumObjects	40	static
usbh_mtp.c:617:20:USBH_MTP_GetObjectHandles	40	static
usbh_mtp.c:651:20:USBH_MTP_GetObjectInfo	24	static
usbh_mtp.c:678:20:USBH_MTP_DeleteObject	24	static
usbh_mtp.c:706:20:USBH_MTP_GetObject	24	static
usbh_mtp.c:734:20:USBH_MTP_GetPartialObject	40	static
usbh_mtp.c:770:20:USBH_MTP_GetObjectPropsSupported	32	static
usbh_mtp.c:802:20:USBH_MTP_GetObjectPropDesc	32	static
usbh_mtp.c:834:20:USBH_MTP_GetObjectPropList	32	static
usbh_mtp.c:866:20:USBH_MTP_SendObject	32	static
usbh_mtp.c:1031:20:USBH_MTP_GetDevicePropDesc	24	static
usbh_mtp.c:1057:13:USBH_MTP_EventsCallback	0	static
usbh_mtp.c:388:27:USBH_MTP_Process	24	static
