bsp_driver_sd.c:36:9:BSP_SD_Init	16	static
bsp_driver_sd.c:66:9:BSP_SD_ITConfig	0	static
bsp_driver_sd.c:84:9:BSP_SD_ReadBlocks	16	static
bsp_driver_sd.c:107:9:BSP_SD_WriteBlocks	16	static
bsp_driver_sd.c:129:9:BSP_SD_ReadBlocks_DMA	8	static
bsp_driver_sd.c:152:9:BSP_SD_WriteBlocks_DMA	8	static
bsp_driver_sd.c:174:9:BSP_SD_Erase	8	static
bsp_driver_sd.c:197:9:BSP_SD_GetCardState	8	static
bsp_driver_sd.c:207:6:BSP_SD_GetCardInfo	0	static
bsp_driver_sd.c:251:13:BSP_SD_AbortCallback	0	static
bsp_driver_sd.c:221:6:HAL_SD_AbortCallback	8	static
bsp_driver_sd.c:260:13:BSP_SD_WriteCpltCallback	0	static
bsp_driver_sd.c:231:6:HAL_SD_TxCpltCallback	8	static
bsp_driver_sd.c:269:13:BSP_SD_ReadCpltCallback	0	static
bsp_driver_sd.c:241:6:HAL_SD_RxCpltCallback	8	static
bsp_driver_sd.c:280:9:BSP_SD_IsDetected	8	static
