stm32h7xx_it.c:111:6:NMI_Handler	0	static
stm32h7xx_it.c:124:6:HardFault_Handler	0	static
stm32h7xx_it.c:139:6:MemManage_Handler	0	static
stm32h7xx_it.c:154:6:BusFault_Handler	0	static
stm32h7xx_it.c:169:6:UsageFault_Handler	0	static
stm32h7xx_it.c:184:6:SVC_Handler	0	static
stm32h7xx_it.c:197:6:DebugMon_Handler	0	static
stm32h7xx_it.c:210:6:PendSV_Handler	0	static
stm32h7xx_it.c:223:6:SysTick_Handler	8	static
stm32h7xx_it.c:245:6:PVD_AVD_IRQHandler	0	static
stm32h7xx_it.c:259:6:FLASH_IRQHandler	0	static
stm32h7xx_it.c:273:6:RCC_IRQHandler	0	static
stm32h7xx_it.c:286:6:EXTI0_IRQHandler	0	static
stm32h7xx_it.c:302:6:EXTI9_5_IRQHandler	8	static
stm32h7xx_it.c:319:6:EXTI3_IRQHandler	0	static
stm32h7xx_it.c:333:6:DMA1_Stream0_IRQHandler	8	static
stm32h7xx_it.c:351:6:DMA1_Stream1_IRQHandler	8	static
stm32h7xx_it.c:369:6:DMA1_Stream2_IRQHandler	8	static
stm32h7xx_it.c:387:6:DMA1_Stream3_IRQHandler	8	static
stm32h7xx_it.c:405:6:DMA1_Stream4_IRQHandler	0	static
stm32h7xx_it.c:420:6:DMA1_Stream5_IRQHandler	0	static
stm32h7xx_it.c:435:6:DMA1_Stream6_IRQHandler	0	static
stm32h7xx_it.c:478:6:FDCAN1_IT1_IRQHandler	0	static
stm32h7xx_it.c:450:6:FDCAN1_IT0_IRQHandler	0	static
stm32h7xx_it.c:492:6:FDCAN2_IT1_IRQHandler	0	static
stm32h7xx_it.c:464:6:FDCAN2_IT0_IRQHandler	0	static
stm32h7xx_it.c:506:6:SPI1_IRQHandler	8	static
stm32h7xx_it.c:524:6:SPI4_IRQHandler	8	static
stm32h7xx_it.c:542:6:USART2_IRQHandler	0	static
stm32h7xx_it.c:556:6:DMA1_Stream7_IRQHandler	0	static
stm32h7xx_it.c:570:6:SDMMC1_IRQHandler	0	static
stm32h7xx_it.c:584:6:DMA2_Stream0_IRQHandler	0	static
stm32h7xx_it.c:598:6:DMA2_Stream1_IRQHandler	0	static
stm32h7xx_it.c:612:6:DMA2_Stream2_IRQHandler	0	static
stm32h7xx_it.c:626:6:DMA2_Stream3_IRQHandler	0	static
stm32h7xx_it.c:654:6:ETH_WKUP_IRQHandler	0	static
stm32h7xx_it.c:640:6:ETH_IRQHandler	0	static
stm32h7xx_it.c:668:6:FDCAN_CAL_IRQHandler	8	static
stm32h7xx_it.c:711:6:OTG_HS_IRQHandler	0	static
stm32h7xx_it.c:697:6:OTG_HS_EP1_IN_IRQHandler	0	static
stm32h7xx_it.c:683:6:OTG_HS_EP1_OUT_IRQHandler	0	static
stm32h7xx_it.c:725:6:CRYP_IRQHandler	0	static
stm32h7xx_it.c:739:6:HASH_RNG_IRQHandler	8	static
stm32h7xx_it.c:754:6:FPU_IRQHandler	0	static
stm32h7xx_it.c:767:6:UART7_IRQHandler	0	static
stm32h7xx_it.c:781:6:QUADSPI_IRQHandler	0	static
stm32h7xx_it.c:795:6:I2C4_EV_IRQHandler	0	static
stm32h7xx_it.c:809:6:I2C4_ER_IRQHandler	0	static
stm32h7xx_it.c:823:6:HSEM1_IRQHandler	0	static
