usbh_conf.c:62:6:HAL_HCD_MspInit	48	static
usbh_conf.c:99:6:HAL_HCD_MspDeInit	8	static
usbh_conf.c:133:6:HAL_HCD_SOF_Callback	0	static
usbh_conf.c:143:6:HAL_HCD_Connect_Callback	0	static
usbh_conf.c:153:6:HAL_HCD_Disconnect_Callback	0	static
usbh_conf.c:165:6:HAL_HCD_HC_NotifyURBChange_Callback	0	static
usbh_conf.c:182:20:USBH_LL_Init	8	static
usbh_conf.c:213:20:USBH_LL_DeInit	8	static
usbh_conf.c:230:20:USBH_LL_Start	8	static
usbh_conf.c:247:20:USBH_LL_Stop	8	static
usbh_conf.c:264:19:USBH_LL_GetSpeed	8	static
usbh_conf.c:294:20:USBH_LL_ResetPort	8	static
usbh_conf.c:312:10:USBH_LL_GetLastXferSize	0	static
usbh_conf.c:328:20:USBH_LL_OpenPipe	24	static
usbh_conf.c:348:20:USBH_LL_ClosePipe	8	static
usbh_conf.c:387:20:USBH_LL_SubmitURB	24	static
usbh_conf.c:416:22:USBH_LL_GetURBState	0	static
usbh_conf.c:430:20:USBH_LL_DriverVBUS	8	static
usbh_conf.c:467:20:USBH_LL_SetToggle	0	static
usbh_conf.c:490:9:USBH_LL_GetToggle	0	static
usbh_conf.c:512:6:USBH_Delay	0	static
usbh_conf.c:522:20:USBH_Get_USB_Status	0	static
